<html>
<body>
<pre>
<h1>礦ision Build Log</h1>
<h2>Tool Versions:</h2>
IDE-Version: μVision V5.14.0.0
Copyright (C) 2015 ARM Ltd and ARM Germany GmbH. All rights reserved.
License Information: chen kevinchen, kevinchen, LIC=----
 
Tool Versions:
Toolchain:       MDK-Lite  Version: 5.14.0.0
Toolchain Path:  C:\Keil_v5\ARM\ARMCC\Bin
C Compiler:      Armcc.exe V5.05 update 1 (build 106)
Assembler:       Armasm.exe V5.05 update 1 (build 106)
Linker/Locator:  ArmLink.exe V5.05 update 1 (build 106)
Library Manager: ArmAr.exe V5.05 update 1 (build 106)
Hex Converter:   FromElf.exe V5.05 update 1 (build 106)
CPU DLL:         SARMCM3.DLL V5.14.0.0
Dialog DLL:      DCM.DLL V1.13.1.0
Target DLL:      STLink\ST-LINKIII-KEIL_SWO.dll V2.0.14.0_KEIL
Dialog DLL:      TCM.DLL V1.14.4.0
 
<h2>Project:</h2>
C:\Users\kevinchen\Desktop\机器人10.4\机器人8.5\Project.uvprojx
Project File Date:  09/30/2018

<h2>Output:</h2>
Build target 'STM32F10X_MD'
compiling main.c...
main\SteeringEngine.h(6): warning:  #1295-D: Deprecated declaration TIM_PWM_Init - give arg types
  void TIM_PWM_Init();
main\Tracking.h(8): warning:  #1295-D: Deprecated declaration brake - give arg types
  void brake();                   //刹车
main\main.c(893): warning:  #550-D: variable "t" was set but never used
        u8 t=0;
main\main.c(977): warning:  #1-D: last line of file ends without a newline
        }*/
main\main.c: 4 warnings, 0 errors
linking...
Program Size: Code=17884 RO-data=300 RW-data=212 ZI-data=1060  
FromELF: creating hex file...
".\obj\STM32F10X_MD.axf" - 0 Error(s), 4 Warning(s).

<h2>Software Packages used:</h2>

Package Vendor: ARM
                http://www.keil.com/pack/ARM.CMSIS.4.2.0.pack
                ARM::CMSIS:CORE:3.40.0
                CMSIS (Cortex Microcontroller Software Interface Standard)
   * Component: CORE Version: 3.40.0

<h2>Collection of Component include folders:</h2>
  C:\Users\kevinchen\Desktop\机器人10.4\机器人8.5\RTE
  C:\Keil_v5\ARM\PACK\ARM\CMSIS\4.2.0\CMSIS\Include
  C:\Keil_v5\ARM\PACK\Keil\STM32F1xx_DFP\1.0.5\Device\Include

<h2>Collection of Component Files used:</h2>

   * Component: ARM::CMSIS:CORE:3.40.0
      Source file:   CMSIS\UserCodeTemplates\ARM\ITM_Retarget.c
</pre>
</body>
</html>
