Component: ARM Compiler 5.06 update 3 (build 300) Tool: armlink [4d35c9]

==============================================================================

Section Cross References

    misc.o(i.NVIC_Init) refers to main.o(i.assert_failed) for assert_failed
    misc.o(i.NVIC_PriorityGroupConfig) refers to main.o(i.assert_failed) for assert_failed
    misc.o(i.NVIC_SetVectorTable) refers to main.o(i.assert_failed) for assert_failed
    misc.o(i.NVIC_SystemLPConfig) refers to main.o(i.assert_failed) for assert_failed
    misc.o(i.SysTick_CLKSourceConfig) refers to main.o(i.assert_failed) for assert_failed
    stm32f10x_adc.o(i.ADC_AnalogWatchdogCmd) refers to main.o(i.assert_failed) for assert_failed
    stm32f10x_adc.o(i.ADC_AnalogWatchdogSingleChannelConfig) refers to main.o(i.assert_failed) for assert_failed
    stm32f10x_adc.o(i.ADC_AnalogWatchdogThresholdsConfig) refers to main.o(i.assert_failed) for assert_failed
    stm32f10x_adc.o(i.ADC_AutoInjectedConvCmd) refers to main.o(i.assert_failed) for assert_failed
    stm32f10x_adc.o(i.ADC_ClearFlag) refers to main.o(i.assert_failed) for assert_failed
    stm32f10x_adc.o(i.ADC_ClearITPendingBit) refers to main.o(i.assert_failed) for assert_failed
    stm32f10x_adc.o(i.ADC_Cmd) refers to main.o(i.assert_failed) for assert_failed
    stm32f10x_adc.o(i.ADC_DMACmd) refers to main.o(i.assert_failed) for assert_failed
    stm32f10x_adc.o(i.ADC_DeInit) refers to main.o(i.assert_failed) for assert_failed
    stm32f10x_adc.o(i.ADC_DeInit) refers to stm32f10x_rcc.o(i.RCC_APB2PeriphResetCmd) for RCC_APB2PeriphResetCmd
    stm32f10x_adc.o(i.ADC_DiscModeChannelCountConfig) refers to main.o(i.assert_failed) for assert_failed
    stm32f10x_adc.o(i.ADC_DiscModeCmd) refers to main.o(i.assert_failed) for assert_failed
    stm32f10x_adc.o(i.ADC_ExternalTrigConvCmd) refers to main.o(i.assert_failed) for assert_failed
    stm32f10x_adc.o(i.ADC_ExternalTrigInjectedConvCmd) refers to main.o(i.assert_failed) for assert_failed
    stm32f10x_adc.o(i.ADC_ExternalTrigInjectedConvConfig) refers to main.o(i.assert_failed) for assert_failed
    stm32f10x_adc.o(i.ADC_GetCalibrationStatus) refers to main.o(i.assert_failed) for assert_failed
    stm32f10x_adc.o(i.ADC_GetConversionValue) refers to main.o(i.assert_failed) for assert_failed
    stm32f10x_adc.o(i.ADC_GetFlagStatus) refers to main.o(i.assert_failed) for assert_failed
    stm32f10x_adc.o(i.ADC_GetITStatus) refers to main.o(i.assert_failed) for assert_failed
    stm32f10x_adc.o(i.ADC_GetInjectedConversionValue) refers to main.o(i.assert_failed) for assert_failed
    stm32f10x_adc.o(i.ADC_GetResetCalibrationStatus) refers to main.o(i.assert_failed) for assert_failed
    stm32f10x_adc.o(i.ADC_GetSoftwareStartConvStatus) refers to main.o(i.assert_failed) for assert_failed
    stm32f10x_adc.o(i.ADC_GetSoftwareStartInjectedConvCmdStatus) refers to main.o(i.assert_failed) for assert_failed
    stm32f10x_adc.o(i.ADC_ITConfig) refers to main.o(i.assert_failed) for assert_failed
    stm32f10x_adc.o(i.ADC_Init) refers to main.o(i.assert_failed) for assert_failed
    stm32f10x_adc.o(i.ADC_InjectedChannelConfig) refers to main.o(i.assert_failed) for assert_failed
    stm32f10x_adc.o(i.ADC_InjectedDiscModeCmd) refers to main.o(i.assert_failed) for assert_failed
    stm32f10x_adc.o(i.ADC_InjectedSequencerLengthConfig) refers to main.o(i.assert_failed) for assert_failed
    stm32f10x_adc.o(i.ADC_RegularChannelConfig) refers to main.o(i.assert_failed) for assert_failed
    stm32f10x_adc.o(i.ADC_ResetCalibration) refers to main.o(i.assert_failed) for assert_failed
    stm32f10x_adc.o(i.ADC_SetInjectedOffset) refers to main.o(i.assert_failed) for assert_failed
    stm32f10x_adc.o(i.ADC_SoftwareStartConvCmd) refers to main.o(i.assert_failed) for assert_failed
    stm32f10x_adc.o(i.ADC_SoftwareStartInjectedConvCmd) refers to main.o(i.assert_failed) for assert_failed
    stm32f10x_adc.o(i.ADC_StartCalibration) refers to main.o(i.assert_failed) for assert_failed
    stm32f10x_adc.o(i.ADC_TempSensorVrefintCmd) refers to main.o(i.assert_failed) for assert_failed
    stm32f10x_bkp.o(i.BKP_DeInit) refers to stm32f10x_rcc.o(i.RCC_BackupResetCmd) for RCC_BackupResetCmd
    stm32f10x_bkp.o(i.BKP_ITConfig) refers to main.o(i.assert_failed) for assert_failed
    stm32f10x_bkp.o(i.BKP_RTCOutputConfig) refers to main.o(i.assert_failed) for assert_failed
    stm32f10x_bkp.o(i.BKP_ReadBackupRegister) refers to main.o(i.assert_failed) for assert_failed
    stm32f10x_bkp.o(i.BKP_SetRTCCalibrationValue) refers to main.o(i.assert_failed) for assert_failed
    stm32f10x_bkp.o(i.BKP_TamperPinCmd) refers to main.o(i.assert_failed) for assert_failed
    stm32f10x_bkp.o(i.BKP_TamperPinLevelConfig) refers to main.o(i.assert_failed) for assert_failed
    stm32f10x_bkp.o(i.BKP_WriteBackupRegister) refers to main.o(i.assert_failed) for assert_failed
    stm32f10x_can.o(i.CAN_CancelTransmit) refers to main.o(i.assert_failed) for assert_failed
[...]
    Removing stm32f10x_tim.o(i.TI2_Config), (124 bytes).
    Removing stm32f10x_tim.o(i.TIM_BDTRConfig), (252 bytes).
    Removing stm32f10x_tim.o(i.TIM_BDTRStructInit), (18 bytes).
    Removing stm32f10x_tim.o(i.TIM_CCPreloadControl), (136 bytes).
    Removing stm32f10x_tim.o(i.TIM_CCxCmd), (244 bytes).
    Removing stm32f10x_tim.o(i.TIM_CCxNCmd), (144 bytes).
    Removing stm32f10x_tim.o(i.TIM_ClearFlag), (228 bytes).
    Removing stm32f10x_tim.o(i.TIM_ClearOC1Ref), (120 bytes).
    Removing stm32f10x_tim.o(i.TIM_ClearOC2Ref), (128 bytes).
    Removing stm32f10x_tim.o(i.TIM_ClearOC3Ref), (120 bytes).
    Removing stm32f10x_tim.o(i.TIM_ClearOC4Ref), (128 bytes).
    Removing stm32f10x_tim.o(i.TIM_CounterModeConfig), (132 bytes).
    Removing stm32f10x_tim.o(i.TIM_CtrlPWMOutputs), (124 bytes).
    Removing stm32f10x_tim.o(i.TIM_DMACmd), (192 bytes).
    Removing stm32f10x_tim.o(i.TIM_DMAConfig), (332 bytes).
    Removing stm32f10x_tim.o(i.TIM_DeInit), (500 bytes).
    Removing stm32f10x_tim.o(i.TIM_ETRClockMode1Config), (184 bytes).
    Removing stm32f10x_tim.o(i.TIM_ETRClockMode2Config), (184 bytes).
    Removing stm32f10x_tim.o(i.TIM_ETRConfig), (184 bytes).
    Removing stm32f10x_tim.o(i.TIM_EncoderInterfaceConfig), (212 bytes).
    Removing stm32f10x_tim.o(i.TIM_ForcedOC1Config), (212 bytes).
    Removing stm32f10x_tim.o(i.TIM_ForcedOC2Config), (160 bytes).
    Removing stm32f10x_tim.o(i.TIM_ForcedOC3Config), (124 bytes).
    Removing stm32f10x_tim.o(i.TIM_ForcedOC4Config), (132 bytes).
    Removing stm32f10x_tim.o(i.TIM_GenerateEvent), (224 bytes).
    Removing stm32f10x_tim.o(i.TIM_GetCapture1), (184 bytes).
    Removing stm32f10x_tim.o(i.TIM_GetCapture2), (124 bytes).
    Removing stm32f10x_tim.o(i.TIM_GetCapture3), (96 bytes).
    Removing stm32f10x_tim.o(i.TIM_GetCapture4), (96 bytes).
    Removing stm32f10x_tim.o(i.TIM_GetFlagStatus), (284 bytes).
    Removing stm32f10x_tim.o(i.TIM_GetITStatus), (268 bytes).
    Removing stm32f10x_tim.o(i.TIM_GetPrescaler), (204 bytes).
    Removing stm32f10x_tim.o(i.TIM_ICInit), (756 bytes).
    Removing stm32f10x_tim.o(i.TIM_ICStructInit), (16 bytes).
    Removing stm32f10x_tim.o(i.TIM_ITRxExternalClockConfig), (164 bytes).
    Removing stm32f10x_tim.o(i.TIM_InternalClockConfig), (132 bytes).
    Removing stm32f10x_tim.o(i.TIM_OC1FastConfig), (212 bytes).
    Removing stm32f10x_tim.o(i.TIM_OC1NPolarityConfig), (116 bytes).
    Removing stm32f10x_tim.o(i.TIM_OC1PolarityConfig), (212 bytes).
    Removing stm32f10x_tim.o(i.TIM_OC2FastConfig), (160 bytes).
    Removing stm32f10x_tim.o(i.TIM_OC2NPolarityConfig), (92 bytes).
    Removing stm32f10x_tim.o(i.TIM_OC2PolarityConfig), (160 bytes).
    Removing stm32f10x_tim.o(i.TIM_OC3FastConfig), (120 bytes).
    Removing stm32f10x_tim.o(i.TIM_OC3NPolarityConfig), (92 bytes).
    Removing stm32f10x_tim.o(i.TIM_OC3PolarityConfig), (128 bytes).
    Removing stm32f10x_tim.o(i.TIM_OC4FastConfig), (128 bytes).
    Removing stm32f10x_tim.o(i.TIM_OC4PolarityConfig), (128 bytes).
    Removing stm32f10x_tim.o(i.TIM_OCStructInit), (20 bytes).
    Removing stm32f10x_tim.o(i.TIM_PWMIConfig), (224 bytes).
    Removing stm32f10x_tim.o(i.TIM_PrescalerConfig), (228 bytes).
    Removing stm32f10x_tim.o(i.TIM_SelectCCDMA), (156 bytes).
    Removing stm32f10x_tim.o(i.TIM_SelectCOM), (120 bytes).
    Removing stm32f10x_tim.o(i.TIM_SelectHallSensor), (156 bytes).
    Removing stm32f10x_tim.o(i.TIM_SelectInputTrigger), (176 bytes).
    Removing stm32f10x_tim.o(i.TIM_SelectMasterSlaveMode), (156 bytes).
    Removing stm32f10x_tim.o(i.TIM_SelectOCxM), (320 bytes).
    Removing stm32f10x_tim.o(i.TIM_SelectOnePulseMode), (236 bytes).
    Removing stm32f10x_tim.o(i.TIM_SelectOutputTrigger), (200 bytes).
    Removing stm32f10x_tim.o(i.TIM_SelectSlaveMode), (164 bytes).
    Removing stm32f10x_tim.o(i.TIM_SetAutoreload), (208 bytes).
    Removing stm32f10x_tim.o(i.TIM_SetClockDivision), (224 bytes).
    Removing stm32f10x_tim.o(i.TIM_SetCounter), (208 bytes).
    Removing stm32f10x_tim.o(i.TIM_SetIC1Prescaler), (224 bytes).
    Removing stm32f10x_tim.o(i.TIM_SetIC2Prescaler), (172 bytes).
    Removing stm32f10x_tim.o(i.TIM_SetIC3Prescaler), (132 bytes).
    Removing stm32f10x_tim.o(i.TIM_SetIC4Prescaler), (140 bytes).
    Removing stm32f10x_tim.o(i.TIM_TIxExternalClockConfig), (224 bytes).
    Removing stm32f10x_tim.o(i.TIM_TimeBaseStructInit), (18 bytes).
    Removing stm32f10x_tim.o(i.TIM_UpdateDisableConfig), (236 bytes).
    Removing stm32f10x_tim.o(i.TIM_UpdateRequestConfig), (236 bytes).
    Removing stm32f10x_usart.o(i.USART_ClockInit), (180 bytes).
    Removing stm32f10x_usart.o(i.USART_ClockStructInit), (12 bytes).
    Removing stm32f10x_usart.o(i.USART_DMACmd), (140 bytes).
    Removing stm32f10x_usart.o(i.USART_HalfDuplexCmd), (124 bytes).
    Removing stm32f10x_usart.o(i.USART_IrDACmd), (124 bytes).
    Removing stm32f10x_usart.o(i.USART_IrDAConfig), (124 bytes).
    Removing stm32f10x_usart.o(i.USART_LINBreakDetectLengthConfig), (124 bytes).
    Removing stm32f10x_usart.o(i.USART_LINCmd), (124 bytes).
    Removing stm32f10x_usart.o(i.USART_OneBitMethodCmd), (124 bytes).
    Removing stm32f10x_usart.o(i.USART_OverSampling8Cmd), (124 bytes).
    Removing stm32f10x_usart.o(i.USART_ReceiverWakeUpCmd), (124 bytes).
    Removing stm32f10x_usart.o(i.USART_SendBreak), (100 bytes).
    Removing stm32f10x_usart.o(i.USART_SetAddress), (120 bytes).
    Removing stm32f10x_usart.o(i.USART_SetGuardTime), (88 bytes).
    Removing stm32f10x_usart.o(i.USART_SetPrescaler), (108 bytes).
    Removing stm32f10x_usart.o(i.USART_SmartCardCmd), (104 bytes).
    Removing stm32f10x_usart.o(i.USART_SmartCardNACKCmd), (104 bytes).
    Removing stm32f10x_usart.o(i.USART_StructInit), (22 bytes).
    Removing stm32f10x_usart.o(i.USART_WakeUpConfig), (124 bytes).
    Removing stm32f10x_wwdg.o(i.WWDG_ClearFlag), (12 bytes).
    Removing stm32f10x_wwdg.o(i.WWDG_DeInit), (24 bytes).
    Removing stm32f10x_wwdg.o(i.WWDG_Enable), (56 bytes).
    Removing stm32f10x_wwdg.o(i.WWDG_EnableIT), (16 bytes).
    Removing stm32f10x_wwdg.o(i.WWDG_GetFlagStatus), (12 bytes).
    Removing stm32f10x_wwdg.o(i.WWDG_SetCounter), (56 bytes).
    Removing stm32f10x_wwdg.o(i.WWDG_SetPrescaler), (72 bytes).
    Removing stm32f10x_wwdg.o(i.WWDG_SetWindowValue), (72 bytes).
    Removing startup_stm32f10x_md.o(HEAP), (512 bytes).
    Removing main.o(i.abitfaster), (24 bytes).
    Removing main.o(i.abitslower), (24 bytes).
    Removing main.o(i.back_n_step_1), (196 bytes).
    Removing main.o(i.track0), (84 bytes).
    Removing main.o(i.track2_A), (84 bytes).
    Removing main.o(i.track3), (140 bytes).
    Removing main.o(.data), (1 bytes).
    Removing main.o(.data), (1 bytes).
    Removing main.o(.data), (1 bytes).
    Removing main.o(.data), (1 bytes).
    Removing main.o(.data), (4 bytes).
    Removing main.o(.data), (4 bytes).
    Removing main.o(.data), (4 bytes).
    Removing main.o(.data), (4 bytes).
    Removing main.o(.data), (4 bytes).
    Removing main.o(.data), (4 bytes).
    Removing main.o(.data), (1 bytes).
    Removing main.o(.data), (1 bytes).
    Removing main.o(.data), (1 bytes).
    Removing main.o(.data), (1 bytes).
    Removing main.o(.data), (1 bytes).
    Removing system_stm32f10x.o(i.SystemCoreClockUpdate), (104 bytes).
    Removing system_stm32f10x.o(.data), (20 bytes).
    Removing steeringengine.o(.data), (1 bytes).
    Removing rfid.o(i.GET_RFID1), (84 bytes).
    Removing rfid.o(i.GET_RFID2), (84 bytes).
    Removing rfid.o(i.RFID_WRITE), (80 bytes).
    Removing rfid.o(.data), (10 bytes).
    Removing usart.o(i._sys_exit), (2 bytes).
    Removing usart.o(.data), (1 bytes).
    Removing distance.o(.data), (4 bytes).
    Removing configuration1.o(.data), (1 bytes).
    Removing tracking.o(i.CircleLeft_B), (32 bytes).
    Removing tracking.o(i.turn_back_left), (26 bytes).
    Removing tracking.o(i.turn_back_right), (26 bytes).
    Removing dfixul.o(.text), (48 bytes).
    Removing cdrcmple.o(.text), (48 bytes).

464 unused section(s) (total 48468 bytes) removed from the image.

==============================================================================

Image Symbol Table

    Local Symbols

    Symbol Name                              Value     Ov Type        Size  Object(Section)

    ../clib/microlib/division.c              0x00000000   Number         0  uldiv.o ABSOLUTE
    ../clib/microlib/division.c              0x00000000   Number         0  uidiv.o ABSOLUTE
    ../clib/microlib/init/entry.s            0x00000000   Number         0  entry11b.o ABSOLUTE
    ../clib/microlib/init/entry.s            0x00000000   Number         0  entry10a.o ABSOLUTE
    ../clib/microlib/init/entry.s            0x00000000   Number         0  entry10b.o ABSOLUTE
    ../clib/microlib/init/entry.s            0x00000000   Number         0  entry9b.o ABSOLUTE
    ../clib/microlib/init/entry.s            0x00000000   Number         0  entry11a.o ABSOLUTE
    ../clib/microlib/init/entry.s            0x00000000   Number         0  entry2.o ABSOLUTE
    ../clib/microlib/init/entry.s            0x00000000   Number         0  entry5.o ABSOLUTE
    ../clib/microlib/init/entry.s            0x00000000   Number         0  entry7a.o ABSOLUTE
    ../clib/microlib/init/entry.s            0x00000000   Number         0  entry7b.o ABSOLUTE
    ../clib/microlib/init/entry.s            0x00000000   Number         0  entry8b.o ABSOLUTE
    ../clib/microlib/init/entry.s            0x00000000   Number         0  entry8a.o ABSOLUTE
    ../clib/microlib/init/entry.s            0x00000000   Number         0  entry.o ABSOLUTE
    ../clib/microlib/init/entry.s            0x00000000   Number         0  entry9a.o ABSOLUTE
    ../clib/microlib/longlong.c              0x00000000   Number         0  llsshr.o ABSOLUTE
    ../clib/microlib/longlong.c              0x00000000   Number         0  llshl.o ABSOLUTE
    ../clib/microlib/longlong.c              0x00000000   Number         0  llushr.o ABSOLUTE
    ../clib/microlib/printf/printf.c         0x00000000   Number         0  printfb.o ABSOLUTE
    ../clib/microlib/printf/printf.c         0x00000000   Number         0  printf0.o ABSOLUTE
    ../clib/microlib/printf/printf.c         0x00000000   Number         0  printf8.o ABSOLUTE
    ../clib/microlib/printf/printf.c         0x00000000   Number         0  printf7.o ABSOLUTE
    ../clib/microlib/printf/printf.c         0x00000000   Number         0  printf6.o ABSOLUTE
    ../clib/microlib/printf/printf.c         0x00000000   Number         0  printf5.o ABSOLUTE
    ../clib/microlib/printf/printf.c         0x00000000   Number         0  printf4.o ABSOLUTE
    ../clib/microlib/printf/printf.c         0x00000000   Number         0  printf2.o ABSOLUTE
    ../clib/microlib/printf/printf.c         0x00000000   Number         0  printfa.o ABSOLUTE
    ../clib/microlib/printf/printf.c         0x00000000   Number         0  printf1.o ABSOLUTE
    ../clib/microlib/printf/printf.c         0x00000000   Number         0  printf3.o ABSOLUTE
    ../clib/microlib/printf/stubs.s          0x00000000   Number         0  stubs.o ABSOLUTE
    ../clib/microlib/string/memset.c         0x00000000   Number         0  memseta.o ABSOLUTE
    ../clib/microlib/stubs.s                 0x00000000   Number         0  iusefp.o ABSOLUTE
    ../clib/microlib/stubs.s                 0x00000000   Number         0  useno.o ABSOLUTE
    ../fplib/microlib/f2d.c                  0x00000000   Number         0  f2d.o ABSOLUTE
    ../fplib/microlib/fpadd.c                0x00000000   Number         0  dadd.o ABSOLUTE
    ../fplib/microlib/fpadd.c                0x00000000   Number         0  fadd.o ABSOLUTE
    ../fplib/microlib/fpdiv.c                0x00000000   Number         0  ddiv.o ABSOLUTE
    ../fplib/microlib/fpepilogue.c           0x00000000   Number         0  depilogue.o ABSOLUTE
    ../fplib/microlib/fpepilogue.c           0x00000000   Number         0  fepilogue.o ABSOLUTE
    ../fplib/microlib/fpfix.c                0x00000000   Number         0  dfixi.o ABSOLUTE
    ../fplib/microlib/fpfix.c                0x00000000   Number         0  dfixul.o ABSOLUTE
    ../fplib/microlib/fpflt.c                0x00000000   Number         0  fflti.o ABSOLUTE
    ../fplib/microlib/fpflt.c                0x00000000   Number         0  dflti.o ABSOLUTE
    ../fplib/microlib/fpmul.c                0x00000000   Number         0  dmul.o ABSOLUTE
    ../fplib/microlib/fpscalb.c              0x00000000   Number         0  fscalb.o ABSOLUTE
    MDK-ARM\startup_stm32f10x_md.s           0x00000000   Number         0  startup_stm32f10x_md.o ABSOLUTE
    cdrcmple.s                               0x00000000   Number         0  cdrcmple.o ABSOLUTE
    cfcmple.s                                0x00000000   Number         0  cfcmple.o ABSOLUTE
    cfrcmple.s                               0x00000000   Number         0  cfrcmple.o ABSOLUTE
    dc.s                                     0x00000000   Number         0  dc.o ABSOLUTE
    handlers.s                               0x00000000   Number         0  handlers.o ABSOLUTE
    init.s                                   0x00000000   Number         0  init.o ABSOLUTE
    main\Configuration1.c                    0x00000000   Number         0  configuration1.o ABSOLUTE
    main\Distance.c                          0x00000000   Number         0  distance.o ABSOLUTE
    main\SteeringEngine.c                    0x00000000   Number         0  steeringengine.o ABSOLUTE
    main\Tracking.c                          0x00000000   Number         0  tracking.o ABSOLUTE
    main\delay.c                             0x00000000   Number         0  delay.o ABSOLUTE
    main\main.c                              0x00000000   Number         0  main.o ABSOLUTE
    main\rfid.c                              0x00000000   Number         0  rfid.o ABSOLUTE
    main\stm32f10x_it.c                      0x00000000   Number         0  stm32f10x_it.o ABSOLUTE
    main\sys.c                               0x00000000   Number         0  sys.o ABSOLUTE
    main\system_stm32f10x.c                  0x00000000   Number         0  system_stm32f10x.o ABSOLUTE
    main\usart.c                             0x00000000   Number         0  usart.o ABSOLUTE
    src\misc.c                               0x00000000   Number         0  misc.o ABSOLUTE
    src\stm32f10x_adc.c                      0x00000000   Number         0  stm32f10x_adc.o ABSOLUTE
    src\stm32f10x_bkp.c                      0x00000000   Number         0  stm32f10x_bkp.o ABSOLUTE
    src\stm32f10x_can.c                      0x00000000   Number         0  stm32f10x_can.o ABSOLUTE
    src\stm32f10x_cec.c                      0x00000000   Number         0  stm32f10x_cec.o ABSOLUTE
    src\stm32f10x_crc.c                      0x00000000   Number         0  stm32f10x_crc.o ABSOLUTE
    src\stm32f10x_dac.c                      0x00000000   Number         0  stm32f10x_dac.o ABSOLUTE
    src\stm32f10x_dbgmcu.c                   0x00000000   Number         0  stm32f10x_dbgmcu.o ABSOLUTE
    src\stm32f10x_dma.c                      0x00000000   Number         0  stm32f10x_dma.o ABSOLUTE
    src\stm32f10x_exti.c                     0x00000000   Number         0  stm32f10x_exti.o ABSOLUTE
    src\stm32f10x_flash.c                    0x00000000   Number         0  stm32f10x_flash.o ABSOLUTE
    src\stm32f10x_fsmc.c                     0x00000000   Number         0  stm32f10x_fsmc.o ABSOLUTE
    src\stm32f10x_gpio.c                     0x00000000   Number         0  stm32f10x_gpio.o ABSOLUTE
    src\stm32f10x_i2c.c                      0x00000000   Number         0  stm32f10x_i2c.o ABSOLUTE
    src\stm32f10x_iwdg.c                     0x00000000   Number         0  stm32f10x_iwdg.o ABSOLUTE
    src\stm32f10x_pwr.c                      0x00000000   Number         0  stm32f10x_pwr.o ABSOLUTE
    src\stm32f10x_rcc.c                      0x00000000   Number         0  stm32f10x_rcc.o ABSOLUTE
    src\stm32f10x_rtc.c                      0x00000000   Number         0  stm32f10x_rtc.o ABSOLUTE
    src\stm32f10x_sdio.c                     0x00000000   Number         0  stm32f10x_sdio.o ABSOLUTE
    src\stm32f10x_spi.c                      0x00000000   Number         0  stm32f10x_spi.o ABSOLUTE
    src\stm32f10x_tim.c                      0x00000000   Number         0  stm32f10x_tim.o ABSOLUTE
    src\stm32f10x_usart.c                    0x00000000   Number         0  stm32f10x_usart.o ABSOLUTE
    src\stm32f10x_wwdg.c                     0x00000000   Number         0  stm32f10x_wwdg.o ABSOLUTE
    RESET                                    0x08000000   Section      236  startup_stm32f10x_md.o(RESET)
    .ARM.Collect$$$$00000000                 0x080000ec   Section        0  entry.o(.ARM.Collect$$$$00000000)
    .ARM.Collect$$$$00000001                 0x080000ec   Section        4  entry2.o(.ARM.Collect$$$$00000001)
    .ARM.Collect$$$$00000004                 0x080000f0   Section        4  entry5.o(.ARM.Collect$$$$00000004)
    .ARM.Collect$$$$00000008                 0x080000f4   Section        0  entry7b.o(.ARM.Collect$$$$00000008)
    .ARM.Collect$$$$0000000A                 0x080000f4   Section        0  entry8b.o(.ARM.Collect$$$$0000000A)
    .ARM.Collect$$$$0000000B                 0x080000f4   Section        8  entry9a.o(.ARM.Collect$$$$0000000B)
    .ARM.Collect$$$$0000000D                 0x080000fc   Section        0  entry10a.o(.ARM.Collect$$$$0000000D)
    .ARM.Collect$$$$0000000F                 0x080000fc   Section        0  entry11a.o(.ARM.Collect$$$$0000000F)
    .ARM.Collect$$$$00002712                 0x080000fc   Section        4  entry2.o(.ARM.Collect$$$$00002712)
    __lit__00000000                          0x080000fc   Data           4  entry2.o(.ARM.Collect$$$$00002712)
    .text                                    0x08000100   Section       36  startup_stm32f10x_md.o(.text)
    .text                                    0x08000124   Section        0  memseta.o(.text)
    .text                                    0x08000148   Section        0  fadd.o(.text)
    .text                                    0x080001f8   Section        0  fscalb.o(.text)
    .text                                    0x08000210   Section        0  dadd.o(.text)
    .text                                    0x0800035e   Section        0  dmul.o(.text)
    .text                                    0x08000442   Section        0  ddiv.o(.text)
    .text                                    0x08000520   Section        0  fflti.o(.text)
    .text                                    0x08000532   Section        0  dflti.o(.text)
    .text                                    0x08000554   Section        0  dfixi.o(.text)
    .text                                    0x08000592   Section        0  f2d.o(.text)
    .text                                    0x080005b8   Section       20  cfcmple.o(.text)
    .text                                    0x080005cc   Section       20  cfrcmple.o(.text)
    .text                                    0x080005e0   Section        0  uidiv.o(.text)
    .text                                    0x0800060c   Section        0  llshl.o(.text)
    .text                                    0x0800062a   Section        0  llushr.o(.text)
    .text                                    0x0800064a   Section        0  llsshr.o(.text)
    .text                                    0x0800066e   Section        0  iusefp.o(.text)
    .text                                    0x0800066e   Section        0  fepilogue.o(.text)
    .text                                    0x080006dc   Section        0  depilogue.o(.text)
    .text                                    0x08000798   Section       36  init.o(.text)
    i.BusFault_Handler                       0x080007bc   Section        0  stm32f10x_it.o(i.BusFault_Handler)
    i.CarGoLeft                              0x080007c0   Section        0  tracking.o(i.CarGoLeft)
    i.CarGoLeft_1                            0x080007e0   Section        0  tracking.o(i.CarGoLeft_1)
    i.CarGoRight                             0x08000800   Section        0  tracking.o(i.CarGoRight)
    i.CarGoRight_1                           0x08000820   Section        0  tracking.o(i.CarGoRight_1)
    i.CircleLeft_R                           0x08000840   Section        0  tracking.o(i.CircleLeft_R)
    i.CircleRight_R                          0x08000860   Section        0  tracking.o(i.CircleRight_R)
    i.DIS_A_INT                              0x08000880   Section        0  distance.o(i.DIS_A_INT)
    i.DIS_A_INT_1                            0x080008a2   Section        0  distance.o(i.DIS_A_INT_1)
    i.DebugMon_Handler                       0x080008c4   Section        0  stm32f10x_it.o(i.DebugMon_Handler)
    i.EXTI0_IRQHandler                       0x080008c8   Section        0  distance.o(i.EXTI0_IRQHandler)
    i.EXTI1_IRQHandler                       0x08000990   Section        0  distance.o(i.EXTI1_IRQHandler)
    i.EXTI_ClearITPendingBit                 0x08000a58   Section        0  stm32f10x_exti.o(i.EXTI_ClearITPendingBit)
    i.EXTI_GetITStatus                       0x08000a8c   Section        0  stm32f10x_exti.o(i.EXTI_GetITStatus)
    i.EXTI_Init                              0x08000b38   Section        0  stm32f10x_exti.o(i.EXTI_Init)
    i.GET_UID1                               0x08000c08   Section        0  rfid.o(i.GET_UID1)
    i.GET_UID2                               0x08000c74   Section        0  rfid.o(i.GET_UID2)
    i.GPIOG_Configuration                    0x08000cdc   Section        0  configuration1.o(i.GPIOG_Configuration)
    i.GPIO_Configuration                     0x08000d9c   Section        0  configuration1.o(i.GPIO_Configuration)
    i.GPIO_EXTILineConfig                    0x08000e28   Section        0  stm32f10x_gpio.o(i.GPIO_EXTILineConfig)
    i.GPIO_Init                              0x08000ed8   Section        0  stm32f10x_gpio.o(i.GPIO_Init)
    i.GPIO_PinRemapConfig                    0x0800102c   Section        0  stm32f10x_gpio.o(i.GPIO_PinRemapConfig)
    i.GPIO_ReadInputDataBit                  0x08001220   Section        0  stm32f10x_gpio.o(i.GPIO_ReadInputDataBit)
    i.GPIO_ResetBits                         0x080012f8   Section        0  stm32f10x_gpio.o(i.GPIO_ResetBits)
    i.GPIO_SetBits                           0x08001378   Section        0  stm32f10x_gpio.o(i.GPIO_SetBits)
    i.GetDistance_A                          0x080013f8   Section        0  distance.o(i.GetDistance_A)
    i.GetDistance_B                          0x08001428   Section        0  distance.o(i.GetDistance_B)
    i.HardFault_Handler                      0x08001458   Section        0  stm32f10x_it.o(i.HardFault_Handler)
    i.Interrupt_init                         0x0800145c   Section        0  distance.o(i.Interrupt_init)
    i.Interrupt_init_1                       0x080014a4   Section        0  distance.o(i.Interrupt_init_1)
    i.MemManage_Handler                      0x080014ec   Section        0  stm32f10x_it.o(i.MemManage_Handler)
    i.NMI_Handler                            0x080014ee   Section        0  stm32f10x_it.o(i.NMI_Handler)
    i.NVIC_Configuration                     0x080014f0   Section        0  sys.o(i.NVIC_Configuration)
    i.NVIC_Init                              0x080014f8   Section        0  misc.o(i.NVIC_Init)
    i.NVIC_PriorityGroupConfig               0x08001598   Section        0  misc.o(i.NVIC_PriorityGroupConfig)
    i.Output_init                            0x080015e0   Section        0  distance.o(i.Output_init)
    i.Output_init_1                          0x0800160c   Section        0  distance.o(i.Output_init_1)
    i.PendSV_Handler                         0x08001638   Section        0  stm32f10x_it.o(i.PendSV_Handler)
    i.RCC_APB1PeriphClockCmd                 0x0800163c   Section        0  stm32f10x_rcc.o(i.RCC_APB1PeriphClockCmd)
    i.RCC_APB1PeriphResetCmd                 0x08001690   Section        0  stm32f10x_rcc.o(i.RCC_APB1PeriphResetCmd)
    i.RCC_APB2PeriphClockCmd                 0x080016e4   Section        0  stm32f10x_rcc.o(i.RCC_APB2PeriphClockCmd)
    i.RCC_APB2PeriphResetCmd                 0x08001738   Section        0  stm32f10x_rcc.o(i.RCC_APB2PeriphResetCmd)
    i.RCC_Configuration                      0x0800178c   Section        0  configuration1.o(i.RCC_Configuration)
    i.RCC_GetClocksFreq                      0x080017a4   Section        0  stm32f10x_rcc.o(i.RCC_GetClocksFreq)
    i.RFID_Disableantenna1                   0x08001838   Section        0  rfid.o(i.RFID_Disableantenna1)
    i.RFID_Disableantenna2                   0x08001894   Section        0  rfid.o(i.RFID_Disableantenna2)
    i.RFID_Init1                             0x080018f0   Section        0  rfid.o(i.RFID_Init1)
    i.RFID_Init2                             0x08001954   Section        0  rfid.o(i.RFID_Init2)
    i.RFID_READ1                             0x080019b0   Section        0  rfid.o(i.RFID_READ1)
    i.RFID_READ2                             0x08001a4c   Section        0  rfid.o(i.RFID_READ2)
    i.SVC_Handler                            0x08001ae0   Section        0  stm32f10x_it.o(i.SVC_Handler)
    i.SetSysClockTo72                        0x08001ae4   Section        0  system_stm32f10x.o(i.SetSysClockTo72)
    SetSysClockTo72                          0x08001ae5   Thumb Code   160  system_stm32f10x.o(i.SetSysClockTo72)
    i.SysTick_Handler                        0x08001b8c   Section        0  stm32f10x_it.o(i.SysTick_Handler)
    i.SystemInit                             0x08001b90   Section        0  system_stm32f10x.o(i.SystemInit)
    i.TIM2_IRQHandler                        0x08001be0   Section        0  distance.o(i.TIM2_IRQHandler)
    i.TIM3_IRQHandler                        0x08001bf8   Section        0  main.o(i.TIM3_IRQHandler)
    i.TIM3_Init                              0x08001d04   Section        0  main.o(i.TIM3_Init)
    i.TIM_ARRPreloadConfig                   0x08001d48   Section        0  stm32f10x_tim.o(i.TIM_ARRPreloadConfig)
    i.TIM_ClearITPendingBit                  0x08001e34   Section        0  stm32f10x_tim.o(i.TIM_ClearITPendingBit)
    i.TIM_Cmd                                0x08001f14   Section        0  stm32f10x_tim.o(i.TIM_Cmd)
    i.TIM_GetCounter                         0x08002000   Section        0  stm32f10x_tim.o(i.TIM_GetCounter)
    i.TIM_ITConfig                           0x080020cc   Section        0  stm32f10x_tim.o(i.TIM_ITConfig)
    i.TIM_OC1Init                            0x080021c8   Section        0  stm32f10x_tim.o(i.TIM_OC1Init)
    i.TIM_OC1PreloadConfig                   0x08002380   Section        0  stm32f10x_tim.o(i.TIM_OC1PreloadConfig)
    i.TIM_OC2Init                            0x08002454   Section        0  stm32f10x_tim.o(i.TIM_OC2Init)
    i.TIM_OC2PreloadConfig                   0x080025e0   Section        0  stm32f10x_tim.o(i.TIM_OC2PreloadConfig)
    i.TIM_OC3Init                            0x08002680   Section        0  stm32f10x_tim.o(i.TIM_OC3Init)
    i.TIM_OC3PreloadConfig                   0x080027e8   Section        0  stm32f10x_tim.o(i.TIM_OC3PreloadConfig)
    i.TIM_OC4Init                            0x08002860   Section        0  stm32f10x_tim.o(i.TIM_OC4Init)
    i.TIM_OC4PreloadConfig                   0x08002978   Section        0  stm32f10x_tim.o(i.TIM_OC4PreloadConfig)
    i.TIM_PWM_Init                           0x080029f8   Section        0  steeringengine.o(i.TIM_PWM_Init)
    i.TIM_SetCompare1                        0x08002a90   Section        0  stm32f10x_tim.o(i.TIM_SetCompare1)
    i.TIM_SetCompare2                        0x08002b4c   Section        0  stm32f10x_tim.o(i.TIM_SetCompare2)
    i.TIM_SetCompare3                        0x08002bcc   Section        0  stm32f10x_tim.o(i.TIM_SetCompare3)
    i.TIM_SetCompare4                        0x08002c2c   Section        0  stm32f10x_tim.o(i.TIM_SetCompare4)
    i.TIM_TimeBaseInit                       0x08002c90   Section        0  stm32f10x_tim.o(i.TIM_TimeBaseInit)
    i.USART1_IRQHandler                      0x08002dfc   Section        0  usart.o(i.USART1_IRQHandler)
    i.USART2_IRQHandler                      0x08002e64   Section        0  usart.o(i.USART2_IRQHandler)
    i.USART3_Configuration                   0x08002ecc   Section        0  main.o(i.USART3_Configuration)
    i.USART3_IRQHandler                      0x08002f20   Section        0  main.o(i.USART3_IRQHandler)
    i.USART3_RCC_Configuration               0x08002f94   Section        0  main.o(i.USART3_RCC_Configuration)
    i.USART_ClearFlag                        0x08002f9c   Section        0  stm32f10x_usart.o(i.USART_ClearFlag)
    i.USART_ClearITPendingBit                0x08003030   Section        0  stm32f10x_usart.o(i.USART_ClearITPendingBit)
    i.USART_Cmd                              0x080030e4   Section        0  stm32f10x_usart.o(i.USART_Cmd)
    i.USART_DeInit                           0x08003160   Section        0  stm32f10x_usart.o(i.USART_DeInit)
    i.USART_GetFlagStatus                    0x08003214   Section        0  stm32f10x_usart.o(i.USART_GetFlagStatus)
    i.USART_GetITStatus                      0x080032cc   Section        0  stm32f10x_usart.o(i.USART_GetITStatus)
    i.USART_ITConfig                         0x080033d8   Section        0  stm32f10x_usart.o(i.USART_ITConfig)
    i.USART_Init                             0x080034d8   Section        0  stm32f10x_usart.o(i.USART_Init)
    i.USART_ReceiveData                      0x0800367c   Section        0  stm32f10x_usart.o(i.USART_ReceiveData)
    i.USART_SendData                         0x080036dc   Section        0  stm32f10x_usart.o(i.USART_SendData)
    i.UsageFault_Handler                     0x08003750   Section        0  stm32f10x_it.o(i.UsageFault_Handler)
    i.__0printf$3                            0x08003754   Section        0  printf3.o(i.__0printf$3)
    i.__scatterload_copy                     0x08003774   Section       14  handlers.o(i.__scatterload_copy)
    i.__scatterload_null                     0x08003782   Section        2  handlers.o(i.__scatterload_null)
    i.__scatterload_zeroinit                 0x08003784   Section       14  handlers.o(i.__scatterload_zeroinit)
    i._printf_core                           0x08003794   Section        0  printf3.o(i._printf_core)
    _printf_core                             0x08003795   Thumb Code   436  printf3.o(i._printf_core)
    i.action_1                               0x0800394c   Section        0  main.o(i.action_1)
    i.action_1_1                             0x080039a0   Section        0  main.o(i.action_1_1)
    i.assert_failed                          0x080039f4   Section        0  main.o(i.assert_failed)
    i.back_n_step                            0x08003a30   Section        0  main.o(i.back_n_step)
    i.brake                                  0x08003b00   Section        0  tracking.o(i.brake)
    i.delay_nms                              0x08003b2e   Section        0  delay.o(i.delay_nms)
    i.delay_nus                              0x08003b44   Section        0  delay.o(i.delay_nus)
    i.exti_init                              0x08003b54   Section        0  distance.o(i.exti_init)
    i.exti_init_1                            0x08003b92   Section        0  distance.o(i.exti_init_1)
    i.fputc                                  0x08003bd4   Section        0  usart.o(i.fputc)
    i.go_1                                   0x08003bf8   Section        0  main.o(i.go_1)
    i.go_back_1                              0x08003c54   Section        0  main.o(i.go_back_1)
    i.go_n_step                              0x08003ca8   Section        0  main.o(i.go_n_step)
    i.go_n_step_1                            0x08003d70   Section        0  main.o(i.go_n_step_1)
    i.gobackwards                            0x08003e38   Section        0  tracking.o(i.gobackwards)
    i.goforwards                             0x08003e58   Section        0  tracking.o(i.goforwards)
    i.goforwards_distance                    0x08003e80   Section        0  main.o(i.goforwards_distance)
    i.main                                   0x08003f50   Section        0  main.o(i.main)
    i.normal                                 0x080044fc   Section        0  main.o(i.normal)
    i.nvic                                   0x08004514   Section        0  main.o(i.nvic)
    i.read1                                  0x0800457c   Section        0  main.o(i.read1)
    i.read2                                  0x080045dc   Section        0  main.o(i.read2)
    i.setWheel                               0x08004628   Section        0  steeringengine.o(i.setWheel)
    i.timer2_IRQ_init                        0x0800465c   Section        0  distance.o(i.timer2_IRQ_init)
    i.timer2_init                            0x0800467c   Section        0  distance.o(i.timer2_init)
    i.track1                                 0x080046bc   Section        0  main.o(i.track1)
    i.track2                                 0x08004710   Section        0  main.o(i.track2)
    i.turn_0                                 0x0800479c   Section        0  main.o(i.turn_0)
    i.turn_0_1                               0x080047ec   Section        0  main.o(i.turn_0_1)
    i.turn_1                                 0x0800483c   Section        0  main.o(i.turn_1)
    i.turn_1_1                               0x0800488c   Section        0  main.o(i.turn_1_1)
    i.turn_2                                 0x080048dc   Section        0  main.o(i.turn_2)
    i.turn_22                                0x08004924   Section        0  main.o(i.turn_22)
    i.turn_22_1                              0x080049b4   Section        0  main.o(i.turn_22_1)
    i.turn_2_1                               0x08004a40   Section        0  main.o(i.turn_2_1)
    i.turn_3                                 0x08004a88   Section        0  main.o(i.turn_3)
    i.turn_3_1                               0x08004ad8   Section        0  main.o(i.turn_3_1)
    i.turn_6                                 0x08004b24   Section        0  main.o(i.turn_6)
    i.turn_6_1                               0x08004bec   Section        0  main.o(i.turn_6_1)
    i.turn_left                              0x08004cb4   Section        0  tracking.o(i.turn_left)
    i.turn_right                             0x08004cdc   Section        0  tracking.o(i.turn_right)
    i.uart1_init                             0x08004d04   Section        0  usart.o(i.uart1_init)
    i.uart2_init                             0x08004da8   Section        0  usart.o(i.uart2_init)
    i.uart_receive_mydata1                   0x08004e58   Section        0  usart.o(i.uart_receive_mydata1)
    i.uart_receive_mydata2                   0x08004e80   Section        0  usart.o(i.uart_receive_mydata2)
    i.uart_send_mydata1                      0x08004ea8   Section        0  usart.o(i.uart_send_mydata1)
    i.uart_send_mydata2                      0x08004ed8   Section        0  usart.o(i.uart_send_mydata2)
    .constdata                               0x08004f08   Section       30  rfid.o(.constdata)
    .data                                    0x20000000   Section       20  stm32f10x_rcc.o(.data)
    ADCPrescTable                            0x20000000   Data           4  stm32f10x_rcc.o(.data)
    APBAHBPrescTable                         0x20000004   Data          16  stm32f10x_rcc.o(.data)
    .data                                    0x20000014   Section       68  main.o(.data)
    .data                                    0x20000058   Section        1  steeringengine.o(.data)
    .data                                    0x20000059   Section       81  rfid.o(.data)
    .data                                    0x200000aa   Section        4  usart.o(.data)
    .data                                    0x200000b0   Section        4  usart.o(.data)
    .data                                    0x200000b4   Section       40  distance.o(.data)
    .bss                                     0x200000dc   Section       30  usart.o(.bss)
    STACK                                    0x20000100   Section     1024  startup_stm32f10x_md.o(STACK)

    Global Symbols

    Symbol Name                              Value     Ov Type        Size  Object(Section)

    BuildAttributes$$THM_ISAv4$P$D$K$B$S$PE$A:L22UL41UL21$X:L11$S22US41US21$IEEE1$IW$USESV6$~STKCKD$USESV7$~SHL$OTIME$ROPI$EBA8$MICROLIB$REQ8$PRES8$EABIv2 0x00000000   Number         0  anon$$obj.o ABSOLUTE
    __ARM_use_no_argv                        0x00000000   Number         0  main.o ABSOLUTE
    __use_no_errno                           0x00000000   Number         0  useno.o ABSOLUTE
    __use_no_exception_handling              0x00000000   Number         0  useno.o ABSOLUTE
    __use_no_fp                              0x00000000   Number         0  useno.o ABSOLUTE
    __use_no_heap                            0x00000000   Number         0  useno.o ABSOLUTE
    __use_no_heap_region                     0x00000000   Number         0  useno.o ABSOLUTE
    __use_no_semihosting                     0x00000000   Number         0  useno.o ABSOLUTE
    __use_no_semihosting_swi                 0x00000000   Number         0  useno.o ABSOLUTE
    __use_no_signal_handling                 0x00000000   Number         0  useno.o ABSOLUTE
    _printf_a                                0x00000000   Number         0  stubs.o ABSOLUTE
    _printf_c                                0x00000000   Number         0  stubs.o ABSOLUTE
    _printf_charcount                        0x00000000   Number         0  stubs.o ABSOLUTE
    _printf_d                                0x00000000   Number         0  stubs.o ABSOLUTE
    _printf_e                                0x00000000   Number         0  stubs.o ABSOLUTE
    _printf_f                                0x00000000   Number         0  stubs.o ABSOLUTE
    _printf_flags                            0x00000000   Number         0  stubs.o ABSOLUTE
    _printf_fp_dec                           0x00000000   Number         0  stubs.o ABSOLUTE
    _printf_fp_hex                           0x00000000   Number         0  stubs.o ABSOLUTE
    _printf_g                                0x00000000   Number         0  stubs.o ABSOLUTE
    _printf_i                                0x00000000   Number         0  stubs.o ABSOLUTE
    _printf_int_dec                          0x00000000   Number         0  stubs.o ABSOLUTE
    _printf_l                                0x00000000   Number         0  stubs.o ABSOLUTE
    _printf_lc                               0x00000000   Number         0  stubs.o ABSOLUTE
    _printf_ll                               0x00000000   Number         0  stubs.o ABSOLUTE
    _printf_lld                              0x00000000   Number         0  stubs.o ABSOLUTE
    _printf_lli                              0x00000000   Number         0  stubs.o ABSOLUTE
    _printf_llo                              0x00000000   Number         0  stubs.o ABSOLUTE
    _printf_llu                              0x00000000   Number         0  stubs.o ABSOLUTE
    _printf_llx                              0x00000000   Number         0  stubs.o ABSOLUTE
    _printf_longlong_dec                     0x00000000   Number         0  stubs.o ABSOLUTE
    _printf_longlong_hex                     0x00000000   Number         0  stubs.o ABSOLUTE
    _printf_longlong_oct                     0x00000000   Number         0  stubs.o ABSOLUTE
    _printf_ls                               0x00000000   Number         0  stubs.o ABSOLUTE
    _printf_mbtowc                           0x00000000   Number         0  stubs.o ABSOLUTE
    _printf_n                                0x00000000   Number         0  stubs.o ABSOLUTE
    _printf_o                                0x00000000   Number         0  stubs.o ABSOLUTE
    _printf_p                                0x00000000   Number         0  stubs.o ABSOLUTE
    _printf_percent                          0x00000000   Number         0  stubs.o ABSOLUTE
    _printf_pre_padding                      0x00000000   Number         0  stubs.o ABSOLUTE
    _printf_return_value                     0x00000000   Number         0  stubs.o ABSOLUTE
    _printf_s                                0x00000000   Number         0  stubs.o ABSOLUTE
    _printf_sizespec                         0x00000000   Number         0  stubs.o ABSOLUTE
    _printf_str                              0x00000000   Number         0  stubs.o ABSOLUTE
    _printf_truncate_signed                  0x00000000   Number         0  stubs.o ABSOLUTE
    _printf_truncate_unsigned                0x00000000   Number         0  stubs.o ABSOLUTE
    _printf_u                                0x00000000   Number         0  stubs.o ABSOLUTE
    _printf_wc                               0x00000000   Number         0  stubs.o ABSOLUTE
    _printf_wctomb                           0x00000000   Number         0  stubs.o ABSOLUTE
    _printf_widthprec                        0x00000000   Number         0  stubs.o ABSOLUTE
    _printf_x                                0x00000000   Number         0  stubs.o ABSOLUTE
    __cpp_initialize__aeabi_                  - Undefined Weak Reference
    __cxa_finalize                            - Undefined Weak Reference
    __decompress                              - Undefined Weak Reference
    _clock_init                               - Undefined Weak Reference
    _microlib_exit                            - Undefined Weak Reference
    __Vectors_Size                           0x000000ec   Number         0  startup_stm32f10x_md.o ABSOLUTE
    __Vectors                                0x08000000   Data           4  startup_stm32f10x_md.o(RESET)
    __Vectors_End                            0x080000ec   Data           0  startup_stm32f10x_md.o(RESET)
    __main                                   0x080000ed   Thumb Code     0  entry.o(.ARM.Collect$$$$00000000)
    _main_stk                                0x080000ed   Thumb Code     0  entry2.o(.ARM.Collect$$$$00000001)
    _main_scatterload                        0x080000f1   Thumb Code     0  entry5.o(.ARM.Collect$$$$00000004)
    __main_after_scatterload                 0x080000f5   Thumb Code     0  entry5.o(.ARM.Collect$$$$00000004)
    _main_clock                              0x080000f5   Thumb Code     0  entry7b.o(.ARM.Collect$$$$00000008)
    _main_cpp_init                           0x080000f5   Thumb Code     0  entry8b.o(.ARM.Collect$$$$0000000A)
    _main_init                               0x080000f5   Thumb Code     0  entry9a.o(.ARM.Collect$$$$0000000B)
    __rt_final_cpp                           0x080000fd   Thumb Code     0  entry10a.o(.ARM.Collect$$$$0000000D)
    __rt_final_exit                          0x080000fd   Thumb Code     0  entry11a.o(.ARM.Collect$$$$0000000F)
    Reset_Handler                            0x08000101   Thumb Code     8  startup_stm32f10x_md.o(.text)
    ADC1_2_IRQHandler                        0x0800011b   Thumb Code     0  startup_stm32f10x_md.o(.text)
    CAN1_RX1_IRQHandler                      0x0800011b   Thumb Code     0  startup_stm32f10x_md.o(.text)
    CAN1_SCE_IRQHandler                      0x0800011b   Thumb Code     0  startup_stm32f10x_md.o(.text)
    DMA1_Channel1_IRQHandler                 0x0800011b   Thumb Code     0  startup_stm32f10x_md.o(.text)
    DMA1_Channel2_IRQHandler                 0x0800011b   Thumb Code     0  startup_stm32f10x_md.o(.text)
    DMA1_Channel3_IRQHandler                 0x0800011b   Thumb Code     0  startup_stm32f10x_md.o(.text)
    DMA1_Channel4_IRQHandler                 0x0800011b   Thumb Code     0  startup_stm32f10x_md.o(.text)
    DMA1_Channel5_IRQHandler                 0x0800011b   Thumb Code     0  startup_stm32f10x_md.o(.text)
    DMA1_Channel6_IRQHandler                 0x0800011b   Thumb Code     0  startup_stm32f10x_md.o(.text)
    DMA1_Channel7_IRQHandler                 0x0800011b   Thumb Code     0  startup_stm32f10x_md.o(.text)
    EXTI15_10_IRQHandler                     0x0800011b   Thumb Code     0  startup_stm32f10x_md.o(.text)
    EXTI2_IRQHandler                         0x0800011b   Thumb Code     0  startup_stm32f10x_md.o(.text)
    EXTI3_IRQHandler                         0x0800011b   Thumb Code     0  startup_stm32f10x_md.o(.text)
    EXTI4_IRQHandler                         0x0800011b   Thumb Code     0  startup_stm32f10x_md.o(.text)
    EXTI9_5_IRQHandler                       0x0800011b   Thumb Code     0  startup_stm32f10x_md.o(.text)
    FLASH_IRQHandler                         0x0800011b   Thumb Code     0  startup_stm32f10x_md.o(.text)
    I2C1_ER_IRQHandler                       0x0800011b   Thumb Code     0  startup_stm32f10x_md.o(.text)
    I2C1_EV_IRQHandler                       0x0800011b   Thumb Code     0  startup_stm32f10x_md.o(.text)
    I2C2_ER_IRQHandler                       0x0800011b   Thumb Code     0  startup_stm32f10x_md.o(.text)
    I2C2_EV_IRQHandler                       0x0800011b   Thumb Code     0  startup_stm32f10x_md.o(.text)
    PVD_IRQHandler                           0x0800011b   Thumb Code     0  startup_stm32f10x_md.o(.text)
    RCC_IRQHandler                           0x0800011b   Thumb Code     0  startup_stm32f10x_md.o(.text)
    RTCAlarm_IRQHandler                      0x0800011b   Thumb Code     0  startup_stm32f10x_md.o(.text)
    RTC_IRQHandler                           0x0800011b   Thumb Code     0  startup_stm32f10x_md.o(.text)
    SPI1_IRQHandler                          0x0800011b   Thumb Code     0  startup_stm32f10x_md.o(.text)
    SPI2_IRQHandler                          0x0800011b   Thumb Code     0  startup_stm32f10x_md.o(.text)
    TAMPER_IRQHandler                        0x0800011b   Thumb Code     0  startup_stm32f10x_md.o(.text)
    TIM1_BRK_IRQHandler                      0x0800011b   Thumb Code     0  startup_stm32f10x_md.o(.text)
    TIM1_CC_IRQHandler                       0x0800011b   Thumb Code     0  startup_stm32f10x_md.o(.text)
    TIM1_TRG_COM_IRQHandler                  0x0800011b   Thumb Code     0  startup_stm32f10x_md.o(.text)
    TIM1_UP_IRQHandler                       0x0800011b   Thumb Code     0  startup_stm32f10x_md.o(.text)
    TIM4_IRQHandler                          0x0800011b   Thumb Code     0  startup_stm32f10x_md.o(.text)
    USBWakeUp_IRQHandler                     0x0800011b   Thumb Code     0  startup_stm32f10x_md.o(.text)
    USB_HP_CAN1_TX_IRQHandler                0x0800011b   Thumb Code     0  startup_stm32f10x_md.o(.text)
    USB_LP_CAN1_RX0_IRQHandler               0x0800011b   Thumb Code     0  startup_stm32f10x_md.o(.text)
    WWDG_IRQHandler                          0x0800011b   Thumb Code     0  startup_stm32f10x_md.o(.text)
    __aeabi_memset                           0x08000125   Thumb Code    14  memseta.o(.text)
    __aeabi_memset4                          0x08000125   Thumb Code     0  memseta.o(.text)
    __aeabi_memset8                          0x08000125   Thumb Code     0  memseta.o(.text)
    __aeabi_memclr                           0x08000133   Thumb Code     4  memseta.o(.text)
    __aeabi_memclr4                          0x08000133   Thumb Code     0  memseta.o(.text)
    __aeabi_memclr8                          0x08000133   Thumb Code     0  memseta.o(.text)
    _memset$wrapper                          0x08000137   Thumb Code    18  memseta.o(.text)
    __aeabi_fadd                             0x08000149   Thumb Code   164  fadd.o(.text)
    __aeabi_fsub                             0x080001ed   Thumb Code     6  fadd.o(.text)
    __aeabi_frsub                            0x080001f3   Thumb Code     6  fadd.o(.text)
    __ARM_scalbnf                            0x080001f9   Thumb Code    24  fscalb.o(.text)
    scalbnf                                  0x080001f9   Thumb Code     0  fscalb.o(.text)
    __aeabi_dadd                             0x08000211   Thumb Code   322  dadd.o(.text)
    __aeabi_dsub                             0x08000353   Thumb Code     6  dadd.o(.text)
    __aeabi_drsub                            0x08000359   Thumb Code     6  dadd.o(.text)
    __aeabi_dmul                             0x0800035f   Thumb Code   228  dmul.o(.text)
    __aeabi_ddiv                             0x08000443   Thumb Code   222  ddiv.o(.text)
    __aeabi_i2f                              0x08000521   Thumb Code    18  fflti.o(.text)
    __aeabi_i2d                              0x08000533   Thumb Code    34  dflti.o(.text)
    __aeabi_d2iz                             0x08000555   Thumb Code    62  dfixi.o(.text)
    __aeabi_f2d                              0x08000593   Thumb Code    38  f2d.o(.text)
    __aeabi_cfcmpeq                          0x080005b9   Thumb Code     0  cfcmple.o(.text)
    __aeabi_cfcmple                          0x080005b9   Thumb Code    20  cfcmple.o(.text)
    __aeabi_cfrcmple                         0x080005cd   Thumb Code    20  cfrcmple.o(.text)
    __aeabi_uidiv                            0x080005e1   Thumb Code     0  uidiv.o(.text)
    __aeabi_uidivmod                         0x080005e1   Thumb Code    44  uidiv.o(.text)
    __aeabi_llsl                             0x0800060d   Thumb Code    30  llshl.o(.text)
    _ll_shift_l                              0x0800060d   Thumb Code     0  llshl.o(.text)
    __aeabi_llsr                             0x0800062b   Thumb Code    32  llushr.o(.text)
    _ll_ushift_r                             0x0800062b   Thumb Code     0  llushr.o(.text)
    __aeabi_lasr                             0x0800064b   Thumb Code    36  llsshr.o(.text)
    _ll_sshift_r                             0x0800064b   Thumb Code     0  llsshr.o(.text)
    __I$use$fp                               0x0800066f   Thumb Code     0  iusefp.o(.text)
    _float_round                             0x0800066f   Thumb Code    18  fepilogue.o(.text)
    _float_epilogue                          0x08000681   Thumb Code    92  fepilogue.o(.text)
    _double_round                            0x080006dd   Thumb Code    30  depilogue.o(.text)
    _double_epilogue                         0x080006fb   Thumb Code   156  depilogue.o(.text)
    __scatterload                            0x08000799   Thumb Code    28  init.o(.text)
    __scatterload_rt2                        0x08000799   Thumb Code     0  init.o(.text)
    BusFault_Handler                         0x080007bd   Thumb Code     2  stm32f10x_it.o(i.BusFault_Handler)
    CarGoLeft                                0x080007c1   Thumb Code    28  tracking.o(i.CarGoLeft)
    CarGoLeft_1                              0x080007e1   Thumb Code    28  tracking.o(i.CarGoLeft_1)
    CarGoRight                               0x08000801   Thumb Code    28  tracking.o(i.CarGoRight)
    CarGoRight_1                             0x08000821   Thumb Code    28  tracking.o(i.CarGoRight_1)
    CircleLeft_R                             0x08000841   Thumb Code    28  tracking.o(i.CircleLeft_R)
    CircleRight_R                            0x08000861   Thumb Code    28  tracking.o(i.CircleRight_R)
    DIS_A_INT                                0x08000881   Thumb Code    34  distance.o(i.DIS_A_INT)
    DIS_A_INT_1                              0x080008a3   Thumb Code    34  distance.o(i.DIS_A_INT_1)
    DebugMon_Handler                         0x080008c5   Thumb Code     2  stm32f10x_it.o(i.DebugMon_Handler)
    EXTI0_IRQHandler                         0x080008c9   Thumb Code   174  distance.o(i.EXTI0_IRQHandler)
    EXTI1_IRQHandler                         0x08000991   Thumb Code   174  distance.o(i.EXTI1_IRQHandler)
    EXTI_ClearITPendingBit                   0x08000a59   Thumb Code    24  stm32f10x_exti.o(i.EXTI_ClearITPendingBit)
    EXTI_GetITStatus                         0x08000a8d   Thumb Code   142  stm32f10x_exti.o(i.EXTI_GetITStatus)
    EXTI_Init                                0x08000b39   Thumb Code   180  stm32f10x_exti.o(i.EXTI_Init)
    GET_UID1                                 0x08000c09   Thumb Code   100  rfid.o(i.GET_UID1)
    GET_UID2                                 0x08000c75   Thumb Code    96  rfid.o(i.GET_UID2)
    GPIOG_Configuration                      0x08000cdd   Thumb Code   186  configuration1.o(i.GPIOG_Configuration)
    GPIO_Configuration                       0x08000d9d   Thumb Code   132  configuration1.o(i.GPIO_Configuration)
    GPIO_EXTILineConfig                      0x08000e29   Thumb Code   146  stm32f10x_gpio.o(i.GPIO_EXTILineConfig)
    GPIO_Init                                0x08000ed9   Thumb Code   288  stm32f10x_gpio.o(i.GPIO_Init)
    GPIO_PinRemapConfig                      0x0800102d   Thumb Code   406  stm32f10x_gpio.o(i.GPIO_PinRemapConfig)
    GPIO_ReadInputDataBit                    0x08001221   Thumb Code   162  stm32f10x_gpio.o(i.GPIO_ReadInputDataBit)
    GPIO_ResetBits                           0x080012f9   Thumb Code    74  stm32f10x_gpio.o(i.GPIO_ResetBits)
    GPIO_SetBits                             0x08001379   Thumb Code    74  stm32f10x_gpio.o(i.GPIO_SetBits)
    GetDistance_A                            0x080013f9   Thumb Code    38  distance.o(i.GetDistance_A)
    GetDistance_B                            0x08001429   Thumb Code    38  distance.o(i.GetDistance_B)
    HardFault_Handler                        0x08001459   Thumb Code     2  stm32f10x_it.o(i.HardFault_Handler)
    Interrupt_init                           0x0800145d   Thumb Code    62  distance.o(i.Interrupt_init)
    Interrupt_init_1                         0x080014a5   Thumb Code    62  distance.o(i.Interrupt_init_1)
    MemManage_Handler                        0x080014ed   Thumb Code     2  stm32f10x_it.o(i.MemManage_Handler)
    NMI_Handler                              0x080014ef   Thumb Code     2  stm32f10x_it.o(i.NMI_Handler)
    NVIC_Configuration                       0x080014f1   Thumb Code     8  sys.o(i.NVIC_Configuration)
    NVIC_Init                                0x080014f9   Thumb Code   142  misc.o(i.NVIC_Init)
    NVIC_PriorityGroupConfig                 0x08001599   Thumb Code    52  misc.o(i.NVIC_PriorityGroupConfig)
    Output_init                              0x080015e1   Thumb Code    38  distance.o(i.Output_init)
    Output_init_1                            0x0800160d   Thumb Code    38  distance.o(i.Output_init_1)
    PendSV_Handler                           0x08001639   Thumb Code     2  stm32f10x_it.o(i.PendSV_Handler)
    RCC_APB1PeriphClockCmd                   0x0800163d   Thumb Code    56  stm32f10x_rcc.o(i.RCC_APB1PeriphClockCmd)
    RCC_APB1PeriphResetCmd                   0x08001691   Thumb Code    56  stm32f10x_rcc.o(i.RCC_APB1PeriphResetCmd)
    RCC_APB2PeriphClockCmd                   0x080016e5   Thumb Code    56  stm32f10x_rcc.o(i.RCC_APB2PeriphClockCmd)
    RCC_APB2PeriphResetCmd                   0x08001739   Thumb Code    56  stm32f10x_rcc.o(i.RCC_APB2PeriphResetCmd)
    RCC_Configuration                        0x0800178d   Thumb Code    24  configuration1.o(i.RCC_Configuration)
    RCC_GetClocksFreq                        0x080017a5   Thumb Code   132  stm32f10x_rcc.o(i.RCC_GetClocksFreq)
    RFID_Disableantenna1                     0x08001839   Thumb Code    82  rfid.o(i.RFID_Disableantenna1)
    RFID_Disableantenna2                     0x08001895   Thumb Code    82  rfid.o(i.RFID_Disableantenna2)
    RFID_Init1                               0x080018f1   Thumb Code    90  rfid.o(i.RFID_Init1)
    RFID_Init2                               0x08001955   Thumb Code    82  rfid.o(i.RFID_Init2)
    RFID_READ1                               0x080019b1   Thumb Code   144  rfid.o(i.RFID_READ1)
    RFID_READ2                               0x08001a4d   Thumb Code   136  rfid.o(i.RFID_READ2)
    SVC_Handler                              0x08001ae1   Thumb Code     2  stm32f10x_it.o(i.SVC_Handler)
    SysTick_Handler                          0x08001b8d   Thumb Code     2  stm32f10x_it.o(i.SysTick_Handler)
    SystemInit                               0x08001b91   Thumb Code    64  system_stm32f10x.o(i.SystemInit)
    TIM2_IRQHandler                          0x08001be1   Thumb Code    20  distance.o(i.TIM2_IRQHandler)
    TIM3_IRQHandler                          0x08001bf9   Thumb Code   254  main.o(i.TIM3_IRQHandler)
    TIM3_Init                                0x08001d05   Thumb Code    64  main.o(i.TIM3_Init)
    TIM_ARRPreloadConfig                     0x08001d49   Thumb Code   152  stm32f10x_tim.o(i.TIM_ARRPreloadConfig)
    TIM_ClearITPendingBit                    0x08001e35   Thumb Code   140  stm32f10x_tim.o(i.TIM_ClearITPendingBit)
    TIM_Cmd                                  0x08001f15   Thumb Code   152  stm32f10x_tim.o(i.TIM_Cmd)
    TIM_GetCounter                           0x08002001   Thumb Code   120  stm32f10x_tim.o(i.TIM_GetCounter)
    TIM_ITConfig                             0x080020cd   Thumb Code   166  stm32f10x_tim.o(i.TIM_ITConfig)
    TIM_OC1Init                              0x080021c9   Thumb Code   364  stm32f10x_tim.o(i.TIM_OC1Init)
    TIM_OC1PreloadConfig                     0x08002381   Thumb Code   134  stm32f10x_tim.o(i.TIM_OC1PreloadConfig)
    TIM_OC2Init                              0x08002455   Thumb Code   342  stm32f10x_tim.o(i.TIM_OC2Init)
    TIM_OC2PreloadConfig                     0x080025e1   Thumb Code   106  stm32f10x_tim.o(i.TIM_OC2PreloadConfig)
    TIM_OC3Init                              0x08002681   Thumb Code   320  stm32f10x_tim.o(i.TIM_OC3Init)
    TIM_OC3PreloadConfig                     0x080027e9   Thumb Code    80  stm32f10x_tim.o(i.TIM_OC3PreloadConfig)
    TIM_OC4Init                              0x08002861   Thumb Code   238  stm32f10x_tim.o(i.TIM_OC4Init)
    TIM_OC4PreloadConfig                     0x08002979   Thumb Code    88  stm32f10x_tim.o(i.TIM_OC4PreloadConfig)
    TIM_PWM_Init                             0x080029f9   Thumb Code   148  steeringengine.o(i.TIM_PWM_Init)
    TIM_SetCompare1                          0x08002a91   Thumb Code   110  stm32f10x_tim.o(i.TIM_SetCompare1)
    TIM_SetCompare2                          0x08002b4d   Thumb Code    74  stm32f10x_tim.o(i.TIM_SetCompare2)
    TIM_SetCompare3                          0x08002bcd   Thumb Code    56  stm32f10x_tim.o(i.TIM_SetCompare3)
    TIM_SetCompare4                          0x08002c2d   Thumb Code    58  stm32f10x_tim.o(i.TIM_SetCompare4)
    TIM_TimeBaseInit                         0x08002c91   Thumb Code   280  stm32f10x_tim.o(i.TIM_TimeBaseInit)
    USART1_IRQHandler                        0x08002dfd   Thumb Code    92  usart.o(i.USART1_IRQHandler)
    USART2_IRQHandler                        0x08002e65   Thumb Code    92  usart.o(i.USART2_IRQHandler)
    USART3_Configuration                     0x08002ecd   Thumb Code    80  main.o(i.USART3_Configuration)
    USART3_IRQHandler                        0x08002f21   Thumb Code   108  main.o(i.USART3_IRQHandler)
    USART3_RCC_Configuration                 0x08002f95   Thumb Code     8  main.o(i.USART3_RCC_Configuration)
    USART_ClearFlag                          0x08002f9d   Thumb Code   102  stm32f10x_usart.o(i.USART_ClearFlag)
    USART_ClearITPendingBit                  0x08003031   Thumb Code   134  stm32f10x_usart.o(i.USART_ClearITPendingBit)
    USART_Cmd                                0x080030e5   Thumb Code    80  stm32f10x_usart.o(i.USART_Cmd)
    USART_DeInit                             0x08003161   Thumb Code   134  stm32f10x_usart.o(i.USART_DeInit)
    USART_GetFlagStatus                      0x08003215   Thumb Code   140  stm32f10x_usart.o(i.USART_GetFlagStatus)
    USART_GetITStatus                        0x080032cd   Thumb Code   222  stm32f10x_usart.o(i.USART_GetITStatus)
    USART_ITConfig                           0x080033d9   Thumb Code   210  stm32f10x_usart.o(i.USART_ITConfig)
    USART_Init                               0x080034d9   Thumb Code   370  stm32f10x_usart.o(i.USART_Init)
    USART_ReceiveData                        0x0800367d   Thumb Code    52  stm32f10x_usart.o(i.USART_ReceiveData)
    USART_SendData                           0x080036dd   Thumb Code    70  stm32f10x_usart.o(i.USART_SendData)
    UsageFault_Handler                       0x08003751   Thumb Code     2  stm32f10x_it.o(i.UsageFault_Handler)
    __0printf$3                              0x08003755   Thumb Code    22  printf3.o(i.__0printf$3)
    __1printf$3                              0x08003755   Thumb Code     0  printf3.o(i.__0printf$3)
    __2printf                                0x08003755   Thumb Code     0  printf3.o(i.__0printf$3)
    __scatterload_copy                       0x08003775   Thumb Code    14  handlers.o(i.__scatterload_copy)
    __scatterload_null                       0x08003783   Thumb Code     2  handlers.o(i.__scatterload_null)
    __scatterload_zeroinit                   0x08003785   Thumb Code    14  handlers.o(i.__scatterload_zeroinit)
    action_1                                 0x0800394d   Thumb Code    76  main.o(i.action_1)
    action_1_1                               0x080039a1   Thumb Code    76  main.o(i.action_1_1)
    assert_failed                            0x080039f5   Thumb Code    12  main.o(i.assert_failed)
    back_n_step                              0x08003a31   Thumb Code   198  main.o(i.back_n_step)
    brake                                    0x08003b01   Thumb Code    46  tracking.o(i.brake)
    delay_nms                                0x08003b2f   Thumb Code    22  delay.o(i.delay_nms)
    delay_nus                                0x08003b45   Thumb Code    16  delay.o(i.delay_nus)
    exti_init                                0x08003b55   Thumb Code    62  distance.o(i.exti_init)
    exti_init_1                              0x08003b93   Thumb Code    64  distance.o(i.exti_init_1)
    fputc                                    0x08003bd5   Thumb Code    30  usart.o(i.fputc)
    go_1                                     0x08003bf9   Thumb Code    82  main.o(i.go_1)
    go_back_1                                0x08003c55   Thumb Code    74  main.o(i.go_back_1)
    go_n_step                                0x08003ca9   Thumb Code   192  main.o(i.go_n_step)
    go_n_step_1                              0x08003d71   Thumb Code   192  main.o(i.go_n_step_1)
    gobackwards                              0x08003e39   Thumb Code    28  tracking.o(i.gobackwards)
    goforwards                               0x08003e59   Thumb Code    30  tracking.o(i.goforwards)
    goforwards_distance                      0x08003e81   Thumb Code   208  main.o(i.goforwards_distance)
    main                                     0x08003f51   Thumb Code  1442  main.o(i.main)
    normal                                   0x080044fd   Thumb Code    20  main.o(i.normal)
    nvic                                     0x08004515   Thumb Code   104  main.o(i.nvic)
    read1                                    0x0800457d   Thumb Code    90  main.o(i.read1)
    read2                                    0x080045dd   Thumb Code    76  main.o(i.read2)
    setWheel                                 0x08004629   Thumb Code    44  steeringengine.o(i.setWheel)
    timer2_IRQ_init                          0x0800465d   Thumb Code    32  distance.o(i.timer2_IRQ_init)
    timer2_init                              0x0800467d   Thumb Code    64  distance.o(i.timer2_init)
    track1                                   0x080046bd   Thumb Code    74  main.o(i.track1)
    track2                                   0x08004711   Thumb Code   130  main.o(i.track2)
    turn_0                                   0x0800479d   Thumb Code    70  main.o(i.turn_0)
    turn_0_1                                 0x080047ed   Thumb Code    70  main.o(i.turn_0_1)
    turn_1                                   0x0800483d   Thumb Code    70  main.o(i.turn_1)
    turn_1_1                                 0x0800488d   Thumb Code    70  main.o(i.turn_1_1)
    turn_2                                   0x080048dd   Thumb Code    64  main.o(i.turn_2)
    turn_22                                  0x08004925   Thumb Code   136  main.o(i.turn_22)
    turn_22_1                                0x080049b5   Thumb Code   132  main.o(i.turn_22_1)
    turn_2_1                                 0x08004a41   Thumb Code    64  main.o(i.turn_2_1)
    turn_3                                   0x08004a89   Thumb Code    72  main.o(i.turn_3)
    turn_3_1                                 0x08004ad9   Thumb Code    68  main.o(i.turn_3_1)
    turn_6                                   0x08004b25   Thumb Code   190  main.o(i.turn_6)
    turn_6_1                                 0x08004bed   Thumb Code   190  main.o(i.turn_6_1)
    turn_left                                0x08004cb5   Thumb Code    30  tracking.o(i.turn_left)
    turn_right                               0x08004cdd   Thumb Code    30  tracking.o(i.turn_right)
    uart1_init                               0x08004d05   Thumb Code   156  usart.o(i.uart1_init)
    uart2_init                               0x08004da9   Thumb Code   166  usart.o(i.uart2_init)
    uart_receive_mydata1                     0x08004e59   Thumb Code    30  usart.o(i.uart_receive_mydata1)
    uart_receive_mydata2                     0x08004e81   Thumb Code    30  usart.o(i.uart_receive_mydata2)
    uart_send_mydata1                        0x08004ea9   Thumb Code    44  usart.o(i.uart_send_mydata1)
    uart_send_mydata2                        0x08004ed9   Thumb Code    44  usart.o(i.uart_send_mydata2)
    Region$$Table$$Base                      0x08004f28   Number         0  anon$$obj.o(Region$$Table)
    Region$$Table$$Limit                     0x08004f48   Number         0  anon$$obj.o(Region$$Table)
    success                                  0x20000014   Data           1  main.o(.data)
    duoji_success                            0x20000015   Data           1  main.o(.data)
    mission                                  0x20000016   Data           1  main.o(.data)
    a                                        0x20000017   Data           1  main.o(.data)
    carpos                                   0x20000018   Data           1  main.o(.data)
    flag_count                               0x20000019   Data           1  main.o(.data)
    temp1                                    0x2000001a   Data           1  main.o(.data)
    temp2                                    0x2000001b   Data           1  main.o(.data)
    RxData                                   0x2000001c   Data           1  main.o(.data)
    f1                                       0x2000001d   Data           1  main.o(.data)
    f2                                       0x2000001e   Data           1  main.o(.data)
    f3                                       0x2000001f   Data           1  main.o(.data)
    f4                                       0x20000020   Data           1  main.o(.data)
    f5                                       0x20000021   Data           1  main.o(.data)
    f6                                       0x20000022   Data           1  main.o(.data)
    f11                                      0x20000023   Data           1  main.o(.data)
    f9                                       0x20000024   Data           1  main.o(.data)
    f12                                      0x20000025   Data           1  main.o(.data)
    t1                                       0x20000026   Data           1  main.o(.data)
    t2                                       0x20000027   Data           1  main.o(.data)
    t3                                       0x20000028   Data           1  main.o(.data)
    t4                                       0x20000029   Data           1  main.o(.data)
    high_flag1                               0x2000002a   Data           1  main.o(.data)
    high_flag2                               0x2000002b   Data           1  main.o(.data)
    speed_low                                0x2000002c   Data           2  main.o(.data)
    speed_l                                  0x2000002e   Data           2  main.o(.data)
    speed_r                                  0x20000030   Data           2  main.o(.data)
    speed_high                               0x20000032   Data           2  main.o(.data)
    i                                        0x20000034   Data           4  main.o(.data)
    dis_1                                    0x20000038   Data           4  main.o(.data)
    dis_11                                   0x2000003c   Data           4  main.o(.data)
    dis_12                                   0x20000040   Data           4  main.o(.data)
    ruo                                      0x20000044   Data           4  main.o(.data)
    xi                                       0x20000048   Data           4  main.o(.data)
    wu                                       0x2000004c   Data           4  main.o(.data)
    shuang                                   0x20000050   Data           4  main.o(.data)
    t                                        0x20000054   Data           4  main.o(.data)
    zhang                                    0x20000058   Data           1  steeringengine.o(.data)
    RFID_init_data                           0x20000059   Data          10  rfid.o(.data)
    Get_uid_data                             0x20000063   Data           9  rfid.o(.data)
    RFID_READ_data                           0x2000006c   Data          20  rfid.o(.data)
    Disable_antenna_data                     0x20000080   Data          10  rfid.o(.data)
    RFID_WRITE_data                          0x2000008a   Data          23  rfid.o(.data)
    RFID                                     0x200000a1   Data           9  rfid.o(.data)
    len                                      0x200000aa   Data           1  usart.o(.data)
    USART_RX_STA                             0x200000ac   Data           2  usart.o(.data)
    __stdout                                 0x200000b0   Data           4  usart.o(.data)
    distance_mm                              0x200000b4   Data           4  distance.o(.data)
    distance_mm_1                            0x200000b8   Data           4  distance.o(.data)
    time_us                                  0x200000bc   Data           4  distance.o(.data)
    time_us_1                                0x200000c0   Data           4  distance.o(.data)
    counter                                  0x200000c4   Data           4  distance.o(.data)
    ReadValue                                0x200000c8   Data           4  distance.o(.data)
    ReadValue_1                              0x200000cc   Data           4  distance.o(.data)
    T                                        0x200000d0   Data           4  distance.o(.data)
    hu                                       0x200000d4   Data           4  distance.o(.data)
    rui                                      0x200000d8   Data           4  distance.o(.data)
    USART_RX_BUF                             0x200000dc   Data          30  usart.o(.bss)
    __initial_sp                             0x20000500   Data           0  startup_stm32f10x_md.o(STACK)



==============================================================================

Memory Map of the image

  Image Entry point : 0x08000101

  Load Region LR_1 (Base: 0x08000000, Size: 0x00005024, Max: 0xffffffff, ABSOLUTE)

    Execution Region ER_RO (Base: 0x08000000, Size: 0x00004f48, Max: 0xffffffff, ABSOLUTE)

    Base Addr    Size         Type   Attr      Idx    E Section Name        Object

    0x08000000   0x000000ec   Data   RO         3045    RESET               startup_stm32f10x_md.o
    0x080000ec   0x00000000   Code   RO         3858  * .ARM.Collect$$$$00000000  mc_w.l(entry.o)
    0x080000ec   0x00000004   Code   RO         4146    .ARM.Collect$$$$00000001  mc_w.l(entry2.o)
    0x080000f0   0x00000004   Code   RO         4149    .ARM.Collect$$$$00000004  mc_w.l(entry5.o)
    0x080000f4   0x00000000   Code   RO         4151    .ARM.Collect$$$$00000008  mc_w.l(entry7b.o)
    0x080000f4   0x00000000   Code   RO         4153    .ARM.Collect$$$$0000000A  mc_w.l(entry8b.o)
    0x080000f4   0x00000008   Code   RO         4154    .ARM.Collect$$$$0000000B  mc_w.l(entry9a.o)
    0x080000fc   0x00000000   Code   RO         4156    .ARM.Collect$$$$0000000D  mc_w.l(entry10a.o)
    0x080000fc   0x00000000   Code   RO         4158    .ARM.Collect$$$$0000000F  mc_w.l(entry11a.o)
    0x080000fc   0x00000004   Code   RO         4147    .ARM.Collect$$$$00002712  mc_w.l(entry2.o)
    0x08000100   0x00000024   Code   RO         3046  * .text               startup_stm32f10x_md.o
    0x08000124   0x00000024   Code   RO         3861    .text               mc_w.l(memseta.o)
    0x08000148   0x000000b0   Code   RO         4124    .text               mf_w.l(fadd.o)
    0x080001f8   0x00000018   Code   RO         4126    .text               mf_w.l(fscalb.o)
    0x08000210   0x0000014e   Code   RO         4128    .text               mf_w.l(dadd.o)
    0x0800035e   0x000000e4   Code   RO         4130    .text               mf_w.l(dmul.o)
    0x08000442   0x000000de   Code   RO         4132    .text               mf_w.l(ddiv.o)
    0x08000520   0x00000012   Code   RO         4134    .text               mf_w.l(fflti.o)
    0x08000532   0x00000022   Code   RO         4136    .text               mf_w.l(dflti.o)
    0x08000554   0x0000003e   Code   RO         4138    .text               mf_w.l(dfixi.o)
    0x08000592   0x00000026   Code   RO         4140    .text               mf_w.l(f2d.o)
    0x080005b8   0x00000014   Code   RO         4142    .text               mf_w.l(cfcmple.o)
    0x080005cc   0x00000014   Code   RO         4144    .text               mf_w.l(cfrcmple.o)
    0x080005e0   0x0000002c   Code   RO         4160    .text               mc_w.l(uidiv.o)
    0x0800060c   0x0000001e   Code   RO         4164    .text               mc_w.l(llshl.o)
    0x0800062a   0x00000020   Code   RO         4166    .text               mc_w.l(llushr.o)
    0x0800064a   0x00000024   Code   RO         4168    .text               mc_w.l(llsshr.o)
    0x0800066e   0x00000000   Code   RO         4170    .text               mc_w.l(iusefp.o)
    0x0800066e   0x0000006e   Code   RO         4171    .text               mf_w.l(fepilogue.o)
    0x080006dc   0x000000ba   Code   RO         4173    .text               mf_w.l(depilogue.o)
    0x08000796   0x00000002   PAD
    0x08000798   0x00000024   Code   RO         4179    .text               mc_w.l(init.o)
    0x080007bc   0x00000002   Code   RO         3341    i.BusFault_Handler  stm32f10x_it.o
    0x080007be   0x00000002   PAD
    0x080007c0   0x00000020   Code   RO         3767    i.CarGoLeft         tracking.o
    0x080007e0   0x00000020   Code   RO         3768    i.CarGoLeft_1       tracking.o
    0x08000800   0x00000020   Code   RO         3769    i.CarGoRight        tracking.o
    0x08000820   0x00000020   Code   RO         3770    i.CarGoRight_1      tracking.o
    0x08000840   0x00000020   Code   RO         3772    i.CircleLeft_R      tracking.o
    0x08000860   0x00000020   Code   RO         3773    i.CircleRight_R     tracking.o
    0x08000880   0x00000022   Code   RO         3641    i.DIS_A_INT         distance.o
    0x080008a2   0x00000022   Code   RO         3642    i.DIS_A_INT_1       distance.o
    0x080008c4   0x00000002   Code   RO         3342    i.DebugMon_Handler  stm32f10x_it.o
    0x080008c6   0x00000002   PAD
    0x080008c8   0x000000c8   Code   RO         3643    i.EXTI0_IRQHandler  distance.o
    0x08000990   0x000000c8   Code   RO         3644    i.EXTI1_IRQHandler  distance.o
    0x08000a58   0x00000034   Code   RO          887    i.EXTI_ClearITPendingBit  stm32f10x_exti.o
    0x08000a8c   0x000000ac   Code   RO          891    i.EXTI_GetITStatus  stm32f10x_exti.o
    0x08000b38   0x000000d0   Code   RO          892    i.EXTI_Init         stm32f10x_exti.o
    0x08000c08   0x0000006c   Code   RO         3475    i.GET_UID1          rfid.o
    0x08000c74   0x00000068   Code   RO         3476    i.GET_UID2          rfid.o
    0x08000cdc   0x000000c0   Code   RO         3739    i.GPIOG_Configuration  configuration1.o
    0x08000d9c   0x0000008c   Code   RO         3740    i.GPIO_Configuration  configuration1.o
    0x08000e28   0x000000b0   Code   RO         1235    i.GPIO_EXTILineConfig  stm32f10x_gpio.o
    0x08000ed8   0x00000154   Code   RO         1238    i.GPIO_Init         stm32f10x_gpio.o
    0x0800102c   0x000001f4   Code   RO         1240    i.GPIO_PinRemapConfig  stm32f10x_gpio.o
    0x08001220   0x000000d8   Code   RO         1242    i.GPIO_ReadInputDataBit  stm32f10x_gpio.o
    0x080012f8   0x00000080   Code   RO         1245    i.GPIO_ResetBits    stm32f10x_gpio.o
    0x08001378   0x00000080   Code   RO         1246    i.GPIO_SetBits      stm32f10x_gpio.o
    0x080013f8   0x00000030   Code   RO         3645    i.GetDistance_A     distance.o
    0x08001428   0x00000030   Code   RO         3646    i.GetDistance_B     distance.o
    0x08001458   0x00000002   Code   RO         3343    i.HardFault_Handler  stm32f10x_it.o
    0x0800145a   0x00000002   PAD
    0x0800145c   0x00000048   Code   RO         3647    i.Interrupt_init    distance.o
    0x080014a4   0x00000048   Code   RO         3648    i.Interrupt_init_1  distance.o
    0x080014ec   0x00000002   Code   RO         3344    i.MemManage_Handler  stm32f10x_it.o
    0x080014ee   0x00000002   Code   RO         3345    i.NMI_Handler       stm32f10x_it.o
    0x080014f0   0x00000008   Code   RO         3550    i.NVIC_Configuration  sys.o
    0x080014f8   0x000000a0   Code   RO            1    i.NVIC_Init         misc.o
    0x08001598   0x00000048   Code   RO            2    i.NVIC_PriorityGroupConfig  misc.o
    0x080015e0   0x0000002c   Code   RO         3649    i.Output_init       distance.o
    0x0800160c   0x0000002c   Code   RO         3650    i.Output_init_1     distance.o
    0x08001638   0x00000002   Code   RO         3346    i.PendSV_Handler    stm32f10x_it.o
    0x0800163a   0x00000002   PAD
    0x0800163c   0x00000054   Code   RO         1654    i.RCC_APB1PeriphClockCmd  stm32f10x_rcc.o
    0x08001690   0x00000054   Code   RO         1655    i.RCC_APB1PeriphResetCmd  stm32f10x_rcc.o
    0x080016e4   0x00000054   Code   RO         1656    i.RCC_APB2PeriphClockCmd  stm32f10x_rcc.o
    0x08001738   0x00000054   Code   RO         1657    i.RCC_APB2PeriphResetCmd  stm32f10x_rcc.o
    0x0800178c   0x00000018   Code   RO         3741    i.RCC_Configuration  configuration1.o
    0x080017a4   0x00000094   Code   RO         1664    i.RCC_GetClocksFreq  stm32f10x_rcc.o
    0x08001838   0x0000005c   Code   RO         3477    i.RFID_Disableantenna1  rfid.o
    0x08001894   0x0000005c   Code   RO         3478    i.RFID_Disableantenna2  rfid.o
    0x080018f0   0x00000064   Code   RO         3479    i.RFID_Init1        rfid.o
    0x08001954   0x0000005c   Code   RO         3480    i.RFID_Init2        rfid.o
    0x080019b0   0x0000009c   Code   RO         3481    i.RFID_READ1        rfid.o
    0x08001a4c   0x00000094   Code   RO         3482    i.RFID_READ2        rfid.o
    0x08001ae0   0x00000002   Code   RO         3347    i.SVC_Handler       stm32f10x_it.o
    0x08001ae2   0x00000002   PAD
    0x08001ae4   0x000000a8   Code   RO         3404    i.SetSysClockTo72   system_stm32f10x.o
    0x08001b8c   0x00000002   Code   RO         3348    i.SysTick_Handler   stm32f10x_it.o
    0x08001b8e   0x00000002   PAD
    0x08001b90   0x00000050   Code   RO         3406    i.SystemInit        system_stm32f10x.o
    0x08001be0   0x00000018   Code   RO         3651    i.TIM2_IRQHandler   distance.o
    0x08001bf8   0x0000010c   Code   RO         3051    i.TIM3_IRQHandler   main.o
    0x08001d04   0x00000044   Code   RO         3052    i.TIM3_Init         main.o
    0x08001d48   0x000000ec   Code   RO         2273    i.TIM_ARRPreloadConfig  stm32f10x_tim.o
    0x08001e34   0x000000e0   Code   RO         2280    i.TIM_ClearITPendingBit  stm32f10x_tim.o
    0x08001f14   0x000000ec   Code   RO         2285    i.TIM_Cmd           stm32f10x_tim.o
    0x08002000   0x000000cc   Code   RO         2304    i.TIM_GetCounter    stm32f10x_tim.o
    0x080020cc   0x000000fc   Code   RO         2310    i.TIM_ITConfig      stm32f10x_tim.o
    0x080021c8   0x000001b8   Code   RO         2314    i.TIM_OC1Init       stm32f10x_tim.o
    0x08002380   0x000000d4   Code   RO         2317    i.TIM_OC1PreloadConfig  stm32f10x_tim.o
    0x08002454   0x0000018c   Code   RO         2319    i.TIM_OC2Init       stm32f10x_tim.o
    0x080025e0   0x000000a0   Code   RO         2322    i.TIM_OC2PreloadConfig  stm32f10x_tim.o
    0x08002680   0x00000168   Code   RO         2324    i.TIM_OC3Init       stm32f10x_tim.o
    0x080027e8   0x00000078   Code   RO         2327    i.TIM_OC3PreloadConfig  stm32f10x_tim.o
    0x08002860   0x00000118   Code   RO         2329    i.TIM_OC4Init       stm32f10x_tim.o
    0x08002978   0x00000080   Code   RO         2331    i.TIM_OC4PreloadConfig  stm32f10x_tim.o
    0x080029f8   0x00000098   Code   RO         3451    i.TIM_PWM_Init      steeringengine.o
    0x08002a90   0x000000bc   Code   RO         2346    i.TIM_SetCompare1   stm32f10x_tim.o
    0x08002b4c   0x00000080   Code   RO         2347    i.TIM_SetCompare2   stm32f10x_tim.o
    0x08002bcc   0x00000060   Code   RO         2348    i.TIM_SetCompare3   stm32f10x_tim.o
    0x08002c2c   0x00000064   Code   RO         2349    i.TIM_SetCompare4   stm32f10x_tim.o
    0x08002c90   0x0000016c   Code   RO         2356    i.TIM_TimeBaseInit  stm32f10x_tim.o
    0x08002dfc   0x00000068   Code   RO         3562    i.USART1_IRQHandler  usart.o
    0x08002e64   0x00000068   Code   RO         3563    i.USART2_IRQHandler  usart.o
    0x08002ecc   0x00000054   Code   RO         3053    i.USART3_Configuration  main.o
    0x08002f20   0x00000074   Code   RO         3054    i.USART3_IRQHandler  main.o
    0x08002f94   0x00000008   Code   RO         3055    i.USART3_RCC_Configuration  main.o
    0x08002f9c   0x00000094   Code   RO         2809    i.USART_ClearFlag   stm32f10x_usart.o
    0x08003030   0x000000b4   Code   RO         2810    i.USART_ClearITPendingBit  stm32f10x_usart.o
    0x080030e4   0x0000007c   Code   RO         2813    i.USART_Cmd         stm32f10x_usart.o
    0x08003160   0x000000b4   Code   RO         2815    i.USART_DeInit      stm32f10x_usart.o
    0x08003214   0x000000b8   Code   RO         2816    i.USART_GetFlagStatus  stm32f10x_usart.o
    0x080032cc   0x0000010c   Code   RO         2817    i.USART_GetITStatus  stm32f10x_usart.o
    0x080033d8   0x00000100   Code   RO         2819    i.USART_ITConfig    stm32f10x_usart.o
    0x080034d8   0x000001a4   Code   RO         2820    i.USART_Init        stm32f10x_usart.o
    0x0800367c   0x00000060   Code   RO         2827    i.USART_ReceiveData  stm32f10x_usart.o
    0x080036dc   0x00000074   Code   RO         2830    i.USART_SendData    stm32f10x_usart.o
    0x08003750   0x00000002   Code   RO         3349    i.UsageFault_Handler  stm32f10x_it.o
    0x08003752   0x00000002   PAD
    0x08003754   0x00000020   Code   RO         3952    i.__0printf$3       mc_w.l(printf3.o)
    0x08003774   0x0000000e   Code   RO         4183    i.__scatterload_copy  mc_w.l(handlers.o)
    0x08003782   0x00000002   Code   RO         4184    i.__scatterload_null  mc_w.l(handlers.o)
    0x08003784   0x0000000e   Code   RO         4185    i.__scatterload_zeroinit  mc_w.l(handlers.o)
    0x08003792   0x00000002   PAD
    0x08003794   0x000001b8   Code   RO         3959    i._printf_core      mc_w.l(printf3.o)
    0x0800394c   0x00000054   Code   RO         3058    i.action_1          main.o
    0x080039a0   0x00000054   Code   RO         3059    i.action_1_1        main.o
    0x080039f4   0x0000003c   Code   RO         3060    i.assert_failed     main.o
    0x08003a30   0x000000d0   Code   RO         3061    i.back_n_step       main.o
    0x08003b00   0x0000002e   Code   RO         3774    i.brake             tracking.o
    0x08003b2e   0x00000016   Code   RO         3433    i.delay_nms         delay.o
    0x08003b44   0x00000010   Code   RO         3434    i.delay_nus         delay.o
    0x08003b54   0x0000003e   Code   RO         3652    i.exti_init         distance.o
    0x08003b92   0x00000040   Code   RO         3653    i.exti_init_1       distance.o
    0x08003bd2   0x00000002   PAD
    0x08003bd4   0x00000024   Code   RO         3565    i.fputc             usart.o
    0x08003bf8   0x0000005c   Code   RO         3063    i.go_1              main.o
    0x08003c54   0x00000054   Code   RO         3064    i.go_back_1         main.o
    0x08003ca8   0x000000c8   Code   RO         3065    i.go_n_step         main.o
    0x08003d70   0x000000c8   Code   RO         3066    i.go_n_step_1       main.o
    0x08003e38   0x00000020   Code   RO         3775    i.gobackwards       tracking.o
    0x08003e58   0x00000028   Code   RO         3776    i.goforwards        tracking.o
    0x08003e80   0x000000d0   Code   RO         3067    i.goforwards_distance  main.o
    0x08003f50   0x000005ac   Code   RO         3068    i.main              main.o
    0x080044fc   0x00000018   Code   RO         3069    i.normal            main.o
    0x08004514   0x00000068   Code   RO         3070    i.nvic              main.o
    0x0800457c   0x00000060   Code   RO         3071    i.read1             main.o
    0x080045dc   0x0000004c   Code   RO         3072    i.read2             main.o
    0x08004628   0x00000034   Code   RO         3452    i.setWheel          steeringengine.o
    0x0800465c   0x00000020   Code   RO         3654    i.timer2_IRQ_init   distance.o
    0x0800467c   0x00000040   Code   RO         3655    i.timer2_init       distance.o
    0x080046bc   0x00000054   Code   RO         3074    i.track1            main.o
    0x08004710   0x0000008c   Code   RO         3075    i.track2            main.o
    0x0800479c   0x00000050   Code   RO         3078    i.turn_0            main.o
    0x080047ec   0x00000050   Code   RO         3079    i.turn_0_1          main.o
    0x0800483c   0x00000050   Code   RO         3080    i.turn_1            main.o
    0x0800488c   0x00000050   Code   RO         3081    i.turn_1_1          main.o
    0x080048dc   0x00000048   Code   RO         3082    i.turn_2            main.o
    0x08004924   0x00000090   Code   RO         3083    i.turn_22           main.o
    0x080049b4   0x0000008c   Code   RO         3084    i.turn_22_1         main.o
    0x08004a40   0x00000048   Code   RO         3085    i.turn_2_1          main.o
    0x08004a88   0x00000050   Code   RO         3086    i.turn_3            main.o
    0x08004ad8   0x0000004c   Code   RO         3087    i.turn_3_1          main.o
    0x08004b24   0x000000c8   Code   RO         3088    i.turn_6            main.o
    0x08004bec   0x000000c8   Code   RO         3089    i.turn_6_1          main.o
    0x08004cb4   0x00000028   Code   RO         3779    i.turn_left         tracking.o
    0x08004cdc   0x00000028   Code   RO         3780    i.turn_right        tracking.o
    0x08004d04   0x000000a4   Code   RO         3566    i.uart1_init        usart.o
    0x08004da8   0x000000b0   Code   RO         3567    i.uart2_init        usart.o
    0x08004e58   0x00000028   Code   RO         3568    i.uart_receive_mydata1  usart.o
    0x08004e80   0x00000028   Code   RO         3569    i.uart_receive_mydata2  usart.o
    0x08004ea8   0x00000030   Code   RO         3570    i.uart_send_mydata1  usart.o
    0x08004ed8   0x00000030   Code   RO         3571    i.uart_send_mydata2  usart.o
    0x08004f08   0x0000001e   Data   RO         3484    .constdata          rfid.o
    0x08004f26   0x00000002   PAD
    0x08004f28   0x00000020   Data   RO         4181    Region$$Table       anon$$obj.o


    Execution Region ER_RW (Base: 0x20000000, Size: 0x000000dc, Max: 0xffffffff, ABSOLUTE)

    Base Addr    Size         Type   Attr      Idx    E Section Name        Object

    0x20000000   0x00000014   Data   RW         1684    .data               stm32f10x_rcc.o
    0x20000014   0x00000044   Data   RW         3090    .data               main.o
    0x20000058   0x00000001   Data   RW         3453    .data               steeringengine.o
    0x20000059   0x00000051   Data   RW         3485    .data               rfid.o
    0x200000aa   0x00000004   Data   RW         3573    .data               usart.o
    0x200000ae   0x00000002   PAD
    0x200000b0   0x00000004   Data   RW         3575    .data               usart.o
    0x200000b4   0x00000028   Data   RW         3656    .data               distance.o


    Execution Region ER_ZI (Base: 0x200000dc, Size: 0x00000424, Max: 0xffffffff, ABSOLUTE)

    Base Addr    Size         Type   Attr      Idx    E Section Name        Object

    0x200000dc   0x0000001e   Zero   RW         3572    .bss                usart.o
    0x200000fa   0x00000006   PAD
    0x20000100   0x00000400   Zero   RW         3043    STACK               startup_stm32f10x_md.o


==============================================================================

Image component sizes


      Code (inc. data)   RO Data    RW Data    ZI Data      Debug   Object Name

       356         14          0          0          0       1595   configuration1.o
        38          0          0          0          0       1124   delay.o
      1042        108          0         40          0       7945   distance.o
      5044        312          0         68          0      20639   main.o
       232         38          0          0          0     254503   misc.o
       892         80         30         81          0       6440   rfid.o
        36          8        236          0       1024        788   startup_stm32f10x_md.o
       204         12          0          1          0       1350   steeringengine.o
       432         86          0          0          0       2124   stm32f10x_exti.o
      1488        338          0          0          0       5384   stm32f10x_gpio.o
        18          0          0          0          0       3462   stm32f10x_it.o
       484        128          0         20          0       5544   stm32f10x_rcc.o
      4124       1144          0          0          0      13024   stm32f10x_tim.o
      1972        458          0          0          0       8448   stm32f10x_usart.o
         8          0          0          0          0        373   sys.o
       248         24          0          0          0       1381   system_stm32f10x.o
       390         58          0          0          0       4593   tracking.o
       760         76          0          8         30       6881   usart.o

    ----------------------------------------------------------------------
     17784       2884        300        220       1060     345598   Object Totals
         0          0         32          0          0          0   (incl. Generated)
        16          0          2          2          6          0   (incl. Padding)

    ----------------------------------------------------------------------

      Code (inc. data)   RO Data    RW Data    ZI Data      Debug   Library Member Name

         0          0          0          0          0          0   entry.o
         0          0          0          0          0          0   entry10a.o
         0          0          0          0          0          0   entry11a.o
         8          4          0          0          0          0   entry2.o
         4          0          0          0          0          0   entry5.o
         0          0          0          0          0          0   entry7b.o
         0          0          0          0          0          0   entry8b.o
         8          4          0          0          0          0   entry9a.o
        30          0          0          0          0          0   handlers.o
        36          8          0          0          0         68   init.o
         0          0          0          0          0          0   iusefp.o
        30          0          0          0          0         68   llshl.o
        36          0          0          0          0         68   llsshr.o
        32          0          0          0          0         68   llushr.o
        36          0          0          0          0        108   memseta.o
       472         14          0          0          0        184   printf3.o
        44          0          0          0          0         80   uidiv.o
        20          0          0          0          0         68   cfcmple.o
        20          0          0          0          0         68   cfrcmple.o
       334          0          0          0          0        148   dadd.o
       222          0          0          0          0        100   ddiv.o
       186          0          0          0          0        176   depilogue.o
        62          0          0          0          0         80   dfixi.o
        34          0          0          0          0         76   dflti.o
       228          0          0          0          0         96   dmul.o
        38          0          0          0          0         68   f2d.o
       176          0          0          0          0        140   fadd.o
       110          0          0          0          0        168   fepilogue.o
        18          0          0          0          0         68   fflti.o
        24          0          0          0          0         68   fscalb.o

    ----------------------------------------------------------------------
      2212         30          0          0          0       1968   Library Totals
         4          0          0          0          0          0   (incl. Padding)

    ----------------------------------------------------------------------

      Code (inc. data)   RO Data    RW Data    ZI Data      Debug   Library Name

       736         30          0          0          0        644   mc_w.l
      1472          0          0          0          0       1324   mf_w.l

    ----------------------------------------------------------------------
      2212         30          0          0          0       1968   Library Totals

    ----------------------------------------------------------------------

==============================================================================


      Code (inc. data)   RO Data    RW Data    ZI Data      Debug   

     19996       2914        300        220       1060     339606   Grand Totals
     19996       2914        300        220       1060     339606   ELF Image Totals
     19996       2914        300        220          0          0   ROM Totals

==============================================================================

    Total RO  Size (Code + RO Data)                20296 (  19.82kB)
    Total RW  Size (RW Data + ZI Data)              1280 (   1.25kB)
    Total ROM Size (Code + RO Data + RW Data)      20516 (  20.04kB)

==============================================================================

