Component: ARM Compiler 5.05 update 1 (build 106) Tool: armlink [4d0efa]

==============================================================================

Section Cross References

    misc.o(i.NVIC_Init) refers to main.o(i.assert_failed) for assert_failed
    misc.o(i.NVIC_PriorityGroupConfig) refers to main.o(i.assert_failed) for assert_failed
    misc.o(i.NVIC_SetVectorTable) refers to main.o(i.assert_failed) for assert_failed
    misc.o(i.NVIC_SystemLPConfig) refers to main.o(i.assert_failed) for assert_failed
    misc.o(i.SysTick_CLKSourceConfig) refers to main.o(i.assert_failed) for assert_failed
    stm32f10x_adc.o(i.ADC_AnalogWatchdogCmd) refers to main.o(i.assert_failed) for assert_failed
    stm32f10x_adc.o(i.ADC_AnalogWatchdogSingleChannelConfig) refers to main.o(i.assert_failed) for assert_failed
    stm32f10x_adc.o(i.ADC_AnalogWatchdogThresholdsConfig) refers to main.o(i.assert_failed) for assert_failed
    stm32f10x_adc.o(i.ADC_AutoInjectedConvCmd) refers to main.o(i.assert_failed) for assert_failed
    stm32f10x_adc.o(i.ADC_ClearFlag) refers to main.o(i.assert_failed) for assert_failed
    stm32f10x_adc.o(i.ADC_ClearITPendingBit) refers to main.o(i.assert_failed) for assert_failed
    stm32f10x_adc.o(i.ADC_Cmd) refers to main.o(i.assert_failed) for assert_failed
    stm32f10x_adc.o(i.ADC_DMACmd) refers to main.o(i.assert_failed) for assert_failed
    stm32f10x_adc.o(i.ADC_DeInit) refers to main.o(i.assert_failed) for assert_failed
    stm32f10x_adc.o(i.ADC_DeInit) refers to stm32f10x_rcc.o(i.RCC_APB2PeriphResetCmd) for RCC_APB2PeriphResetCmd
    stm32f10x_adc.o(i.ADC_DiscModeChannelCountConfig) refers to main.o(i.assert_failed) for assert_failed
    stm32f10x_adc.o(i.ADC_DiscModeCmd) refers to main.o(i.assert_failed) for assert_failed
    stm32f10x_adc.o(i.ADC_ExternalTrigConvCmd) refers to main.o(i.assert_failed) for assert_failed
    stm32f10x_adc.o(i.ADC_ExternalTrigInjectedConvCmd) refers to main.o(i.assert_failed) for assert_failed
    stm32f10x_adc.o(i.ADC_ExternalTrigInjectedConvConfig) refers to main.o(i.assert_failed) for assert_failed
    stm32f10x_adc.o(i.ADC_GetCalibrationStatus) refers to main.o(i.assert_failed) for assert_failed
    stm32f10x_adc.o(i.ADC_GetConversionValue) refers to main.o(i.assert_failed) for assert_failed
    stm32f10x_adc.o(i.ADC_GetFlagStatus) refers to main.o(i.assert_failed) for assert_failed
    stm32f10x_adc.o(i.ADC_GetITStatus) refers to main.o(i.assert_failed) for assert_failed
    stm32f10x_adc.o(i.ADC_GetInjectedConversionValue) refers to main.o(i.assert_failed) for assert_failed
    stm32f10x_adc.o(i.ADC_GetResetCalibrationStatus) refers to main.o(i.assert_failed) for assert_failed
    stm32f10x_adc.o(i.ADC_GetSoftwareStartConvStatus) refers to main.o(i.assert_failed) for assert_failed
    stm32f10x_adc.o(i.ADC_GetSoftwareStartInjectedConvCmdStatus) refers to main.o(i.assert_failed) for assert_failed
    stm32f10x_adc.o(i.ADC_ITConfig) refers to main.o(i.assert_failed) for assert_failed
    stm32f10x_adc.o(i.ADC_Init) refers to main.o(i.assert_failed) for assert_failed
    stm32f10x_adc.o(i.ADC_InjectedChannelConfig) refers to main.o(i.assert_failed) for assert_failed
    stm32f10x_adc.o(i.ADC_InjectedDiscModeCmd) refers to main.o(i.assert_failed) for assert_failed
    stm32f10x_adc.o(i.ADC_InjectedSequencerLengthConfig) refers to main.o(i.assert_failed) for assert_failed
    stm32f10x_adc.o(i.ADC_RegularChannelConfig) refers to main.o(i.assert_failed) for assert_failed
    stm32f10x_adc.o(i.ADC_ResetCalibration) refers to main.o(i.assert_failed) for assert_failed
    stm32f10x_adc.o(i.ADC_SetInjectedOffset) refers to main.o(i.assert_failed) for assert_failed
    stm32f10x_adc.o(i.ADC_SoftwareStartConvCmd) refers to main.o(i.assert_failed) for assert_failed
    stm32f10x_adc.o(i.ADC_SoftwareStartInjectedConvCmd) refers to main.o(i.assert_failed) for assert_failed
    stm32f10x_adc.o(i.ADC_StartCalibration) refers to main.o(i.assert_failed) for assert_failed
    stm32f10x_adc.o(i.ADC_TempSensorVrefintCmd) refers to main.o(i.assert_failed) for assert_failed
    stm32f10x_bkp.o(i.BKP_DeInit) refers to stm32f10x_rcc.o(i.RCC_BackupResetCmd) for RCC_BackupResetCmd
    stm32f10x_bkp.o(i.BKP_ITConfig) refers to main.o(i.assert_failed) for assert_failed
    stm32f10x_bkp.o(i.BKP_RTCOutputConfig) refers to main.o(i.assert_failed) for assert_failed
    stm32f10x_bkp.o(i.BKP_ReadBackupRegister) refers to main.o(i.assert_failed) for assert_failed
    stm32f10x_bkp.o(i.BKP_SetRTCCalibrationValue) refers to main.o(i.assert_failed) for assert_failed
    stm32f10x_bkp.o(i.BKP_TamperPinCmd) refers to main.o(i.assert_failed) for assert_failed
    stm32f10x_bkp.o(i.BKP_TamperPinLevelConfig) refers to main.o(i.assert_failed) for assert_failed
    stm32f10x_bkp.o(i.BKP_WriteBackupRegister) refers to main.o(i.assert_failed) for assert_failed
    stm32f10x_can.o(i.CAN_CancelTransmit) refers to main.o(i.assert_failed) for assert_failed
[...]
    Removing stm32f10x_sdio.o(i.SDIO_ClearITPendingBit), (60 bytes).
    Removing stm32f10x_sdio.o(i.SDIO_ClockCmd), (56 bytes).
    Removing stm32f10x_sdio.o(i.SDIO_CmdStructInit), (14 bytes).
    Removing stm32f10x_sdio.o(i.SDIO_CommandCompletionCmd), (56 bytes).
    Removing stm32f10x_sdio.o(i.SDIO_DMACmd), (56 bytes).
    Removing stm32f10x_sdio.o(i.SDIO_DataConfig), (212 bytes).
    Removing stm32f10x_sdio.o(i.SDIO_DataStructInit), (20 bytes).
    Removing stm32f10x_sdio.o(i.SDIO_DeInit), (36 bytes).
    Removing stm32f10x_sdio.o(i.SDIO_GetCommandResponse), (12 bytes).
    Removing stm32f10x_sdio.o(i.SDIO_GetDataCounter), (12 bytes).
    Removing stm32f10x_sdio.o(i.SDIO_GetFIFOCount), (12 bytes).
    Removing stm32f10x_sdio.o(i.SDIO_GetFlagStatus), (188 bytes).
    Removing stm32f10x_sdio.o(i.SDIO_GetITStatus), (188 bytes).
    Removing stm32f10x_sdio.o(i.SDIO_GetPowerState), (16 bytes).
    Removing stm32f10x_sdio.o(i.SDIO_GetResponse), (72 bytes).
    Removing stm32f10x_sdio.o(i.SDIO_ITConfig), (84 bytes).
    Removing stm32f10x_sdio.o(i.SDIO_Init), (168 bytes).
    Removing stm32f10x_sdio.o(i.SDIO_ReadData), (12 bytes).
    Removing stm32f10x_sdio.o(i.SDIO_SendCEATACmd), (56 bytes).
    Removing stm32f10x_sdio.o(i.SDIO_SendCommand), (148 bytes).
    Removing stm32f10x_sdio.o(i.SDIO_SendSDIOSuspendCmd), (56 bytes).
    Removing stm32f10x_sdio.o(i.SDIO_SetPowerState), (64 bytes).
    Removing stm32f10x_sdio.o(i.SDIO_SetSDIOOperation), (56 bytes).
    Removing stm32f10x_sdio.o(i.SDIO_SetSDIOReadWaitMode), (56 bytes).
    Removing stm32f10x_sdio.o(i.SDIO_StartSDIOReadWait), (56 bytes).
    Removing stm32f10x_sdio.o(i.SDIO_StopSDIOReadWait), (56 bytes).
    Removing stm32f10x_sdio.o(i.SDIO_StructInit), (16 bytes).
    Removing stm32f10x_sdio.o(i.SDIO_WriteData), (12 bytes).
    Removing stm32f10x_spi.o(i.I2S_Cmd), (92 bytes).
    Removing stm32f10x_spi.o(i.I2S_Init), (360 bytes).
    Removing stm32f10x_spi.o(i.I2S_StructInit), (18 bytes).
    Removing stm32f10x_spi.o(i.SPI_BiDirectionalLineConfig), (116 bytes).
    Removing stm32f10x_spi.o(i.SPI_CalculateCRC), (100 bytes).
    Removing stm32f10x_spi.o(i.SPI_Cmd), (100 bytes).
    Removing stm32f10x_spi.o(i.SPI_DataSizeConfig), (100 bytes).
    Removing stm32f10x_spi.o(i.SPI_GetCRC), (92 bytes).
    Removing stm32f10x_spi.o(i.SPI_GetCRCPolynomial), (68 bytes).
    Removing stm32f10x_spi.o(i.SPI_I2S_ClearFlag), (88 bytes).
    Removing stm32f10x_spi.o(i.SPI_I2S_ClearITPendingBit), (96 bytes).
    Removing stm32f10x_spi.o(i.SPI_I2S_DMACmd), (116 bytes).
    Removing stm32f10x_spi.o(i.SPI_I2S_DeInit), (132 bytes).
    Removing stm32f10x_spi.o(i.SPI_I2S_GetFlagStatus), (124 bytes).
    Removing stm32f10x_spi.o(i.SPI_I2S_GetITStatus), (140 bytes).
    Removing stm32f10x_spi.o(i.SPI_I2S_ITConfig), (128 bytes).
    Removing stm32f10x_spi.o(i.SPI_I2S_ReceiveData), (68 bytes).
    Removing stm32f10x_spi.o(i.SPI_I2S_SendData), (72 bytes).
    Removing stm32f10x_spi.o(i.SPI_Init), (304 bytes).
    Removing stm32f10x_spi.o(i.SPI_NSSInternalSoftwareConfig), (112 bytes).
    Removing stm32f10x_spi.o(i.SPI_SSOutputCmd), (100 bytes).
    Removing stm32f10x_spi.o(i.SPI_StructInit), (24 bytes).
    Removing stm32f10x_spi.o(i.SPI_TransmitCRC), (76 bytes).
    Removing stm32f10x_tim.o(i.TI1_Config), (108 bytes).
    Removing stm32f10x_tim.o(i.TI2_Config), (124 bytes).
    Removing stm32f10x_tim.o(i.TIM_BDTRConfig), (252 bytes).
    Removing stm32f10x_tim.o(i.TIM_BDTRStructInit), (18 bytes).
    Removing stm32f10x_tim.o(i.TIM_CCPreloadControl), (136 bytes).
    Removing stm32f10x_tim.o(i.TIM_CCxCmd), (244 bytes).
    Removing stm32f10x_tim.o(i.TIM_CCxNCmd), (144 bytes).
    Removing stm32f10x_tim.o(i.TIM_ClearFlag), (228 bytes).
    Removing stm32f10x_tim.o(i.TIM_ClearOC1Ref), (120 bytes).
    Removing stm32f10x_tim.o(i.TIM_ClearOC2Ref), (128 bytes).
    Removing stm32f10x_tim.o(i.TIM_ClearOC3Ref), (120 bytes).
    Removing stm32f10x_tim.o(i.TIM_ClearOC4Ref), (128 bytes).
    Removing stm32f10x_tim.o(i.TIM_CounterModeConfig), (132 bytes).
    Removing stm32f10x_tim.o(i.TIM_CtrlPWMOutputs), (124 bytes).
    Removing stm32f10x_tim.o(i.TIM_DMACmd), (192 bytes).
    Removing stm32f10x_tim.o(i.TIM_DMAConfig), (332 bytes).
    Removing stm32f10x_tim.o(i.TIM_DeInit), (500 bytes).
    Removing stm32f10x_tim.o(i.TIM_ETRClockMode1Config), (184 bytes).
    Removing stm32f10x_tim.o(i.TIM_ETRClockMode2Config), (184 bytes).
    Removing stm32f10x_tim.o(i.TIM_ETRConfig), (184 bytes).
    Removing stm32f10x_tim.o(i.TIM_EncoderInterfaceConfig), (212 bytes).
    Removing stm32f10x_tim.o(i.TIM_ForcedOC1Config), (212 bytes).
    Removing stm32f10x_tim.o(i.TIM_ForcedOC2Config), (160 bytes).
    Removing stm32f10x_tim.o(i.TIM_ForcedOC3Config), (124 bytes).
    Removing stm32f10x_tim.o(i.TIM_ForcedOC4Config), (132 bytes).
    Removing stm32f10x_tim.o(i.TIM_GenerateEvent), (224 bytes).
    Removing stm32f10x_tim.o(i.TIM_GetCapture1), (184 bytes).
    Removing stm32f10x_tim.o(i.TIM_GetCapture2), (124 bytes).
    Removing stm32f10x_tim.o(i.TIM_GetCapture3), (96 bytes).
    Removing stm32f10x_tim.o(i.TIM_GetCapture4), (96 bytes).
    Removing stm32f10x_tim.o(i.TIM_GetFlagStatus), (284 bytes).
    Removing stm32f10x_tim.o(i.TIM_GetITStatus), (268 bytes).
    Removing stm32f10x_tim.o(i.TIM_GetPrescaler), (204 bytes).
    Removing stm32f10x_tim.o(i.TIM_ICInit), (756 bytes).
    Removing stm32f10x_tim.o(i.TIM_ICStructInit), (16 bytes).
    Removing stm32f10x_tim.o(i.TIM_ITRxExternalClockConfig), (164 bytes).
    Removing stm32f10x_tim.o(i.TIM_InternalClockConfig), (132 bytes).
    Removing stm32f10x_tim.o(i.TIM_OC1FastConfig), (212 bytes).
    Removing stm32f10x_tim.o(i.TIM_OC1NPolarityConfig), (116 bytes).
    Removing stm32f10x_tim.o(i.TIM_OC1PolarityConfig), (212 bytes).
    Removing stm32f10x_tim.o(i.TIM_OC2FastConfig), (160 bytes).
    Removing stm32f10x_tim.o(i.TIM_OC2NPolarityConfig), (92 bytes).
    Removing stm32f10x_tim.o(i.TIM_OC2PolarityConfig), (160 bytes).
    Removing stm32f10x_tim.o(i.TIM_OC3FastConfig), (120 bytes).
    Removing stm32f10x_tim.o(i.TIM_OC3NPolarityConfig), (92 bytes).
    Removing stm32f10x_tim.o(i.TIM_OC3PolarityConfig), (128 bytes).
    Removing stm32f10x_tim.o(i.TIM_OC4FastConfig), (128 bytes).
    Removing stm32f10x_tim.o(i.TIM_OC4PolarityConfig), (128 bytes).
    Removing stm32f10x_tim.o(i.TIM_OCStructInit), (20 bytes).
    Removing stm32f10x_tim.o(i.TIM_PWMIConfig), (224 bytes).
    Removing stm32f10x_tim.o(i.TIM_PrescalerConfig), (228 bytes).
    Removing stm32f10x_tim.o(i.TIM_SelectCCDMA), (156 bytes).
    Removing stm32f10x_tim.o(i.TIM_SelectCOM), (120 bytes).
    Removing stm32f10x_tim.o(i.TIM_SelectHallSensor), (156 bytes).
    Removing stm32f10x_tim.o(i.TIM_SelectInputTrigger), (176 bytes).
    Removing stm32f10x_tim.o(i.TIM_SelectMasterSlaveMode), (156 bytes).
    Removing stm32f10x_tim.o(i.TIM_SelectOCxM), (320 bytes).
    Removing stm32f10x_tim.o(i.TIM_SelectOnePulseMode), (236 bytes).
    Removing stm32f10x_tim.o(i.TIM_SelectOutputTrigger), (200 bytes).
    Removing stm32f10x_tim.o(i.TIM_SelectSlaveMode), (164 bytes).
    Removing stm32f10x_tim.o(i.TIM_SetAutoreload), (208 bytes).
    Removing stm32f10x_tim.o(i.TIM_SetClockDivision), (224 bytes).
    Removing stm32f10x_tim.o(i.TIM_SetCounter), (208 bytes).
    Removing stm32f10x_tim.o(i.TIM_SetIC1Prescaler), (224 bytes).
    Removing stm32f10x_tim.o(i.TIM_SetIC2Prescaler), (172 bytes).
    Removing stm32f10x_tim.o(i.TIM_SetIC3Prescaler), (132 bytes).
    Removing stm32f10x_tim.o(i.TIM_SetIC4Prescaler), (140 bytes).
    Removing stm32f10x_tim.o(i.TIM_TIxExternalClockConfig), (224 bytes).
    Removing stm32f10x_tim.o(i.TIM_TimeBaseStructInit), (18 bytes).
    Removing stm32f10x_tim.o(i.TIM_UpdateDisableConfig), (236 bytes).
    Removing stm32f10x_tim.o(i.TIM_UpdateRequestConfig), (236 bytes).
    Removing stm32f10x_usart.o(i.USART_ClockInit), (180 bytes).
    Removing stm32f10x_usart.o(i.USART_ClockStructInit), (12 bytes).
    Removing stm32f10x_usart.o(i.USART_DMACmd), (140 bytes).
    Removing stm32f10x_usart.o(i.USART_HalfDuplexCmd), (124 bytes).
    Removing stm32f10x_usart.o(i.USART_IrDACmd), (124 bytes).
    Removing stm32f10x_usart.o(i.USART_IrDAConfig), (124 bytes).
    Removing stm32f10x_usart.o(i.USART_LINBreakDetectLengthConfig), (124 bytes).
    Removing stm32f10x_usart.o(i.USART_LINCmd), (124 bytes).
    Removing stm32f10x_usart.o(i.USART_OneBitMethodCmd), (124 bytes).
    Removing stm32f10x_usart.o(i.USART_OverSampling8Cmd), (124 bytes).
    Removing stm32f10x_usart.o(i.USART_ReceiverWakeUpCmd), (124 bytes).
    Removing stm32f10x_usart.o(i.USART_SendBreak), (100 bytes).
    Removing stm32f10x_usart.o(i.USART_SetAddress), (120 bytes).
    Removing stm32f10x_usart.o(i.USART_SetGuardTime), (88 bytes).
    Removing stm32f10x_usart.o(i.USART_SetPrescaler), (108 bytes).
    Removing stm32f10x_usart.o(i.USART_SmartCardCmd), (104 bytes).
    Removing stm32f10x_usart.o(i.USART_SmartCardNACKCmd), (104 bytes).
    Removing stm32f10x_usart.o(i.USART_StructInit), (22 bytes).
    Removing stm32f10x_usart.o(i.USART_WakeUpConfig), (124 bytes).
    Removing stm32f10x_wwdg.o(i.WWDG_ClearFlag), (12 bytes).
    Removing stm32f10x_wwdg.o(i.WWDG_DeInit), (24 bytes).
    Removing stm32f10x_wwdg.o(i.WWDG_Enable), (56 bytes).
    Removing stm32f10x_wwdg.o(i.WWDG_EnableIT), (16 bytes).
    Removing stm32f10x_wwdg.o(i.WWDG_GetFlagStatus), (12 bytes).
    Removing stm32f10x_wwdg.o(i.WWDG_SetCounter), (56 bytes).
    Removing stm32f10x_wwdg.o(i.WWDG_SetPrescaler), (72 bytes).
    Removing stm32f10x_wwdg.o(i.WWDG_SetWindowValue), (72 bytes).
    Removing startup_stm32f10x_md.o(HEAP), (512 bytes).
    Removing main.o(i.action_1_1), (84 bytes).
    Removing main.o(i.track0), (84 bytes).
    Removing main.o(i.turn_0_1), (80 bytes).
    Removing main.o(i.turn_1_1), (80 bytes).
    Removing main.o(i.turn_22_1), (112 bytes).
    Removing main.o(i.turn_2_1), (72 bytes).
    Removing main.o(i.turn_3_1), (76 bytes).
    Removing main.o(.data), (1 bytes).
    Removing main.o(.data), (1 bytes).
    Removing main.o(.data), (1 bytes).
    Removing main.o(.data), (4 bytes).
    Removing main.o(.data), (4 bytes).
    Removing main.o(.data), (4 bytes).
    Removing main.o(.data), (4 bytes).
    Removing main.o(.data), (4 bytes).
    Removing main.o(.data), (4 bytes).
    Removing main.o(.data), (1 bytes).
    Removing main.o(.data), (1 bytes).
    Removing main.o(.data), (1 bytes).
    Removing main.o(.data), (1 bytes).
    Removing main.o(.data), (1 bytes).
    Removing system_stm32f10x.o(i.SystemCoreClockUpdate), (104 bytes).
    Removing system_stm32f10x.o(.data), (20 bytes).
    Removing steeringengine.o(.data), (1 bytes).
    Removing rfid.o(i.GET_RFID1), (84 bytes).
    Removing rfid.o(i.GET_RFID2), (84 bytes).
    Removing rfid.o(i.RFID_WRITE), (80 bytes).
    Removing rfid.o(.data), (10 bytes).
    Removing usart.o(i._sys_exit), (2 bytes).
    Removing usart.o(.data), (1 bytes).
    Removing distance.o(.data), (4 bytes).
    Removing configuration1.o(.data), (1 bytes).
    Removing tracking.o(i.CarGoLeft), (26 bytes).
    Removing tracking.o(i.CircleLeft_B), (26 bytes).
    Removing tracking.o(i.turn_back_left), (26 bytes).
    Removing tracking.o(i.turn_back_right), (26 bytes).
    Removing tracking.o(.data), (1 bytes).
    Removing dfixul.o(.text), (48 bytes).
    Removing cdrcmple.o(.text), (48 bytes).

466 unused section(s) (total 48404 bytes) removed from the image.

==============================================================================

Image Symbol Table

    Local Symbols

    Symbol Name                              Value     Ov Type        Size  Object(Section)

    ../clib/microlib/division.c              0x00000000   Number         0  uidiv.o ABSOLUTE
    ../clib/microlib/division.c              0x00000000   Number         0  uldiv.o ABSOLUTE
    ../clib/microlib/init/entry.s            0x00000000   Number         0  entry11a.o ABSOLUTE
    ../clib/microlib/init/entry.s            0x00000000   Number         0  entry8a.o ABSOLUTE
    ../clib/microlib/init/entry.s            0x00000000   Number         0  entry9a.o ABSOLUTE
    ../clib/microlib/init/entry.s            0x00000000   Number         0  entry9b.o ABSOLUTE
    ../clib/microlib/init/entry.s            0x00000000   Number         0  entry10a.o ABSOLUTE
    ../clib/microlib/init/entry.s            0x00000000   Number         0  entry10b.o ABSOLUTE
    ../clib/microlib/init/entry.s            0x00000000   Number         0  entry8b.o ABSOLUTE
    ../clib/microlib/init/entry.s            0x00000000   Number         0  entry.o ABSOLUTE
    ../clib/microlib/init/entry.s            0x00000000   Number         0  entry11b.o ABSOLUTE
    ../clib/microlib/init/entry.s            0x00000000   Number         0  entry7b.o ABSOLUTE
    ../clib/microlib/init/entry.s            0x00000000   Number         0  entry7a.o ABSOLUTE
    ../clib/microlib/init/entry.s            0x00000000   Number         0  entry5.o ABSOLUTE
    ../clib/microlib/init/entry.s            0x00000000   Number         0  entry2.o ABSOLUTE
    ../clib/microlib/longlong.c              0x00000000   Number         0  llsshr.o ABSOLUTE
    ../clib/microlib/longlong.c              0x00000000   Number         0  llushr.o ABSOLUTE
    ../clib/microlib/longlong.c              0x00000000   Number         0  llshl.o ABSOLUTE
    ../clib/microlib/printf/printf.c         0x00000000   Number         0  printf4.o ABSOLUTE
    ../clib/microlib/printf/printf.c         0x00000000   Number         0  printf3.o ABSOLUTE
    ../clib/microlib/printf/printf.c         0x00000000   Number         0  printf0.o ABSOLUTE
    ../clib/microlib/printf/printf.c         0x00000000   Number         0  printf7.o ABSOLUTE
    ../clib/microlib/printf/printf.c         0x00000000   Number         0  printfa.o ABSOLUTE
    ../clib/microlib/printf/printf.c         0x00000000   Number         0  printf8.o ABSOLUTE
    ../clib/microlib/printf/printf.c         0x00000000   Number         0  printf2.o ABSOLUTE
    ../clib/microlib/printf/printf.c         0x00000000   Number         0  printf1.o ABSOLUTE
    ../clib/microlib/printf/printf.c         0x00000000   Number         0  printfb.o ABSOLUTE
    ../clib/microlib/printf/printf.c         0x00000000   Number         0  printf5.o ABSOLUTE
    ../clib/microlib/printf/printf.c         0x00000000   Number         0  printf6.o ABSOLUTE
    ../clib/microlib/printf/stubs.s          0x00000000   Number         0  stubs.o ABSOLUTE
    ../clib/microlib/string/memset.c         0x00000000   Number         0  memseta.o ABSOLUTE
    ../clib/microlib/stubs.s                 0x00000000   Number         0  useno.o ABSOLUTE
    ../clib/microlib/stubs.s                 0x00000000   Number         0  iusefp.o ABSOLUTE
    ../fplib/microlib/f2d.c                  0x00000000   Number         0  f2d.o ABSOLUTE
    ../fplib/microlib/fpadd.c                0x00000000   Number         0  dadd.o ABSOLUTE
    ../fplib/microlib/fpadd.c                0x00000000   Number         0  fadd.o ABSOLUTE
    ../fplib/microlib/fpdiv.c                0x00000000   Number         0  ddiv.o ABSOLUTE
    ../fplib/microlib/fpepilogue.c           0x00000000   Number         0  fepilogue.o ABSOLUTE
    ../fplib/microlib/fpepilogue.c           0x00000000   Number         0  depilogue.o ABSOLUTE
    ../fplib/microlib/fpfix.c                0x00000000   Number         0  dfixi.o ABSOLUTE
    ../fplib/microlib/fpfix.c                0x00000000   Number         0  dfixul.o ABSOLUTE
    ../fplib/microlib/fpflt.c                0x00000000   Number         0  fflti.o ABSOLUTE
    ../fplib/microlib/fpflt.c                0x00000000   Number         0  dflti.o ABSOLUTE
    ../fplib/microlib/fpmul.c                0x00000000   Number         0  dmul.o ABSOLUTE
    ../fplib/microlib/fpscalb.c              0x00000000   Number         0  fscalb.o ABSOLUTE
    MDK-ARM\startup_stm32f10x_md.s           0x00000000   Number         0  startup_stm32f10x_md.o ABSOLUTE
    cdrcmple.s                               0x00000000   Number         0  cdrcmple.o ABSOLUTE
    cfcmple.s                                0x00000000   Number         0  cfcmple.o ABSOLUTE
    cfrcmple.s                               0x00000000   Number         0  cfrcmple.o ABSOLUTE
    dc.s                                     0x00000000   Number         0  dc.o ABSOLUTE
    handlers.s                               0x00000000   Number         0  handlers.o ABSOLUTE
    init.s                                   0x00000000   Number         0  init.o ABSOLUTE
    main\Configuration1.c                    0x00000000   Number         0  configuration1.o ABSOLUTE
    main\Distance.c                          0x00000000   Number         0  distance.o ABSOLUTE
    main\SteeringEngine.c                    0x00000000   Number         0  steeringengine.o ABSOLUTE
    main\Tracking.c                          0x00000000   Number         0  tracking.o ABSOLUTE
    main\delay.c                             0x00000000   Number         0  delay.o ABSOLUTE
    main\main.c                              0x00000000   Number         0  main.o ABSOLUTE
    main\rfid.c                              0x00000000   Number         0  rfid.o ABSOLUTE
    main\stm32f10x_it.c                      0x00000000   Number         0  stm32f10x_it.o ABSOLUTE
    main\sys.c                               0x00000000   Number         0  sys.o ABSOLUTE
    main\system_stm32f10x.c                  0x00000000   Number         0  system_stm32f10x.o ABSOLUTE
    main\usart.c                             0x00000000   Number         0  usart.o ABSOLUTE
    src\misc.c                               0x00000000   Number         0  misc.o ABSOLUTE
    src\stm32f10x_adc.c                      0x00000000   Number         0  stm32f10x_adc.o ABSOLUTE
    src\stm32f10x_bkp.c                      0x00000000   Number         0  stm32f10x_bkp.o ABSOLUTE
    src\stm32f10x_can.c                      0x00000000   Number         0  stm32f10x_can.o ABSOLUTE
    src\stm32f10x_cec.c                      0x00000000   Number         0  stm32f10x_cec.o ABSOLUTE
    src\stm32f10x_crc.c                      0x00000000   Number         0  stm32f10x_crc.o ABSOLUTE
    src\stm32f10x_dac.c                      0x00000000   Number         0  stm32f10x_dac.o ABSOLUTE
    src\stm32f10x_dbgmcu.c                   0x00000000   Number         0  stm32f10x_dbgmcu.o ABSOLUTE
    src\stm32f10x_dma.c                      0x00000000   Number         0  stm32f10x_dma.o ABSOLUTE
    src\stm32f10x_exti.c                     0x00000000   Number         0  stm32f10x_exti.o ABSOLUTE
    src\stm32f10x_flash.c                    0x00000000   Number         0  stm32f10x_flash.o ABSOLUTE
    src\stm32f10x_fsmc.c                     0x00000000   Number         0  stm32f10x_fsmc.o ABSOLUTE
    src\stm32f10x_gpio.c                     0x00000000   Number         0  stm32f10x_gpio.o ABSOLUTE
    src\stm32f10x_i2c.c                      0x00000000   Number         0  stm32f10x_i2c.o ABSOLUTE
    src\stm32f10x_iwdg.c                     0x00000000   Number         0  stm32f10x_iwdg.o ABSOLUTE
    src\stm32f10x_pwr.c                      0x00000000   Number         0  stm32f10x_pwr.o ABSOLUTE
    src\stm32f10x_rcc.c                      0x00000000   Number         0  stm32f10x_rcc.o ABSOLUTE
    src\stm32f10x_rtc.c                      0x00000000   Number         0  stm32f10x_rtc.o ABSOLUTE
    src\stm32f10x_sdio.c                     0x00000000   Number         0  stm32f10x_sdio.o ABSOLUTE
    src\stm32f10x_spi.c                      0x00000000   Number         0  stm32f10x_spi.o ABSOLUTE
    src\stm32f10x_tim.c                      0x00000000   Number         0  stm32f10x_tim.o ABSOLUTE
    src\stm32f10x_usart.c                    0x00000000   Number         0  stm32f10x_usart.o ABSOLUTE
    src\stm32f10x_wwdg.c                     0x00000000   Number         0  stm32f10x_wwdg.o ABSOLUTE
    RESET                                    0x08000000   Section      236  startup_stm32f10x_md.o(RESET)
    .ARM.Collect$$$$00000000                 0x080000ec   Section        0  entry.o(.ARM.Collect$$$$00000000)
    .ARM.Collect$$$$00000001                 0x080000ec   Section        4  entry2.o(.ARM.Collect$$$$00000001)
    .ARM.Collect$$$$00000004                 0x080000f0   Section        4  entry5.o(.ARM.Collect$$$$00000004)
    .ARM.Collect$$$$00000008                 0x080000f4   Section        0  entry7b.o(.ARM.Collect$$$$00000008)
    .ARM.Collect$$$$0000000A                 0x080000f4   Section        0  entry8b.o(.ARM.Collect$$$$0000000A)
    .ARM.Collect$$$$0000000B                 0x080000f4   Section        8  entry9a.o(.ARM.Collect$$$$0000000B)
    .ARM.Collect$$$$0000000D                 0x080000fc   Section        0  entry10a.o(.ARM.Collect$$$$0000000D)
    .ARM.Collect$$$$0000000F                 0x080000fc   Section        0  entry11a.o(.ARM.Collect$$$$0000000F)
    .ARM.Collect$$$$00002712                 0x080000fc   Section        4  entry2.o(.ARM.Collect$$$$00002712)
    __lit__00000000                          0x080000fc   Data           4  entry2.o(.ARM.Collect$$$$00002712)
    .text                                    0x08000100   Section       36  startup_stm32f10x_md.o(.text)
    .text                                    0x08000124   Section        0  memseta.o(.text)
    .text                                    0x08000148   Section        0  fadd.o(.text)
    .text                                    0x080001f8   Section        0  fscalb.o(.text)
    .text                                    0x08000210   Section        0  dadd.o(.text)
    .text                                    0x0800035e   Section        0  dmul.o(.text)
    .text                                    0x08000442   Section        0  ddiv.o(.text)
    .text                                    0x08000520   Section        0  fflti.o(.text)
    .text                                    0x08000532   Section        0  dflti.o(.text)
    .text                                    0x08000554   Section        0  dfixi.o(.text)
    .text                                    0x08000592   Section        0  f2d.o(.text)
    .text                                    0x080005b8   Section       20  cfcmple.o(.text)
    .text                                    0x080005cc   Section       20  cfrcmple.o(.text)
    .text                                    0x080005e0   Section        0  uidiv.o(.text)
    .text                                    0x0800060c   Section        0  llshl.o(.text)
    .text                                    0x0800062a   Section        0  llushr.o(.text)
    .text                                    0x0800064a   Section        0  llsshr.o(.text)
    .text                                    0x0800066e   Section        0  fepilogue.o(.text)
    .text                                    0x0800066e   Section        0  iusefp.o(.text)
    .text                                    0x080006dc   Section        0  depilogue.o(.text)
    .text                                    0x08000798   Section       36  init.o(.text)
    i.BusFault_Handler                       0x080007bc   Section        0  stm32f10x_it.o(i.BusFault_Handler)
    i.CarGoLeft_1                            0x080007be   Section        0  tracking.o(i.CarGoLeft_1)
    i.CarGoRight                             0x080007d8   Section        0  tracking.o(i.CarGoRight)
    i.CarGoRight_1                           0x080007f2   Section        0  tracking.o(i.CarGoRight_1)
    i.CircleLeft_R                           0x0800080c   Section        0  tracking.o(i.CircleLeft_R)
    i.CircleRight_R                          0x08000826   Section        0  tracking.o(i.CircleRight_R)
    i.DIS_A_INT                              0x08000840   Section        0  distance.o(i.DIS_A_INT)
    i.DIS_A_INT_1                            0x08000862   Section        0  distance.o(i.DIS_A_INT_1)
    i.DebugMon_Handler                       0x08000884   Section        0  stm32f10x_it.o(i.DebugMon_Handler)
    i.EXTI0_IRQHandler                       0x08000888   Section        0  distance.o(i.EXTI0_IRQHandler)
    i.EXTI1_IRQHandler                       0x08000950   Section        0  distance.o(i.EXTI1_IRQHandler)
    i.EXTI_ClearITPendingBit                 0x08000a18   Section        0  stm32f10x_exti.o(i.EXTI_ClearITPendingBit)
    i.EXTI_GetITStatus                       0x08000a4c   Section        0  stm32f10x_exti.o(i.EXTI_GetITStatus)
    i.EXTI_Init                              0x08000af8   Section        0  stm32f10x_exti.o(i.EXTI_Init)
    i.GET_UID1                               0x08000bc8   Section        0  rfid.o(i.GET_UID1)
    i.GET_UID2                               0x08000c34   Section        0  rfid.o(i.GET_UID2)
    i.GPIOG_Configuration                    0x08000c9c   Section        0  configuration1.o(i.GPIOG_Configuration)
    i.GPIO_Configuration                     0x08000d5c   Section        0  configuration1.o(i.GPIO_Configuration)
    i.GPIO_EXTILineConfig                    0x08000de8   Section        0  stm32f10x_gpio.o(i.GPIO_EXTILineConfig)
    i.GPIO_Init                              0x08000e98   Section        0  stm32f10x_gpio.o(i.GPIO_Init)
    i.GPIO_PinRemapConfig                    0x08000fec   Section        0  stm32f10x_gpio.o(i.GPIO_PinRemapConfig)
    i.GPIO_ReadInputDataBit                  0x080011c8   Section        0  stm32f10x_gpio.o(i.GPIO_ReadInputDataBit)
    i.GPIO_ResetBits                         0x080012a0   Section        0  stm32f10x_gpio.o(i.GPIO_ResetBits)
    i.GPIO_SetBits                           0x08001320   Section        0  stm32f10x_gpio.o(i.GPIO_SetBits)
    i.GetDistance_A                          0x080013a0   Section        0  distance.o(i.GetDistance_A)
    i.GetDistance_B                          0x080013d0   Section        0  distance.o(i.GetDistance_B)
    i.HardFault_Handler                      0x08001400   Section        0  stm32f10x_it.o(i.HardFault_Handler)
    i.Interrupt_init                         0x08001404   Section        0  distance.o(i.Interrupt_init)
    i.Interrupt_init_1                       0x0800144c   Section        0  distance.o(i.Interrupt_init_1)
    i.MemManage_Handler                      0x08001494   Section        0  stm32f10x_it.o(i.MemManage_Handler)
    i.NMI_Handler                            0x08001496   Section        0  stm32f10x_it.o(i.NMI_Handler)
    i.NVIC_Configuration                     0x08001498   Section        0  sys.o(i.NVIC_Configuration)
    i.NVIC_Init                              0x080014a0   Section        0  misc.o(i.NVIC_Init)
    i.NVIC_PriorityGroupConfig               0x08001540   Section        0  misc.o(i.NVIC_PriorityGroupConfig)
    i.Output_init                            0x08001588   Section        0  distance.o(i.Output_init)
    i.Output_init_1                          0x080015b4   Section        0  distance.o(i.Output_init_1)
    i.PendSV_Handler                         0x080015e0   Section        0  stm32f10x_it.o(i.PendSV_Handler)
    i.RCC_APB1PeriphClockCmd                 0x080015e4   Section        0  stm32f10x_rcc.o(i.RCC_APB1PeriphClockCmd)
    i.RCC_APB1PeriphResetCmd                 0x08001638   Section        0  stm32f10x_rcc.o(i.RCC_APB1PeriphResetCmd)
    i.RCC_APB2PeriphClockCmd                 0x0800168c   Section        0  stm32f10x_rcc.o(i.RCC_APB2PeriphClockCmd)
    i.RCC_APB2PeriphResetCmd                 0x080016e0   Section        0  stm32f10x_rcc.o(i.RCC_APB2PeriphResetCmd)
    i.RCC_Configuration                      0x08001734   Section        0  configuration1.o(i.RCC_Configuration)
    i.RCC_GetClocksFreq                      0x0800174c   Section        0  stm32f10x_rcc.o(i.RCC_GetClocksFreq)
    i.RFID_Disableantenna1                   0x080017e0   Section        0  rfid.o(i.RFID_Disableantenna1)
    i.RFID_Disableantenna2                   0x0800183c   Section        0  rfid.o(i.RFID_Disableantenna2)
    i.RFID_Init1                             0x08001898   Section        0  rfid.o(i.RFID_Init1)
    i.RFID_Init2                             0x080018fc   Section        0  rfid.o(i.RFID_Init2)
    i.RFID_READ1                             0x08001958   Section        0  rfid.o(i.RFID_READ1)
    i.RFID_READ2                             0x080019f4   Section        0  rfid.o(i.RFID_READ2)
    i.SVC_Handler                            0x08001a88   Section        0  stm32f10x_it.o(i.SVC_Handler)
    i.SetSysClockTo72                        0x08001a8c   Section        0  system_stm32f10x.o(i.SetSysClockTo72)
    SetSysClockTo72                          0x08001a8d   Thumb Code   160  system_stm32f10x.o(i.SetSysClockTo72)
    i.SysTick_Handler                        0x08001b34   Section        0  stm32f10x_it.o(i.SysTick_Handler)
    i.SystemInit                             0x08001b38   Section        0  system_stm32f10x.o(i.SystemInit)
    i.TIM2_IRQHandler                        0x08001b88   Section        0  distance.o(i.TIM2_IRQHandler)
    i.TIM3_IRQHandler                        0x08001ba0   Section        0  main.o(i.TIM3_IRQHandler)
    i.TIM3_Init                              0x08001cac   Section        0  main.o(i.TIM3_Init)
    i.TIM_ARRPreloadConfig                   0x08001cf0   Section        0  stm32f10x_tim.o(i.TIM_ARRPreloadConfig)
    i.TIM_ClearITPendingBit                  0x08001ddc   Section        0  stm32f10x_tim.o(i.TIM_ClearITPendingBit)
    i.TIM_Cmd                                0x08001ebc   Section        0  stm32f10x_tim.o(i.TIM_Cmd)
    i.TIM_GetCounter                         0x08001fa8   Section        0  stm32f10x_tim.o(i.TIM_GetCounter)
    i.TIM_ITConfig                           0x08002074   Section        0  stm32f10x_tim.o(i.TIM_ITConfig)
    i.TIM_OC1Init                            0x08002170   Section        0  stm32f10x_tim.o(i.TIM_OC1Init)
    i.TIM_OC1PreloadConfig                   0x08002328   Section        0  stm32f10x_tim.o(i.TIM_OC1PreloadConfig)
    i.TIM_OC2Init                            0x080023fc   Section        0  stm32f10x_tim.o(i.TIM_OC2Init)
    i.TIM_OC2PreloadConfig                   0x08002588   Section        0  stm32f10x_tim.o(i.TIM_OC2PreloadConfig)
    i.TIM_OC3Init                            0x08002628   Section        0  stm32f10x_tim.o(i.TIM_OC3Init)
    i.TIM_OC3PreloadConfig                   0x08002790   Section        0  stm32f10x_tim.o(i.TIM_OC3PreloadConfig)
    i.TIM_OC4Init                            0x08002808   Section        0  stm32f10x_tim.o(i.TIM_OC4Init)
    i.TIM_OC4PreloadConfig                   0x08002920   Section        0  stm32f10x_tim.o(i.TIM_OC4PreloadConfig)
    i.TIM_PWM_Init                           0x080029a0   Section        0  steeringengine.o(i.TIM_PWM_Init)
    i.TIM_SetCompare1                        0x08002a38   Section        0  stm32f10x_tim.o(i.TIM_SetCompare1)
    i.TIM_SetCompare2                        0x08002af4   Section        0  stm32f10x_tim.o(i.TIM_SetCompare2)
    i.TIM_SetCompare3                        0x08002b74   Section        0  stm32f10x_tim.o(i.TIM_SetCompare3)
    i.TIM_SetCompare4                        0x08002bd4   Section        0  stm32f10x_tim.o(i.TIM_SetCompare4)
    i.TIM_TimeBaseInit                       0x08002c38   Section        0  stm32f10x_tim.o(i.TIM_TimeBaseInit)
    i.USART1_IRQHandler                      0x08002da4   Section        0  usart.o(i.USART1_IRQHandler)
    i.USART2_IRQHandler                      0x08002e0c   Section        0  usart.o(i.USART2_IRQHandler)
    i.USART3_Configuration                   0x08002e74   Section        0  main.o(i.USART3_Configuration)
    i.USART3_IRQHandler                      0x08002ec8   Section        0  main.o(i.USART3_IRQHandler)
    i.USART3_RCC_Configuration               0x08002f3c   Section        0  main.o(i.USART3_RCC_Configuration)
    i.USART_ClearFlag                        0x08002f44   Section        0  stm32f10x_usart.o(i.USART_ClearFlag)
    i.USART_ClearITPendingBit                0x08002fd8   Section        0  stm32f10x_usart.o(i.USART_ClearITPendingBit)
    i.USART_Cmd                              0x0800308c   Section        0  stm32f10x_usart.o(i.USART_Cmd)
    i.USART_DeInit                           0x08003108   Section        0  stm32f10x_usart.o(i.USART_DeInit)
    i.USART_GetFlagStatus                    0x080031bc   Section        0  stm32f10x_usart.o(i.USART_GetFlagStatus)
    i.USART_GetITStatus                      0x08003274   Section        0  stm32f10x_usart.o(i.USART_GetITStatus)
    i.USART_ITConfig                         0x08003380   Section        0  stm32f10x_usart.o(i.USART_ITConfig)
    i.USART_Init                             0x08003480   Section        0  stm32f10x_usart.o(i.USART_Init)
    i.USART_ReceiveData                      0x08003624   Section        0  stm32f10x_usart.o(i.USART_ReceiveData)
    i.USART_SendData                         0x08003684   Section        0  stm32f10x_usart.o(i.USART_SendData)
    i.UsageFault_Handler                     0x080036f8   Section        0  stm32f10x_it.o(i.UsageFault_Handler)
    i.__0printf$3                            0x080036fc   Section        0  printf3.o(i.__0printf$3)
    i.__scatterload_copy                     0x0800371c   Section       14  handlers.o(i.__scatterload_copy)
    i.__scatterload_null                     0x0800372a   Section        2  handlers.o(i.__scatterload_null)
    i.__scatterload_zeroinit                 0x0800372c   Section       14  handlers.o(i.__scatterload_zeroinit)
    i._printf_core                           0x0800373c   Section        0  printf3.o(i._printf_core)
    _printf_core                             0x0800373d   Thumb Code   436  printf3.o(i._printf_core)
    i.action_1                               0x080038f4   Section        0  main.o(i.action_1)
    i.assert_failed                          0x08003948   Section        0  main.o(i.assert_failed)
    i.back_n_step                            0x08003984   Section        0  main.o(i.back_n_step)
    i.brake                                  0x08003a48   Section        0  tracking.o(i.brake)
    i.delay_nms                              0x08003a76   Section        0  delay.o(i.delay_nms)
    i.delay_nus                              0x08003a8c   Section        0  delay.o(i.delay_nus)
    i.exti_init                              0x08003a9c   Section        0  distance.o(i.exti_init)
    i.exti_init_1                            0x08003ada   Section        0  distance.o(i.exti_init_1)
    i.fputc                                  0x08003b1c   Section        0  usart.o(i.fputc)
    i.go_1                                   0x08003b40   Section        0  main.o(i.go_1)
    i.go_back_1                              0x08003ba0   Section        0  main.o(i.go_back_1)
    i.go_n_step                              0x08003bf4   Section        0  main.o(i.go_n_step)
    i.gobackwards                            0x08003cbc   Section        0  tracking.o(i.gobackwards)
    i.goforwards                             0x08003cd6   Section        0  tracking.o(i.goforwards)
    i.goforwards_distance                    0x08003cf0   Section        0  main.o(i.goforwards_distance)
    i.main                                   0x08003dc0   Section        0  main.o(i.main)
    i.nvic                                   0x08004060   Section        0  main.o(i.nvic)
    i.read1                                  0x080040c8   Section        0  main.o(i.read1)
    i.read2                                  0x08004128   Section        0  main.o(i.read2)
    i.setWheel                               0x08004174   Section        0  steeringengine.o(i.setWheel)
    i.timer2_IRQ_init                        0x080041a8   Section        0  distance.o(i.timer2_IRQ_init)
    i.timer2_init                            0x080041c8   Section        0  distance.o(i.timer2_init)
    i.track1                                 0x08004208   Section        0  main.o(i.track1)
    i.track2                                 0x0800425c   Section        0  main.o(i.track2)
    i.turn_0                                 0x080042e8   Section        0  main.o(i.turn_0)
    i.turn_1                                 0x08004338   Section        0  main.o(i.turn_1)
    i.turn_2                                 0x08004388   Section        0  main.o(i.turn_2)
    i.turn_22                                0x080043d0   Section        0  main.o(i.turn_22)
    i.turn_3                                 0x08004440   Section        0  main.o(i.turn_3)
    i.turn_left                              0x08004490   Section        0  tracking.o(i.turn_left)
    i.turn_right                             0x080044aa   Section        0  tracking.o(i.turn_right)
    i.uart1_init                             0x080044c4   Section        0  usart.o(i.uart1_init)
    i.uart2_init                             0x08004568   Section        0  usart.o(i.uart2_init)
    i.uart_receive_mydata1                   0x08004618   Section        0  usart.o(i.uart_receive_mydata1)
    i.uart_receive_mydata2                   0x08004640   Section        0  usart.o(i.uart_receive_mydata2)
    i.uart_send_mydata1                      0x08004668   Section        0  usart.o(i.uart_send_mydata1)
    i.uart_send_mydata2                      0x08004698   Section        0  usart.o(i.uart_send_mydata2)
    .constdata                               0x080046c8   Section       30  rfid.o(.constdata)
    .data                                    0x20000000   Section       20  stm32f10x_rcc.o(.data)
    ADCPrescTable                            0x20000000   Data           4  stm32f10x_rcc.o(.data)
    APBAHBPrescTable                         0x20000004   Data          16  stm32f10x_rcc.o(.data)
    .data                                    0x20000014   Section       60  main.o(.data)
    .data                                    0x20000050   Section        1  steeringengine.o(.data)
    .data                                    0x20000051   Section       81  rfid.o(.data)
    .data                                    0x200000a2   Section        4  usart.o(.data)
    .data                                    0x200000a8   Section        4  usart.o(.data)
    .data                                    0x200000ac   Section       40  distance.o(.data)
    .bss                                     0x200000d4   Section       30  usart.o(.bss)
    STACK                                    0x200000f8   Section     1024  startup_stm32f10x_md.o(STACK)

    Global Symbols

    Symbol Name                              Value     Ov Type        Size  Object(Section)

    BuildAttributes$$THM_ISAv4$P$D$K$B$S$PE$A:L22UL41UL21$X:L11$S22US41US21$IEEE1$IW$USESV6$~STKCKD$USESV7$~SHL$OTIME$ROPI$EBA8$MICROLIB$REQ8$PRES8$EABIv2 0x00000000   Number         0  anon$$obj.o ABSOLUTE
    __ARM_use_no_argv                        0x00000000   Number         0  main.o ABSOLUTE
    __use_no_errno                           0x00000000   Number         0  useno.o ABSOLUTE
    __use_no_exception_handling              0x00000000   Number         0  useno.o ABSOLUTE
    __use_no_fp                              0x00000000   Number         0  useno.o ABSOLUTE
    __use_no_heap                            0x00000000   Number         0  useno.o ABSOLUTE
    __use_no_heap_region                     0x00000000   Number         0  useno.o ABSOLUTE
    __use_no_semihosting                     0x00000000   Number         0  useno.o ABSOLUTE
    __use_no_semihosting_swi                 0x00000000   Number         0  useno.o ABSOLUTE
    __use_no_signal_handling                 0x00000000   Number         0  useno.o ABSOLUTE
    _printf_a                                0x00000000   Number         0  stubs.o ABSOLUTE
    _printf_c                                0x00000000   Number         0  stubs.o ABSOLUTE
    _printf_charcount                        0x00000000   Number         0  stubs.o ABSOLUTE
    _printf_d                                0x00000000   Number         0  stubs.o ABSOLUTE
    _printf_e                                0x00000000   Number         0  stubs.o ABSOLUTE
    _printf_f                                0x00000000   Number         0  stubs.o ABSOLUTE
    _printf_flags                            0x00000000   Number         0  stubs.o ABSOLUTE
    _printf_fp_dec                           0x00000000   Number         0  stubs.o ABSOLUTE
    _printf_fp_hex                           0x00000000   Number         0  stubs.o ABSOLUTE
    _printf_g                                0x00000000   Number         0  stubs.o ABSOLUTE
    _printf_i                                0x00000000   Number         0  stubs.o ABSOLUTE
    _printf_int_dec                          0x00000000   Number         0  stubs.o ABSOLUTE
    _printf_l                                0x00000000   Number         0  stubs.o ABSOLUTE
    _printf_lc                               0x00000000   Number         0  stubs.o ABSOLUTE
    _printf_ll                               0x00000000   Number         0  stubs.o ABSOLUTE
    _printf_lld                              0x00000000   Number         0  stubs.o ABSOLUTE
    _printf_lli                              0x00000000   Number         0  stubs.o ABSOLUTE
    _printf_llo                              0x00000000   Number         0  stubs.o ABSOLUTE
    _printf_llu                              0x00000000   Number         0  stubs.o ABSOLUTE
    _printf_llx                              0x00000000   Number         0  stubs.o ABSOLUTE
    _printf_longlong_dec                     0x00000000   Number         0  stubs.o ABSOLUTE
    _printf_longlong_hex                     0x00000000   Number         0  stubs.o ABSOLUTE
    _printf_longlong_oct                     0x00000000   Number         0  stubs.o ABSOLUTE
    _printf_ls                               0x00000000   Number         0  stubs.o ABSOLUTE
    _printf_mbtowc                           0x00000000   Number         0  stubs.o ABSOLUTE
    _printf_n                                0x00000000   Number         0  stubs.o ABSOLUTE
    _printf_o                                0x00000000   Number         0  stubs.o ABSOLUTE
    _printf_p                                0x00000000   Number         0  stubs.o ABSOLUTE
    _printf_percent                          0x00000000   Number         0  stubs.o ABSOLUTE
    _printf_pre_padding                      0x00000000   Number         0  stubs.o ABSOLUTE
    _printf_return_value                     0x00000000   Number         0  stubs.o ABSOLUTE
    _printf_s                                0x00000000   Number         0  stubs.o ABSOLUTE
    _printf_sizespec                         0x00000000   Number         0  stubs.o ABSOLUTE
    _printf_str                              0x00000000   Number         0  stubs.o ABSOLUTE
    _printf_truncate_signed                  0x00000000   Number         0  stubs.o ABSOLUTE
    _printf_truncate_unsigned                0x00000000   Number         0  stubs.o ABSOLUTE
    _printf_u                                0x00000000   Number         0  stubs.o ABSOLUTE
    _printf_wc                               0x00000000   Number         0  stubs.o ABSOLUTE
    _printf_wctomb                           0x00000000   Number         0  stubs.o ABSOLUTE
    _printf_widthprec                        0x00000000   Number         0  stubs.o ABSOLUTE
    _printf_x                                0x00000000   Number         0  stubs.o ABSOLUTE
    __cpp_initialize__aeabi_                  - Undefined Weak Reference
    __cxa_finalize                            - Undefined Weak Reference
    __decompress                              - Undefined Weak Reference
    _clock_init                               - Undefined Weak Reference
    _microlib_exit                            - Undefined Weak Reference
    __Vectors_Size                           0x000000ec   Number         0  startup_stm32f10x_md.o ABSOLUTE
    __Vectors                                0x08000000   Data           4  startup_stm32f10x_md.o(RESET)
    __Vectors_End                            0x080000ec   Data           0  startup_stm32f10x_md.o(RESET)
    __main                                   0x080000ed   Thumb Code     0  entry.o(.ARM.Collect$$$$00000000)
    _main_stk                                0x080000ed   Thumb Code     0  entry2.o(.ARM.Collect$$$$00000001)
    _main_scatterload                        0x080000f1   Thumb Code     0  entry5.o(.ARM.Collect$$$$00000004)
    __main_after_scatterload                 0x080000f5   Thumb Code     0  entry5.o(.ARM.Collect$$$$00000004)
    _main_clock                              0x080000f5   Thumb Code     0  entry7b.o(.ARM.Collect$$$$00000008)
    _main_cpp_init                           0x080000f5   Thumb Code     0  entry8b.o(.ARM.Collect$$$$0000000A)
    _main_init                               0x080000f5   Thumb Code     0  entry9a.o(.ARM.Collect$$$$0000000B)
    __rt_final_cpp                           0x080000fd   Thumb Code     0  entry10a.o(.ARM.Collect$$$$0000000D)
    __rt_final_exit                          0x080000fd   Thumb Code     0  entry11a.o(.ARM.Collect$$$$0000000F)
    Reset_Handler                            0x08000101   Thumb Code     8  startup_stm32f10x_md.o(.text)
    ADC1_2_IRQHandler                        0x0800011b   Thumb Code     0  startup_stm32f10x_md.o(.text)
    CAN1_RX1_IRQHandler                      0x0800011b   Thumb Code     0  startup_stm32f10x_md.o(.text)
    CAN1_SCE_IRQHandler                      0x0800011b   Thumb Code     0  startup_stm32f10x_md.o(.text)
    DMA1_Channel1_IRQHandler                 0x0800011b   Thumb Code     0  startup_stm32f10x_md.o(.text)
    DMA1_Channel2_IRQHandler                 0x0800011b   Thumb Code     0  startup_stm32f10x_md.o(.text)
    DMA1_Channel3_IRQHandler                 0x0800011b   Thumb Code     0  startup_stm32f10x_md.o(.text)
    DMA1_Channel4_IRQHandler                 0x0800011b   Thumb Code     0  startup_stm32f10x_md.o(.text)
    DMA1_Channel5_IRQHandler                 0x0800011b   Thumb Code     0  startup_stm32f10x_md.o(.text)
    DMA1_Channel6_IRQHandler                 0x0800011b   Thumb Code     0  startup_stm32f10x_md.o(.text)
    DMA1_Channel7_IRQHandler                 0x0800011b   Thumb Code     0  startup_stm32f10x_md.o(.text)
    EXTI15_10_IRQHandler                     0x0800011b   Thumb Code     0  startup_stm32f10x_md.o(.text)
    EXTI2_IRQHandler                         0x0800011b   Thumb Code     0  startup_stm32f10x_md.o(.text)
    EXTI3_IRQHandler                         0x0800011b   Thumb Code     0  startup_stm32f10x_md.o(.text)
    EXTI4_IRQHandler                         0x0800011b   Thumb Code     0  startup_stm32f10x_md.o(.text)
    EXTI9_5_IRQHandler                       0x0800011b   Thumb Code     0  startup_stm32f10x_md.o(.text)
    FLASH_IRQHandler                         0x0800011b   Thumb Code     0  startup_stm32f10x_md.o(.text)
    I2C1_ER_IRQHandler                       0x0800011b   Thumb Code     0  startup_stm32f10x_md.o(.text)
    I2C1_EV_IRQHandler                       0x0800011b   Thumb Code     0  startup_stm32f10x_md.o(.text)
    I2C2_ER_IRQHandler                       0x0800011b   Thumb Code     0  startup_stm32f10x_md.o(.text)
    I2C2_EV_IRQHandler                       0x0800011b   Thumb Code     0  startup_stm32f10x_md.o(.text)
    PVD_IRQHandler                           0x0800011b   Thumb Code     0  startup_stm32f10x_md.o(.text)
    RCC_IRQHandler                           0x0800011b   Thumb Code     0  startup_stm32f10x_md.o(.text)
    RTCAlarm_IRQHandler                      0x0800011b   Thumb Code     0  startup_stm32f10x_md.o(.text)
    RTC_IRQHandler                           0x0800011b   Thumb Code     0  startup_stm32f10x_md.o(.text)
    SPI1_IRQHandler                          0x0800011b   Thumb Code     0  startup_stm32f10x_md.o(.text)
    SPI2_IRQHandler                          0x0800011b   Thumb Code     0  startup_stm32f10x_md.o(.text)
    TAMPER_IRQHandler                        0x0800011b   Thumb Code     0  startup_stm32f10x_md.o(.text)
    TIM1_BRK_IRQHandler                      0x0800011b   Thumb Code     0  startup_stm32f10x_md.o(.text)
    TIM1_CC_IRQHandler                       0x0800011b   Thumb Code     0  startup_stm32f10x_md.o(.text)
    TIM1_TRG_COM_IRQHandler                  0x0800011b   Thumb Code     0  startup_stm32f10x_md.o(.text)
    TIM1_UP_IRQHandler                       0x0800011b   Thumb Code     0  startup_stm32f10x_md.o(.text)
    TIM4_IRQHandler                          0x0800011b   Thumb Code     0  startup_stm32f10x_md.o(.text)
    USBWakeUp_IRQHandler                     0x0800011b   Thumb Code     0  startup_stm32f10x_md.o(.text)
    USB_HP_CAN1_TX_IRQHandler                0x0800011b   Thumb Code     0  startup_stm32f10x_md.o(.text)
    USB_LP_CAN1_RX0_IRQHandler               0x0800011b   Thumb Code     0  startup_stm32f10x_md.o(.text)
    WWDG_IRQHandler                          0x0800011b   Thumb Code     0  startup_stm32f10x_md.o(.text)
    __aeabi_memset                           0x08000125   Thumb Code    14  memseta.o(.text)
    __aeabi_memset4                          0x08000125   Thumb Code     0  memseta.o(.text)
    __aeabi_memset8                          0x08000125   Thumb Code     0  memseta.o(.text)
    __aeabi_memclr                           0x08000133   Thumb Code     4  memseta.o(.text)
    __aeabi_memclr4                          0x08000133   Thumb Code     0  memseta.o(.text)
    __aeabi_memclr8                          0x08000133   Thumb Code     0  memseta.o(.text)
    _memset$wrapper                          0x08000137   Thumb Code    18  memseta.o(.text)
    __aeabi_fadd                             0x08000149   Thumb Code   164  fadd.o(.text)
    __aeabi_fsub                             0x080001ed   Thumb Code     6  fadd.o(.text)
    __aeabi_frsub                            0x080001f3   Thumb Code     6  fadd.o(.text)
    __ARM_scalbnf                            0x080001f9   Thumb Code    24  fscalb.o(.text)
    scalbnf                                  0x080001f9   Thumb Code     0  fscalb.o(.text)
    __aeabi_dadd                             0x08000211   Thumb Code   322  dadd.o(.text)
    __aeabi_dsub                             0x08000353   Thumb Code     6  dadd.o(.text)
    __aeabi_drsub                            0x08000359   Thumb Code     6  dadd.o(.text)
    __aeabi_dmul                             0x0800035f   Thumb Code   228  dmul.o(.text)
    __aeabi_ddiv                             0x08000443   Thumb Code   222  ddiv.o(.text)
    __aeabi_i2f                              0x08000521   Thumb Code    18  fflti.o(.text)
    __aeabi_i2d                              0x08000533   Thumb Code    34  dflti.o(.text)
    __aeabi_d2iz                             0x08000555   Thumb Code    62  dfixi.o(.text)
    __aeabi_f2d                              0x08000593   Thumb Code    38  f2d.o(.text)
    __aeabi_cfcmpeq                          0x080005b9   Thumb Code     0  cfcmple.o(.text)
    __aeabi_cfcmple                          0x080005b9   Thumb Code    20  cfcmple.o(.text)
    __aeabi_cfrcmple                         0x080005cd   Thumb Code    20  cfrcmple.o(.text)
    __aeabi_uidiv                            0x080005e1   Thumb Code     0  uidiv.o(.text)
    __aeabi_uidivmod                         0x080005e1   Thumb Code    44  uidiv.o(.text)
    __aeabi_llsl                             0x0800060d   Thumb Code    30  llshl.o(.text)
    _ll_shift_l                              0x0800060d   Thumb Code     0  llshl.o(.text)
    __aeabi_llsr                             0x0800062b   Thumb Code    32  llushr.o(.text)
    _ll_ushift_r                             0x0800062b   Thumb Code     0  llushr.o(.text)
    __aeabi_lasr                             0x0800064b   Thumb Code    36  llsshr.o(.text)
    _ll_sshift_r                             0x0800064b   Thumb Code     0  llsshr.o(.text)
    __I$use$fp                               0x0800066f   Thumb Code     0  iusefp.o(.text)
    _float_round                             0x0800066f   Thumb Code    18  fepilogue.o(.text)
    _float_epilogue                          0x08000681   Thumb Code    92  fepilogue.o(.text)
    _double_round                            0x080006dd   Thumb Code    30  depilogue.o(.text)
    _double_epilogue                         0x080006fb   Thumb Code   156  depilogue.o(.text)
    __scatterload                            0x08000799   Thumb Code    28  init.o(.text)
    __scatterload_rt2                        0x08000799   Thumb Code     0  init.o(.text)
    BusFault_Handler                         0x080007bd   Thumb Code     2  stm32f10x_it.o(i.BusFault_Handler)
    CarGoLeft_1                              0x080007bf   Thumb Code    26  tracking.o(i.CarGoLeft_1)
    CarGoRight                               0x080007d9   Thumb Code    26  tracking.o(i.CarGoRight)
    CarGoRight_1                             0x080007f3   Thumb Code    26  tracking.o(i.CarGoRight_1)
    CircleLeft_R                             0x0800080d   Thumb Code    26  tracking.o(i.CircleLeft_R)
    CircleRight_R                            0x08000827   Thumb Code    26  tracking.o(i.CircleRight_R)
    DIS_A_INT                                0x08000841   Thumb Code    34  distance.o(i.DIS_A_INT)
    DIS_A_INT_1                              0x08000863   Thumb Code    34  distance.o(i.DIS_A_INT_1)
    DebugMon_Handler                         0x08000885   Thumb Code     2  stm32f10x_it.o(i.DebugMon_Handler)
    EXTI0_IRQHandler                         0x08000889   Thumb Code   174  distance.o(i.EXTI0_IRQHandler)
    EXTI1_IRQHandler                         0x08000951   Thumb Code   174  distance.o(i.EXTI1_IRQHandler)
    EXTI_ClearITPendingBit                   0x08000a19   Thumb Code    24  stm32f10x_exti.o(i.EXTI_ClearITPendingBit)
    EXTI_GetITStatus                         0x08000a4d   Thumb Code   142  stm32f10x_exti.o(i.EXTI_GetITStatus)
    EXTI_Init                                0x08000af9   Thumb Code   180  stm32f10x_exti.o(i.EXTI_Init)
    GET_UID1                                 0x08000bc9   Thumb Code   100  rfid.o(i.GET_UID1)
    GET_UID2                                 0x08000c35   Thumb Code    96  rfid.o(i.GET_UID2)
    GPIOG_Configuration                      0x08000c9d   Thumb Code   186  configuration1.o(i.GPIOG_Configuration)
    GPIO_Configuration                       0x08000d5d   Thumb Code   132  configuration1.o(i.GPIO_Configuration)
    GPIO_EXTILineConfig                      0x08000de9   Thumb Code   146  stm32f10x_gpio.o(i.GPIO_EXTILineConfig)
    GPIO_Init                                0x08000e99   Thumb Code   288  stm32f10x_gpio.o(i.GPIO_Init)
    GPIO_PinRemapConfig                      0x08000fed   Thumb Code   382  stm32f10x_gpio.o(i.GPIO_PinRemapConfig)
    GPIO_ReadInputDataBit                    0x080011c9   Thumb Code   162  stm32f10x_gpio.o(i.GPIO_ReadInputDataBit)
    GPIO_ResetBits                           0x080012a1   Thumb Code    74  stm32f10x_gpio.o(i.GPIO_ResetBits)
    GPIO_SetBits                             0x08001321   Thumb Code    74  stm32f10x_gpio.o(i.GPIO_SetBits)
    GetDistance_A                            0x080013a1   Thumb Code    38  distance.o(i.GetDistance_A)
    GetDistance_B                            0x080013d1   Thumb Code    38  distance.o(i.GetDistance_B)
    HardFault_Handler                        0x08001401   Thumb Code     2  stm32f10x_it.o(i.HardFault_Handler)
    Interrupt_init                           0x08001405   Thumb Code    62  distance.o(i.Interrupt_init)
    Interrupt_init_1                         0x0800144d   Thumb Code    62  distance.o(i.Interrupt_init_1)
    MemManage_Handler                        0x08001495   Thumb Code     2  stm32f10x_it.o(i.MemManage_Handler)
    NMI_Handler                              0x08001497   Thumb Code     2  stm32f10x_it.o(i.NMI_Handler)
    NVIC_Configuration                       0x08001499   Thumb Code     8  sys.o(i.NVIC_Configuration)
    NVIC_Init                                0x080014a1   Thumb Code   142  misc.o(i.NVIC_Init)
    NVIC_PriorityGroupConfig                 0x08001541   Thumb Code    52  misc.o(i.NVIC_PriorityGroupConfig)
    Output_init                              0x08001589   Thumb Code    38  distance.o(i.Output_init)
    Output_init_1                            0x080015b5   Thumb Code    38  distance.o(i.Output_init_1)
    PendSV_Handler                           0x080015e1   Thumb Code     2  stm32f10x_it.o(i.PendSV_Handler)
    RCC_APB1PeriphClockCmd                   0x080015e5   Thumb Code    56  stm32f10x_rcc.o(i.RCC_APB1PeriphClockCmd)
    RCC_APB1PeriphResetCmd                   0x08001639   Thumb Code    56  stm32f10x_rcc.o(i.RCC_APB1PeriphResetCmd)
    RCC_APB2PeriphClockCmd                   0x0800168d   Thumb Code    56  stm32f10x_rcc.o(i.RCC_APB2PeriphClockCmd)
    RCC_APB2PeriphResetCmd                   0x080016e1   Thumb Code    56  stm32f10x_rcc.o(i.RCC_APB2PeriphResetCmd)
    RCC_Configuration                        0x08001735   Thumb Code    24  configuration1.o(i.RCC_Configuration)
    RCC_GetClocksFreq                        0x0800174d   Thumb Code   132  stm32f10x_rcc.o(i.RCC_GetClocksFreq)
    RFID_Disableantenna1                     0x080017e1   Thumb Code    82  rfid.o(i.RFID_Disableantenna1)
    RFID_Disableantenna2                     0x0800183d   Thumb Code    82  rfid.o(i.RFID_Disableantenna2)
    RFID_Init1                               0x08001899   Thumb Code    90  rfid.o(i.RFID_Init1)
    RFID_Init2                               0x080018fd   Thumb Code    82  rfid.o(i.RFID_Init2)
    RFID_READ1                               0x08001959   Thumb Code   144  rfid.o(i.RFID_READ1)
    RFID_READ2                               0x080019f5   Thumb Code   136  rfid.o(i.RFID_READ2)
    SVC_Handler                              0x08001a89   Thumb Code     2  stm32f10x_it.o(i.SVC_Handler)
    SysTick_Handler                          0x08001b35   Thumb Code     2  stm32f10x_it.o(i.SysTick_Handler)
    SystemInit                               0x08001b39   Thumb Code    64  system_stm32f10x.o(i.SystemInit)
    TIM2_IRQHandler                          0x08001b89   Thumb Code    20  distance.o(i.TIM2_IRQHandler)
    TIM3_IRQHandler                          0x08001ba1   Thumb Code   254  main.o(i.TIM3_IRQHandler)
    TIM3_Init                                0x08001cad   Thumb Code    64  main.o(i.TIM3_Init)
    TIM_ARRPreloadConfig                     0x08001cf1   Thumb Code   152  stm32f10x_tim.o(i.TIM_ARRPreloadConfig)
    TIM_ClearITPendingBit                    0x08001ddd   Thumb Code   140  stm32f10x_tim.o(i.TIM_ClearITPendingBit)
    TIM_Cmd                                  0x08001ebd   Thumb Code   152  stm32f10x_tim.o(i.TIM_Cmd)
    TIM_GetCounter                           0x08001fa9   Thumb Code   120  stm32f10x_tim.o(i.TIM_GetCounter)
    TIM_ITConfig                             0x08002075   Thumb Code   166  stm32f10x_tim.o(i.TIM_ITConfig)
    TIM_OC1Init                              0x08002171   Thumb Code   364  stm32f10x_tim.o(i.TIM_OC1Init)
    TIM_OC1PreloadConfig                     0x08002329   Thumb Code   134  stm32f10x_tim.o(i.TIM_OC1PreloadConfig)
    TIM_OC2Init                              0x080023fd   Thumb Code   342  stm32f10x_tim.o(i.TIM_OC2Init)
    TIM_OC2PreloadConfig                     0x08002589   Thumb Code   106  stm32f10x_tim.o(i.TIM_OC2PreloadConfig)
    TIM_OC3Init                              0x08002629   Thumb Code   320  stm32f10x_tim.o(i.TIM_OC3Init)
    TIM_OC3PreloadConfig                     0x08002791   Thumb Code    80  stm32f10x_tim.o(i.TIM_OC3PreloadConfig)
    TIM_OC4Init                              0x08002809   Thumb Code   238  stm32f10x_tim.o(i.TIM_OC4Init)
    TIM_OC4PreloadConfig                     0x08002921   Thumb Code    88  stm32f10x_tim.o(i.TIM_OC4PreloadConfig)
    TIM_PWM_Init                             0x080029a1   Thumb Code   148  steeringengine.o(i.TIM_PWM_Init)
    TIM_SetCompare1                          0x08002a39   Thumb Code   110  stm32f10x_tim.o(i.TIM_SetCompare1)
    TIM_SetCompare2                          0x08002af5   Thumb Code    74  stm32f10x_tim.o(i.TIM_SetCompare2)
    TIM_SetCompare3                          0x08002b75   Thumb Code    56  stm32f10x_tim.o(i.TIM_SetCompare3)
    TIM_SetCompare4                          0x08002bd5   Thumb Code    58  stm32f10x_tim.o(i.TIM_SetCompare4)
    TIM_TimeBaseInit                         0x08002c39   Thumb Code   280  stm32f10x_tim.o(i.TIM_TimeBaseInit)
    USART1_IRQHandler                        0x08002da5   Thumb Code    92  usart.o(i.USART1_IRQHandler)
    USART2_IRQHandler                        0x08002e0d   Thumb Code    92  usart.o(i.USART2_IRQHandler)
    USART3_Configuration                     0x08002e75   Thumb Code    80  main.o(i.USART3_Configuration)
    USART3_IRQHandler                        0x08002ec9   Thumb Code   108  main.o(i.USART3_IRQHandler)
    USART3_RCC_Configuration                 0x08002f3d   Thumb Code     8  main.o(i.USART3_RCC_Configuration)
    USART_ClearFlag                          0x08002f45   Thumb Code   102  stm32f10x_usart.o(i.USART_ClearFlag)
    USART_ClearITPendingBit                  0x08002fd9   Thumb Code   134  stm32f10x_usart.o(i.USART_ClearITPendingBit)
    USART_Cmd                                0x0800308d   Thumb Code    80  stm32f10x_usart.o(i.USART_Cmd)
    USART_DeInit                             0x08003109   Thumb Code   134  stm32f10x_usart.o(i.USART_DeInit)
    USART_GetFlagStatus                      0x080031bd   Thumb Code   140  stm32f10x_usart.o(i.USART_GetFlagStatus)
    USART_GetITStatus                        0x08003275   Thumb Code   222  stm32f10x_usart.o(i.USART_GetITStatus)
    USART_ITConfig                           0x08003381   Thumb Code   210  stm32f10x_usart.o(i.USART_ITConfig)
    USART_Init                               0x08003481   Thumb Code   370  stm32f10x_usart.o(i.USART_Init)
    USART_ReceiveData                        0x08003625   Thumb Code    52  stm32f10x_usart.o(i.USART_ReceiveData)
    USART_SendData                           0x08003685   Thumb Code    70  stm32f10x_usart.o(i.USART_SendData)
    UsageFault_Handler                       0x080036f9   Thumb Code     2  stm32f10x_it.o(i.UsageFault_Handler)
    __0printf$3                              0x080036fd   Thumb Code    22  printf3.o(i.__0printf$3)
    __1printf$3                              0x080036fd   Thumb Code     0  printf3.o(i.__0printf$3)
    __2printf                                0x080036fd   Thumb Code     0  printf3.o(i.__0printf$3)
    __scatterload_copy                       0x0800371d   Thumb Code    14  handlers.o(i.__scatterload_copy)
    __scatterload_null                       0x0800372b   Thumb Code     2  handlers.o(i.__scatterload_null)
    __scatterload_zeroinit                   0x0800372d   Thumb Code    14  handlers.o(i.__scatterload_zeroinit)
    action_1                                 0x080038f5   Thumb Code    76  main.o(i.action_1)
    assert_failed                            0x08003949   Thumb Code    12  main.o(i.assert_failed)
    back_n_step                              0x08003985   Thumb Code   186  main.o(i.back_n_step)
    brake                                    0x08003a49   Thumb Code    46  tracking.o(i.brake)
    delay_nms                                0x08003a77   Thumb Code    22  delay.o(i.delay_nms)
    delay_nus                                0x08003a8d   Thumb Code    16  delay.o(i.delay_nus)
    exti_init                                0x08003a9d   Thumb Code    62  distance.o(i.exti_init)
    exti_init_1                              0x08003adb   Thumb Code    64  distance.o(i.exti_init_1)
    fputc                                    0x08003b1d   Thumb Code    30  usart.o(i.fputc)
    go_1                                     0x08003b41   Thumb Code    86  main.o(i.go_1)
    go_back_1                                0x08003ba1   Thumb Code    74  main.o(i.go_back_1)
    go_n_step                                0x08003bf5   Thumb Code   192  main.o(i.go_n_step)
    gobackwards                              0x08003cbd   Thumb Code    26  tracking.o(i.gobackwards)
    goforwards                               0x08003cd7   Thumb Code    26  tracking.o(i.goforwards)
    goforwards_distance                      0x08003cf1   Thumb Code   208  main.o(i.goforwards_distance)
    main                                     0x08003dc1   Thumb Code   642  main.o(i.main)
    nvic                                     0x08004061   Thumb Code   104  main.o(i.nvic)
    read1                                    0x080040c9   Thumb Code    90  main.o(i.read1)
    read2                                    0x08004129   Thumb Code    76  main.o(i.read2)
    setWheel                                 0x08004175   Thumb Code    44  steeringengine.o(i.setWheel)
    timer2_IRQ_init                          0x080041a9   Thumb Code    32  distance.o(i.timer2_IRQ_init)
    timer2_init                              0x080041c9   Thumb Code    64  distance.o(i.timer2_init)
    track1                                   0x08004209   Thumb Code    74  main.o(i.track1)
    track2                                   0x0800425d   Thumb Code   130  main.o(i.track2)
    turn_0                                   0x080042e9   Thumb Code    70  main.o(i.turn_0)
    turn_1                                   0x08004339   Thumb Code    70  main.o(i.turn_1)
    turn_2                                   0x08004389   Thumb Code    64  main.o(i.turn_2)
    turn_22                                  0x080043d1   Thumb Code   104  main.o(i.turn_22)
    turn_3                                   0x08004441   Thumb Code    72  main.o(i.turn_3)
    turn_left                                0x08004491   Thumb Code    26  tracking.o(i.turn_left)
    turn_right                               0x080044ab   Thumb Code    26  tracking.o(i.turn_right)
    uart1_init                               0x080044c5   Thumb Code   156  usart.o(i.uart1_init)
    uart2_init                               0x08004569   Thumb Code   166  usart.o(i.uart2_init)
    uart_receive_mydata1                     0x08004619   Thumb Code    30  usart.o(i.uart_receive_mydata1)
    uart_receive_mydata2                     0x08004641   Thumb Code    30  usart.o(i.uart_receive_mydata2)
    uart_send_mydata1                        0x08004669   Thumb Code    44  usart.o(i.uart_send_mydata1)
    uart_send_mydata2                        0x08004699   Thumb Code    44  usart.o(i.uart_send_mydata2)
    Region$$Table$$Base                      0x080046e8   Number         0  anon$$obj.o(Region$$Table)
    Region$$Table$$Limit                     0x08004708   Number         0  anon$$obj.o(Region$$Table)
    success                                  0x20000014   Data           1  main.o(.data)
    duoji_success                            0x20000015   Data           1  main.o(.data)
    b                                        0x20000016   Data           1  main.o(.data)
    mission                                  0x20000017   Data           1  main.o(.data)
    a                                        0x20000018   Data           1  main.o(.data)
    carpos                                   0x20000019   Data           1  main.o(.data)
    flag_count                               0x2000001a   Data           1  main.o(.data)
    temp1                                    0x2000001b   Data           1  main.o(.data)
    temp2                                    0x2000001c   Data           1  main.o(.data)
    RxData                                   0x2000001d   Data           1  main.o(.data)
    f1                                       0x2000001e   Data           1  main.o(.data)
    f2                                       0x2000001f   Data           1  main.o(.data)
    f3                                       0x20000020   Data           1  main.o(.data)
    f4                                       0x20000021   Data           1  main.o(.data)
    f5                                       0x20000022   Data           1  main.o(.data)
    f6                                       0x20000023   Data           1  main.o(.data)
    f11                                      0x20000024   Data           1  main.o(.data)
    f9                                       0x20000025   Data           1  main.o(.data)
    f12                                      0x20000026   Data           1  main.o(.data)
    t1                                       0x20000027   Data           1  main.o(.data)
    t2                                       0x20000028   Data           1  main.o(.data)
    t3                                       0x20000029   Data           1  main.o(.data)
    t4                                       0x2000002a   Data           1  main.o(.data)
    high_flag1                               0x2000002b   Data           1  main.o(.data)
    high_flag2                               0x2000002c   Data           1  main.o(.data)
    i                                        0x20000030   Data           4  main.o(.data)
    dis_1                                    0x20000034   Data           4  main.o(.data)
    dis_11                                   0x20000038   Data           4  main.o(.data)
    dis_12                                   0x2000003c   Data           4  main.o(.data)
    ruo                                      0x20000040   Data           4  main.o(.data)
    xi                                       0x20000044   Data           4  main.o(.data)
    wu                                       0x20000048   Data           4  main.o(.data)
    shuang                                   0x2000004c   Data           4  main.o(.data)
    zhang                                    0x20000050   Data           1  steeringengine.o(.data)
    RFID_init_data                           0x20000051   Data          10  rfid.o(.data)
    Get_uid_data                             0x2000005b   Data           9  rfid.o(.data)
    RFID_READ_data                           0x20000064   Data          20  rfid.o(.data)
    Disable_antenna_data                     0x20000078   Data          10  rfid.o(.data)
    RFID_WRITE_data                          0x20000082   Data          23  rfid.o(.data)
    RFID                                     0x20000099   Data           9  rfid.o(.data)
    len                                      0x200000a2   Data           1  usart.o(.data)
    USART_RX_STA                             0x200000a4   Data           2  usart.o(.data)
    __stdout                                 0x200000a8   Data           4  usart.o(.data)
    distance_mm                              0x200000ac   Data           4  distance.o(.data)
    distance_mm_1                            0x200000b0   Data           4  distance.o(.data)
    time_us                                  0x200000b4   Data           4  distance.o(.data)
    time_us_1                                0x200000b8   Data           4  distance.o(.data)
    counter                                  0x200000bc   Data           4  distance.o(.data)
    ReadValue                                0x200000c0   Data           4  distance.o(.data)
    ReadValue_1                              0x200000c4   Data           4  distance.o(.data)
    T                                        0x200000c8   Data           4  distance.o(.data)
    hu                                       0x200000cc   Data           4  distance.o(.data)
    rui                                      0x200000d0   Data           4  distance.o(.data)
    USART_RX_BUF                             0x200000d4   Data          30  usart.o(.bss)
    __initial_sp                             0x200004f8   Data           0  startup_stm32f10x_md.o(STACK)



==============================================================================

Memory Map of the image

  Image Entry point : 0x08000101

  Load Region LR_1 (Base: 0x08000000, Size: 0x000047dc, Max: 0xffffffff, ABSOLUTE)

    Execution Region ER_RO (Base: 0x08000000, Size: 0x00004708, Max: 0xffffffff, ABSOLUTE)

    Base Addr    Size         Type   Attr      Idx    E Section Name        Object

    0x08000000   0x000000ec   Data   RO         3045    RESET               startup_stm32f10x_md.o
    0x080000ec   0x00000000   Code   RO         3807  * .ARM.Collect$$$$00000000  mc_w.l(entry.o)
    0x080000ec   0x00000004   Code   RO         4095    .ARM.Collect$$$$00000001  mc_w.l(entry2.o)
    0x080000f0   0x00000004   Code   RO         4098    .ARM.Collect$$$$00000004  mc_w.l(entry5.o)
    0x080000f4   0x00000000   Code   RO         4100    .ARM.Collect$$$$00000008  mc_w.l(entry7b.o)
    0x080000f4   0x00000000   Code   RO         4102    .ARM.Collect$$$$0000000A  mc_w.l(entry8b.o)
    0x080000f4   0x00000008   Code   RO         4103    .ARM.Collect$$$$0000000B  mc_w.l(entry9a.o)
    0x080000fc   0x00000000   Code   RO         4105    .ARM.Collect$$$$0000000D  mc_w.l(entry10a.o)
    0x080000fc   0x00000000   Code   RO         4107    .ARM.Collect$$$$0000000F  mc_w.l(entry11a.o)
    0x080000fc   0x00000004   Code   RO         4096    .ARM.Collect$$$$00002712  mc_w.l(entry2.o)
    0x08000100   0x00000024   Code   RO         3046  * .text               startup_stm32f10x_md.o
    0x08000124   0x00000024   Code   RO         3810    .text               mc_w.l(memseta.o)
    0x08000148   0x000000b0   Code   RO         4073    .text               mf_w.l(fadd.o)
    0x080001f8   0x00000018   Code   RO         4075    .text               mf_w.l(fscalb.o)
    0x08000210   0x0000014e   Code   RO         4077    .text               mf_w.l(dadd.o)
    0x0800035e   0x000000e4   Code   RO         4079    .text               mf_w.l(dmul.o)
    0x08000442   0x000000de   Code   RO         4081    .text               mf_w.l(ddiv.o)
    0x08000520   0x00000012   Code   RO         4083    .text               mf_w.l(fflti.o)
    0x08000532   0x00000022   Code   RO         4085    .text               mf_w.l(dflti.o)
    0x08000554   0x0000003e   Code   RO         4087    .text               mf_w.l(dfixi.o)
    0x08000592   0x00000026   Code   RO         4089    .text               mf_w.l(f2d.o)
    0x080005b8   0x00000014   Code   RO         4091    .text               mf_w.l(cfcmple.o)
    0x080005cc   0x00000014   Code   RO         4093    .text               mf_w.l(cfrcmple.o)
    0x080005e0   0x0000002c   Code   RO         4109    .text               mc_w.l(uidiv.o)
    0x0800060c   0x0000001e   Code   RO         4113    .text               mc_w.l(llshl.o)
    0x0800062a   0x00000020   Code   RO         4115    .text               mc_w.l(llushr.o)
    0x0800064a   0x00000024   Code   RO         4117    .text               mc_w.l(llsshr.o)
    0x0800066e   0x00000000   Code   RO         4119    .text               mc_w.l(iusefp.o)
    0x0800066e   0x0000006e   Code   RO         4120    .text               mf_w.l(fepilogue.o)
    0x080006dc   0x000000ba   Code   RO         4122    .text               mf_w.l(depilogue.o)
    0x08000796   0x00000002   PAD
    0x08000798   0x00000024   Code   RO         4128    .text               mc_w.l(init.o)
    0x080007bc   0x00000002   Code   RO         3287    i.BusFault_Handler  stm32f10x_it.o
    0x080007be   0x0000001a   Code   RO         3714    i.CarGoLeft_1       tracking.o
    0x080007d8   0x0000001a   Code   RO         3715    i.CarGoRight        tracking.o
    0x080007f2   0x0000001a   Code   RO         3716    i.CarGoRight_1      tracking.o
    0x0800080c   0x0000001a   Code   RO         3718    i.CircleLeft_R      tracking.o
    0x08000826   0x0000001a   Code   RO         3719    i.CircleRight_R     tracking.o
    0x08000840   0x00000022   Code   RO         3587    i.DIS_A_INT         distance.o
    0x08000862   0x00000022   Code   RO         3588    i.DIS_A_INT_1       distance.o
    0x08000884   0x00000002   Code   RO         3288    i.DebugMon_Handler  stm32f10x_it.o
    0x08000886   0x00000002   PAD
    0x08000888   0x000000c8   Code   RO         3589    i.EXTI0_IRQHandler  distance.o
    0x08000950   0x000000c8   Code   RO         3590    i.EXTI1_IRQHandler  distance.o
    0x08000a18   0x00000034   Code   RO          887    i.EXTI_ClearITPendingBit  stm32f10x_exti.o
    0x08000a4c   0x000000ac   Code   RO          891    i.EXTI_GetITStatus  stm32f10x_exti.o
    0x08000af8   0x000000d0   Code   RO          892    i.EXTI_Init         stm32f10x_exti.o
    0x08000bc8   0x0000006c   Code   RO         3421    i.GET_UID1          rfid.o
    0x08000c34   0x00000068   Code   RO         3422    i.GET_UID2          rfid.o
    0x08000c9c   0x000000c0   Code   RO         3685    i.GPIOG_Configuration  configuration1.o
    0x08000d5c   0x0000008c   Code   RO         3686    i.GPIO_Configuration  configuration1.o
    0x08000de8   0x000000b0   Code   RO         1235    i.GPIO_EXTILineConfig  stm32f10x_gpio.o
    0x08000e98   0x00000154   Code   RO         1238    i.GPIO_Init         stm32f10x_gpio.o
    0x08000fec   0x000001dc   Code   RO         1240    i.GPIO_PinRemapConfig  stm32f10x_gpio.o
    0x080011c8   0x000000d8   Code   RO         1242    i.GPIO_ReadInputDataBit  stm32f10x_gpio.o
    0x080012a0   0x00000080   Code   RO         1245    i.GPIO_ResetBits    stm32f10x_gpio.o
    0x08001320   0x00000080   Code   RO         1246    i.GPIO_SetBits      stm32f10x_gpio.o
    0x080013a0   0x00000030   Code   RO         3591    i.GetDistance_A     distance.o
    0x080013d0   0x00000030   Code   RO         3592    i.GetDistance_B     distance.o
    0x08001400   0x00000002   Code   RO         3289    i.HardFault_Handler  stm32f10x_it.o
    0x08001402   0x00000002   PAD
    0x08001404   0x00000048   Code   RO         3593    i.Interrupt_init    distance.o
    0x0800144c   0x00000048   Code   RO         3594    i.Interrupt_init_1  distance.o
    0x08001494   0x00000002   Code   RO         3290    i.MemManage_Handler  stm32f10x_it.o
    0x08001496   0x00000002   Code   RO         3291    i.NMI_Handler       stm32f10x_it.o
    0x08001498   0x00000008   Code   RO         3496    i.NVIC_Configuration  sys.o
    0x080014a0   0x000000a0   Code   RO            1    i.NVIC_Init         misc.o
    0x08001540   0x00000048   Code   RO            2    i.NVIC_PriorityGroupConfig  misc.o
    0x08001588   0x0000002c   Code   RO         3595    i.Output_init       distance.o
    0x080015b4   0x0000002c   Code   RO         3596    i.Output_init_1     distance.o
    0x080015e0   0x00000002   Code   RO         3292    i.PendSV_Handler    stm32f10x_it.o
    0x080015e2   0x00000002   PAD
    0x080015e4   0x00000054   Code   RO         1654    i.RCC_APB1PeriphClockCmd  stm32f10x_rcc.o
    0x08001638   0x00000054   Code   RO         1655    i.RCC_APB1PeriphResetCmd  stm32f10x_rcc.o
    0x0800168c   0x00000054   Code   RO         1656    i.RCC_APB2PeriphClockCmd  stm32f10x_rcc.o
    0x080016e0   0x00000054   Code   RO         1657    i.RCC_APB2PeriphResetCmd  stm32f10x_rcc.o
    0x08001734   0x00000018   Code   RO         3687    i.RCC_Configuration  configuration1.o
    0x0800174c   0x00000094   Code   RO         1664    i.RCC_GetClocksFreq  stm32f10x_rcc.o
    0x080017e0   0x0000005c   Code   RO         3423    i.RFID_Disableantenna1  rfid.o
    0x0800183c   0x0000005c   Code   RO         3424    i.RFID_Disableantenna2  rfid.o
    0x08001898   0x00000064   Code   RO         3425    i.RFID_Init1        rfid.o
    0x080018fc   0x0000005c   Code   RO         3426    i.RFID_Init2        rfid.o
    0x08001958   0x0000009c   Code   RO         3427    i.RFID_READ1        rfid.o
    0x080019f4   0x00000094   Code   RO         3428    i.RFID_READ2        rfid.o
    0x08001a88   0x00000002   Code   RO         3293    i.SVC_Handler       stm32f10x_it.o
    0x08001a8a   0x00000002   PAD
    0x08001a8c   0x000000a8   Code   RO         3350    i.SetSysClockTo72   system_stm32f10x.o
    0x08001b34   0x00000002   Code   RO         3294    i.SysTick_Handler   stm32f10x_it.o
    0x08001b36   0x00000002   PAD
    0x08001b38   0x00000050   Code   RO         3352    i.SystemInit        system_stm32f10x.o
    0x08001b88   0x00000018   Code   RO         3597    i.TIM2_IRQHandler   distance.o
    0x08001ba0   0x0000010c   Code   RO         3051    i.TIM3_IRQHandler   main.o
    0x08001cac   0x00000044   Code   RO         3052    i.TIM3_Init         main.o
    0x08001cf0   0x000000ec   Code   RO         2273    i.TIM_ARRPreloadConfig  stm32f10x_tim.o
    0x08001ddc   0x000000e0   Code   RO         2280    i.TIM_ClearITPendingBit  stm32f10x_tim.o
    0x08001ebc   0x000000ec   Code   RO         2285    i.TIM_Cmd           stm32f10x_tim.o
    0x08001fa8   0x000000cc   Code   RO         2304    i.TIM_GetCounter    stm32f10x_tim.o
    0x08002074   0x000000fc   Code   RO         2310    i.TIM_ITConfig      stm32f10x_tim.o
    0x08002170   0x000001b8   Code   RO         2314    i.TIM_OC1Init       stm32f10x_tim.o
    0x08002328   0x000000d4   Code   RO         2317    i.TIM_OC1PreloadConfig  stm32f10x_tim.o
    0x080023fc   0x0000018c   Code   RO         2319    i.TIM_OC2Init       stm32f10x_tim.o
    0x08002588   0x000000a0   Code   RO         2322    i.TIM_OC2PreloadConfig  stm32f10x_tim.o
    0x08002628   0x00000168   Code   RO         2324    i.TIM_OC3Init       stm32f10x_tim.o
    0x08002790   0x00000078   Code   RO         2327    i.TIM_OC3PreloadConfig  stm32f10x_tim.o
    0x08002808   0x00000118   Code   RO         2329    i.TIM_OC4Init       stm32f10x_tim.o
    0x08002920   0x00000080   Code   RO         2331    i.TIM_OC4PreloadConfig  stm32f10x_tim.o
    0x080029a0   0x00000098   Code   RO         3397    i.TIM_PWM_Init      steeringengine.o
    0x08002a38   0x000000bc   Code   RO         2346    i.TIM_SetCompare1   stm32f10x_tim.o
    0x08002af4   0x00000080   Code   RO         2347    i.TIM_SetCompare2   stm32f10x_tim.o
    0x08002b74   0x00000060   Code   RO         2348    i.TIM_SetCompare3   stm32f10x_tim.o
    0x08002bd4   0x00000064   Code   RO         2349    i.TIM_SetCompare4   stm32f10x_tim.o
    0x08002c38   0x0000016c   Code   RO         2356    i.TIM_TimeBaseInit  stm32f10x_tim.o
    0x08002da4   0x00000068   Code   RO         3508    i.USART1_IRQHandler  usart.o
    0x08002e0c   0x00000068   Code   RO         3509    i.USART2_IRQHandler  usart.o
    0x08002e74   0x00000054   Code   RO         3053    i.USART3_Configuration  main.o
    0x08002ec8   0x00000074   Code   RO         3054    i.USART3_IRQHandler  main.o
    0x08002f3c   0x00000008   Code   RO         3055    i.USART3_RCC_Configuration  main.o
    0x08002f44   0x00000094   Code   RO         2809    i.USART_ClearFlag   stm32f10x_usart.o
    0x08002fd8   0x000000b4   Code   RO         2810    i.USART_ClearITPendingBit  stm32f10x_usart.o
    0x0800308c   0x0000007c   Code   RO         2813    i.USART_Cmd         stm32f10x_usart.o
    0x08003108   0x000000b4   Code   RO         2815    i.USART_DeInit      stm32f10x_usart.o
    0x080031bc   0x000000b8   Code   RO         2816    i.USART_GetFlagStatus  stm32f10x_usart.o
    0x08003274   0x0000010c   Code   RO         2817    i.USART_GetITStatus  stm32f10x_usart.o
    0x08003380   0x00000100   Code   RO         2819    i.USART_ITConfig    stm32f10x_usart.o
    0x08003480   0x000001a4   Code   RO         2820    i.USART_Init        stm32f10x_usart.o
    0x08003624   0x00000060   Code   RO         2827    i.USART_ReceiveData  stm32f10x_usart.o
    0x08003684   0x00000074   Code   RO         2830    i.USART_SendData    stm32f10x_usart.o
    0x080036f8   0x00000002   Code   RO         3295    i.UsageFault_Handler  stm32f10x_it.o
    0x080036fa   0x00000002   PAD
    0x080036fc   0x00000020   Code   RO         3901    i.__0printf$3       mc_w.l(printf3.o)
    0x0800371c   0x0000000e   Code   RO         4132    i.__scatterload_copy  mc_w.l(handlers.o)
    0x0800372a   0x00000002   Code   RO         4133    i.__scatterload_null  mc_w.l(handlers.o)
    0x0800372c   0x0000000e   Code   RO         4134    i.__scatterload_zeroinit  mc_w.l(handlers.o)
    0x0800373a   0x00000002   PAD
    0x0800373c   0x000001b8   Code   RO         3908    i._printf_core      mc_w.l(printf3.o)
    0x080038f4   0x00000054   Code   RO         3056    i.action_1          main.o
    0x08003948   0x0000003c   Code   RO         3058    i.assert_failed     main.o
    0x08003984   0x000000c4   Code   RO         3059    i.back_n_step       main.o
    0x08003a48   0x0000002e   Code   RO         3720    i.brake             tracking.o
    0x08003a76   0x00000016   Code   RO         3379    i.delay_nms         delay.o
    0x08003a8c   0x00000010   Code   RO         3380    i.delay_nus         delay.o
    0x08003a9c   0x0000003e   Code   RO         3598    i.exti_init         distance.o
    0x08003ada   0x00000040   Code   RO         3599    i.exti_init_1       distance.o
    0x08003b1a   0x00000002   PAD
    0x08003b1c   0x00000024   Code   RO         3511    i.fputc             usart.o
    0x08003b40   0x00000060   Code   RO         3060    i.go_1              main.o
    0x08003ba0   0x00000054   Code   RO         3061    i.go_back_1         main.o
    0x08003bf4   0x000000c8   Code   RO         3062    i.go_n_step         main.o
    0x08003cbc   0x0000001a   Code   RO         3721    i.gobackwards       tracking.o
    0x08003cd6   0x0000001a   Code   RO         3722    i.goforwards        tracking.o
    0x08003cf0   0x000000d0   Code   RO         3063    i.goforwards_distance  main.o
    0x08003dc0   0x000002a0   Code   RO         3064    i.main              main.o
    0x08004060   0x00000068   Code   RO         3065    i.nvic              main.o
    0x080040c8   0x00000060   Code   RO         3066    i.read1             main.o
    0x08004128   0x0000004c   Code   RO         3067    i.read2             main.o
    0x08004174   0x00000034   Code   RO         3398    i.setWheel          steeringengine.o
    0x080041a8   0x00000020   Code   RO         3600    i.timer2_IRQ_init   distance.o
    0x080041c8   0x00000040   Code   RO         3601    i.timer2_init       distance.o
    0x08004208   0x00000054   Code   RO         3069    i.track1            main.o
    0x0800425c   0x0000008c   Code   RO         3070    i.track2            main.o
    0x080042e8   0x00000050   Code   RO         3071    i.turn_0            main.o
    0x08004338   0x00000050   Code   RO         3073    i.turn_1            main.o
    0x08004388   0x00000048   Code   RO         3075    i.turn_2            main.o
    0x080043d0   0x00000070   Code   RO         3076    i.turn_22           main.o
    0x08004440   0x00000050   Code   RO         3079    i.turn_3            main.o
    0x08004490   0x0000001a   Code   RO         3725    i.turn_left         tracking.o
    0x080044aa   0x0000001a   Code   RO         3726    i.turn_right        tracking.o
    0x080044c4   0x000000a4   Code   RO         3512    i.uart1_init        usart.o
    0x08004568   0x000000b0   Code   RO         3513    i.uart2_init        usart.o
    0x08004618   0x00000028   Code   RO         3514    i.uart_receive_mydata1  usart.o
    0x08004640   0x00000028   Code   RO         3515    i.uart_receive_mydata2  usart.o
    0x08004668   0x00000030   Code   RO         3516    i.uart_send_mydata1  usart.o
    0x08004698   0x00000030   Code   RO         3517    i.uart_send_mydata2  usart.o
    0x080046c8   0x0000001e   Data   RO         3430    .constdata          rfid.o
    0x080046e6   0x00000002   PAD
    0x080046e8   0x00000020   Data   RO         4130    Region$$Table       anon$$obj.o


    Execution Region ER_RW (Base: 0x20000000, Size: 0x000000d4, Max: 0xffffffff, ABSOLUTE)

    Base Addr    Size         Type   Attr      Idx    E Section Name        Object

    0x20000000   0x00000014   Data   RW         1684    .data               stm32f10x_rcc.o
    0x20000014   0x0000003c   Data   RW         3081    .data               main.o
    0x20000050   0x00000001   Data   RW         3399    .data               steeringengine.o
    0x20000051   0x00000051   Data   RW         3431    .data               rfid.o
    0x200000a2   0x00000004   Data   RW         3519    .data               usart.o
    0x200000a6   0x00000002   PAD
    0x200000a8   0x00000004   Data   RW         3521    .data               usart.o
    0x200000ac   0x00000028   Data   RW         3602    .data               distance.o


    Execution Region ER_ZI (Base: 0x200000d4, Size: 0x00000424, Max: 0xffffffff, ABSOLUTE)

    Base Addr    Size         Type   Attr      Idx    E Section Name        Object

    0x200000d4   0x0000001e   Zero   RW         3518    .bss                usart.o
    0x200000f2   0x00000006   PAD
    0x200000f8   0x00000400   Zero   RW         3043    STACK               startup_stm32f10x_md.o


==============================================================================

Image component sizes


      Code (inc. data)   RO Data    RW Data    ZI Data      Debug   Object Name

       356         14          0          0          0       1667   configuration1.o
        38          0          0          0          0       1120   delay.o
      1042        108          0         40          0       8285   distance.o
      3068        224          0         60          0      14770   main.o
       232         38          0          0          0     254591   misc.o
       892         80         30         81          0       6232   rfid.o
        36          8        236          0       1024        812   startup_stm32f10x_md.o
       204         12          0          1          0       1350   steeringengine.o
       432         86          0          0          0       2024   stm32f10x_exti.o
      1464        338          0          0          0       4852   stm32f10x_gpio.o
        18          0          0          0          0       3678   stm32f10x_it.o
       484        128          0         20          0       5320   stm32f10x_rcc.o
      4124       1144          0          0          0      11584   stm32f10x_tim.o
      1972        458          0          0          0       7720   stm32f10x_usart.o
         8          0          0          0          0        397   sys.o
       248         24          0          0          0       1453   system_stm32f10x.o
       280          0          0          0          0       4389   tracking.o
       760         76          0          8         30       6709   usart.o

    ----------------------------------------------------------------------
     15672       2738        300        212       1060     336953   Object Totals
         0          0         32          0          0          0   (incl. Generated)
        14          0          2          2          6          0   (incl. Padding)

    ----------------------------------------------------------------------

      Code (inc. data)   RO Data    RW Data    ZI Data      Debug   Library Member Name

         0          0          0          0          0          0   entry.o
         0          0          0          0          0          0   entry10a.o
         0          0          0          0          0          0   entry11a.o
         8          4          0          0          0          0   entry2.o
         4          0          0          0          0          0   entry5.o
         0          0          0          0          0          0   entry7b.o
         0          0          0          0          0          0   entry8b.o
         8          4          0          0          0          0   entry9a.o
        30          0          0          0          0          0   handlers.o
        36          8          0          0          0         68   init.o
         0          0          0          0          0          0   iusefp.o
        30          0          0          0          0         68   llshl.o
        36          0          0          0          0         68   llsshr.o
        32          0          0          0          0         68   llushr.o
        36          0          0          0          0        108   memseta.o
       472         14          0          0          0        184   printf3.o
        44          0          0          0          0         80   uidiv.o
        20          0          0          0          0         68   cfcmple.o
        20          0          0          0          0         68   cfrcmple.o
       334          0          0          0          0        148   dadd.o
       222          0          0          0          0        100   ddiv.o
       186          0          0          0          0        176   depilogue.o
        62          0          0          0          0         80   dfixi.o
        34          0          0          0          0         76   dflti.o
       228          0          0          0          0         96   dmul.o
        38          0          0          0          0         68   f2d.o
       176          0          0          0          0        140   fadd.o
       110          0          0          0          0        168   fepilogue.o
        18          0          0          0          0         68   fflti.o
        24          0          0          0          0         68   fscalb.o

    ----------------------------------------------------------------------
      2212         30          0          0          0       1968   Library Totals
         4          0          0          0          0          0   (incl. Padding)

    ----------------------------------------------------------------------

      Code (inc. data)   RO Data    RW Data    ZI Data      Debug   Library Name

       736         30          0          0          0        644   mc_w.l
      1472          0          0          0          0       1324   mf_w.l

    ----------------------------------------------------------------------
      2212         30          0          0          0       1968   Library Totals

    ----------------------------------------------------------------------

==============================================================================


      Code (inc. data)   RO Data    RW Data    ZI Data      Debug   

     17884       2768        300        212       1060     331533   Grand Totals
     17884       2768        300        212       1060     331533   ELF Image Totals
     17884       2768        300        212          0          0   ROM Totals

==============================================================================

    Total RO  Size (Code + RO Data)                18184 (  17.76kB)
    Total RW  Size (RW Data + ZI Data)              1272 (   1.24kB)
    Total ROM Size (Code + RO Data + RW Data)      18396 (  17.96kB)

==============================================================================

